(cd c_runtime && make -f Makefile clean)
make[1]: Entering directory `/home/dietmarw/.workspace/OM_trunk/c_runtime'
cd ./libf2c && make -f makefile.u clean
make[2]: Entering directory `/home/dietmarw/.workspace/OM_trunk/c_runtime/libf2c'
rm -f libf2c.a *.o arith.h signal1.h sysdep1.h
make[2]: Leaving directory `/home/dietmarw/.workspace/OM_trunk/c_runtime/libf2c'
rm -f libc_runtime.a
rm -f libsim.a
rm -f  boolean_array.o index_spec.o integer_array.o memory_pool.o base_array.o real_array.o string_array.o read_write.o utility.o modelica_string.o bigden.o ddasrt.o  dlinpk.o  enorm.o   hybrd1.o  nelmead.o  qform.o   r1updt.o biglag.o  ddassl.o  dogleg.o  fdjac1.o  hybrj.o   newuoa.o   qrfac.o   trsapp.o daux.o    dlamch.o  dpmpar.o  hybrd.o   lsame.o   newuob.o   r1mpyq.o  update.o 
rm -f  simulation_runtime.o simulation_init.o simulation_input.o simulation_events.o solver_dasrt.o solver_euler.o simulation_result.o tables.o options.o dgesv_aux.o meta_modelica.o 
rm -f ../build/lib/libc_runtime.a
rm -f ../build/lib/libsim.a
rm -f ../build/lib/libf2c.*
cd ../build/include/ && rm -f blaswrap.h f2c.h integer_array.h memory_pool.h modelica_string.h base_array.h inline.h real_array.h string_array.h boolean_array.h index_spec.h matrix.h modelica.h read_write.h simulation_runtime.h simulation_events.h utility.h simulation_init.h simulation_input.h solver_dasrt.h solver_euler.h simulation_result.h meta_modelica.h sendData/sendData.h sendData/humbug.h
cd sendData && rm -fr release debug *sendData*.o *sendData*.a
rm -rf sendData/release sendData/debug
rm -f sendData.o sendData.a sendData/releasesendData.o
make[1]: Leaving directory `/home/dietmarw/.workspace/OM_trunk/c_runtime'
(cd Compiler/rml2sig && make -f Makefile clean)
make[1]: Entering directory `/home/dietmarw/.workspace/OM_trunk/Compiler/rml2sig'
rm -f rml2sig.c rml2sig
make[1]: Leaving directory `/home/dietmarw/.workspace/OM_trunk/Compiler/rml2sig'
(cd Compiler && make -f Makefile clean)
make[1]: Entering directory `/home/dietmarw/.workspace/OM_trunk/Compiler'
make[2]: Entering directory `/home/dietmarw/.workspace/OM_trunk/Compiler/runtime'
rm -f -rf *.o
make[2]: Leaving directory `/home/dietmarw/.workspace/OM_trunk/Compiler/runtime'
make[2]: Entering directory `/home/dietmarw/.workspace/OM_trunk/Compiler/absyn_builder'
rm -f *.o *~ core *.core walker absyn_builder.a
rm -f modelica_tree_parser.cpp modelica_tree_parser.hpp modelica_tree_parserTokenTypes.hpp modelica_tree_parserTokenTypes.txt modelica_parserTokenTypes.txt
make[2]: Leaving directory `/home/dietmarw/.workspace/OM_trunk/Compiler/absyn_builder'
make[2]: Entering directory `/home/dietmarw/.workspace/OM_trunk/Compiler/modpar'
rm -rf TaskGraphExt_stub.o
make[2]: Leaving directory `/home/dietmarw/.workspace/OM_trunk/Compiler/modpar'
(cd omc_release; make clean)
make[2]: Entering directory `/home/dietmarw/.workspace/OM_trunk/Compiler/omc_release'
for d in ../runtime ../absyn_builder ../modpar; do \
		(cd $d && make clean) \
	done
make[3]: Entering directory `/home/dietmarw/.workspace/OM_trunk/Compiler/runtime'
rm -f -rf *.o
make[3]: Leaving directory `/home/dietmarw/.workspace/OM_trunk/Compiler/runtime'
make[3]: Entering directory `/home/dietmarw/.workspace/OM_trunk/Compiler/absyn_builder'
rm -f *.o *~ core *.core walker absyn_builder.a
rm -f modelica_tree_parser.cpp modelica_tree_parser.hpp modelica_tree_parserTokenTypes.hpp modelica_tree_parserTokenTypes.txt modelica_parserTokenTypes.txt
make[3]: Leaving directory `/home/dietmarw/.workspace/OM_trunk/Compiler/absyn_builder'
make[3]: Entering directory `/home/dietmarw/.workspace/OM_trunk/Compiler/modpar'
rm -rf TaskGraphExt_stub.o
make[3]: Leaving directory `/home/dietmarw/.workspace/OM_trunk/Compiler/modpar'
(cd .. && rm -f Absyn.h Algorithm.h Builtin.h Ceval.h ClassInf.h ClassLoader.h Codegen.h Connect.h Convert.h DAE.h DAELow.h Derive.h Debug.h DFA.h Dump.h DumpGraphviz.h Constants.h Env.h Error.h Exp.h SCode.h Graphviz.h Inst.h Interactive.h Lookup.h Main.h MetaUtil.h Mod.h ModUtil.h Patternm.h Prefix.h Static.h SimCodegen.h Types.h TaskGraph.h Util.h Values.h VarTransform.h Refactor.h DAEQuery.h XMLDump.h)
rm -f -f Absyn.o Algorithm.o Builtin.o Ceval.o ClassInf.o ClassLoader.o Codegen.o Connect.o Convert.o DAE.o DAELow.o Derive.o Debug.o DFA.o Dump.o DumpGraphviz.o Constants.o Env.o Error.o Exp.o SCode.o Graphviz.o Inst.o Interactive.o Lookup.o Main.o MetaUtil.o Mod.o ModUtil.o Patternm.o Prefix.o Static.o SimCodegen.o Types.o TaskGraph.o Util.o Values.o VarTransform.o Refactor.o DAEQuery.o XMLDump.o Absyn.c Algorithm.c Builtin.c Ceval.c ClassInf.c ClassLoader.c Codegen.c Connect.c Convert.c DAE.c DAELow.c Derive.c Debug.c DFA.c Dump.c DumpGraphviz.c Constants.c Env.c Error.c Exp.c SCode.c Graphviz.c Inst.c Interactive.c Lookup.c Main.c MetaUtil.c Mod.c ModUtil.c Patternm.c Prefix.c Static.c SimCodegen.c Types.c TaskGraph.c Util.c Values.c VarTransform.c Refactor.c DAEQuery.c XMLDump.c Absyn.h Algorithm.h Builtin.h Ceval.h ClassInf.h ClassLoader.h Codegen.h Connect.h Convert.h DAE.h DAELow.h Derive.h Debug.h DFA.h Dump.h DumpGraphviz.h Constants.h Env.h Error.h Exp.h SCode.h Graphviz.h Inst.h Interactive.h Lookup.h Main.h MetaUtil.h Mod.h ModUtil.h Patternm.h Prefix.h Static.h SimCodegen.h Types.h TaskGraph.h Util.h Values.h VarTransform.h Refactor.h DAEQuery.h XMLDump.h omc *~ Absyn.srz Algorithm.srz Builtin.srz Ceval.srz ClassInf.srz ClassLoader.srz Codegen.srz Connect.srz Convert.srz DAE.srz DAELow.srz Derive.srz Debug.srz DFA.srz Dump.srz DumpGraphviz.srz Constants.srz Env.srz Error.srz Exp.srz SCode.srz Graphviz.srz Inst.srz Interactive.srz Lookup.srz Main.srz MetaUtil.srz Mod.srz ModUtil.srz Patternm.srz Prefix.srz Static.srz SimCodegen.srz Types.srz TaskGraph.srz Util.srz Values.srz VarTransform.srz Refactor.srz DAEQuery.srz XMLDump.srz DAEEXT.srz Print.srz RTOpts.srz System.srz Parser.srz TaskGraphExt.srz Corba.srz Socket.srz ErrorExt.srz Settings.srz
make[2]: Leaving directory `/home/dietmarw/.workspace/OM_trunk/Compiler/omc_release'
rm -f -f Absyn.h Algorithm.h Builtin.h Ceval.h ClassInf.h ClassLoader.h Codegen.h Connect.h Convert.h DAE.h DAELow.h Derive.h Debug.h DFA.h Dump.h DumpGraphviz.h Constants.h Env.h Error.h Exp.h SCode.h Graphviz.h Inst.h Interactive.h Lookup.h Main.h MetaUtil.h Mod.h ModUtil.h Patternm.h Prefix.h Static.h SimCodegen.h Types.h TaskGraph.h Util.h Values.h VarTransform.h Refactor.h DAEQuery.h XMLDump.h
rm -f -f ../build/bin/omc
cd ../build/bin && rm -f Compile Compile.bat doPlot doPlot.bat doPlot.Cygwin && rm -f omc_helptext.txt omc_interactive_api.txt
cd ../build/doc && rm -f omc_helptext.txt omc_interactive_api.txt
make[1]: Leaving directory `/home/dietmarw/.workspace/OM_trunk/Compiler'
(cd Compiler/omc_debug && make -f Makefile clean)
make[1]: Entering directory `/home/dietmarw/.workspace/OM_trunk/Compiler/omc_debug'
for d in ../runtime ../absyn_builder ../modpar; do \
		(cd $d && make clean) \
	done
make[2]: Entering directory `/home/dietmarw/.workspace/OM_trunk/Compiler/runtime'
rm -f -rf *.o
make[2]: Leaving directory `/home/dietmarw/.workspace/OM_trunk/Compiler/runtime'
make[2]: Entering directory `/home/dietmarw/.workspace/OM_trunk/Compiler/absyn_builder'
rm -f *.o *~ core *.core walker absyn_builder.a
rm -f modelica_tree_parser.cpp modelica_tree_parser.hpp modelica_tree_parserTokenTypes.hpp modelica_tree_parserTokenTypes.txt modelica_parserTokenTypes.txt
make[2]: Leaving directory `/home/dietmarw/.workspace/OM_trunk/Compiler/absyn_builder'
make[2]: Entering directory `/home/dietmarw/.workspace/OM_trunk/Compiler/modpar'
rm -rf TaskGraphExt_stub.o
make[2]: Leaving directory `/home/dietmarw/.workspace/OM_trunk/Compiler/modpar'
(cd .. && rm -f Absyn.h Algorithm.h Builtin.h Ceval.h ClassInf.h ClassLoader.h Codegen.h Connect.h Convert.h DAE.h DAELow.h Derive.h Debug.h DFA.h Dump.h DumpGraphviz.h Constants.h Env.h Error.h Exp.h SCode.h Graphviz.h Inst.h Interactive.h Lookup.h Main.h MetaUtil.h Mod.h ModUtil.h Patternm.h Prefix.h Static.h SimCodegen.h Types.h TaskGraph.h Util.h Values.h VarTransform.h Refactor.h DAEQuery.h XMLDump.h)
rm -f -f Absyn.o Algorithm.o Builtin.o Ceval.o ClassInf.o ClassLoader.o Codegen.o Connect.o Convert.o DAE.o DAELow.o Derive.o Debug.o DFA.o Dump.o DumpGraphviz.o Constants.o Env.o Error.o Exp.o SCode.o Graphviz.o Inst.o Interactive.o Lookup.o Main.o MetaUtil.o Mod.o ModUtil.o Patternm.o Prefix.o Static.o SimCodegen.o Types.o TaskGraph.o Util.o Values.o VarTransform.o Refactor.o DAEQuery.o XMLDump.o Absyn.c Algorithm.c Builtin.c Ceval.c ClassInf.c ClassLoader.c Codegen.c Connect.c Convert.c DAE.c DAELow.c Derive.c Debug.c DFA.c Dump.c DumpGraphviz.c Constants.c Env.c Error.c Exp.c SCode.c Graphviz.c Inst.c Interactive.c Lookup.c Main.c MetaUtil.c Mod.c ModUtil.c Patternm.c Prefix.c Static.c SimCodegen.c Types.c TaskGraph.c Util.c Values.c VarTransform.c Refactor.c DAEQuery.c XMLDump.c Absyn.h Algorithm.h Builtin.h Ceval.h ClassInf.h ClassLoader.h Codegen.h Connect.h Convert.h DAE.h DAELow.h Derive.h Debug.h DFA.h Dump.h DumpGraphviz.h Constants.h Env.h Error.h Exp.h SCode.h Graphviz.h Inst.h Interactive.h Lookup.h Main.h MetaUtil.h Mod.h ModUtil.h Patternm.h Prefix.h Static.h SimCodegen.h Types.h TaskGraph.h Util.h Values.h VarTransform.h Refactor.h DAEQuery.h XMLDump.h omcd *~ Absyn.srz Algorithm.srz Builtin.srz Ceval.srz ClassInf.srz ClassLoader.srz Codegen.srz Connect.srz Convert.srz DAE.srz DAELow.srz Derive.srz Debug.srz DFA.srz Dump.srz DumpGraphviz.srz Constants.srz Env.srz Error.srz Exp.srz SCode.srz Graphviz.srz Inst.srz Interactive.srz Lookup.srz Main.srz MetaUtil.srz Mod.srz ModUtil.srz Patternm.srz Prefix.srz Static.srz SimCodegen.srz Types.srz TaskGraph.srz Util.srz Values.srz VarTransform.srz Refactor.srz DAEQuery.srz XMLDump.srz DAEEXT.srz Print.srz RTOpts.srz System.srz Parser.srz TaskGraphExt.srz Corba.srz Socket.srz ErrorExt.srz Settings.srz Absyn.sig Algorithm.sig Builtin.sig Ceval.sig ClassInf.sig ClassLoader.sig Codegen.sig Connect.sig Convert.sig DAE.sig DAELow.sig Derive.sig Debug.sig DFA.sig Dump.sig DumpGraphviz.sig Constants.sig Env.sig Error.sig Exp.sig SCode.sig Graphviz.sig Inst.sig Interactive.sig Lookup.sig Main.sig MetaUtil.sig Mod.sig ModUtil.sig Patternm.sig Prefix.sig Static.sig SimCodegen.sig Types.sig TaskGraph.sig Util.sig Values.sig VarTransform.sig Refactor.sig DAEQuery.sig XMLDump.sig DAEEXT.sig Print.sig RTOpts.sig System.sig Parser.sig TaskGraphExt.sig Corba.sig Socket.sig ErrorExt.sig Settings.sig
make[1]: Leaving directory `/home/dietmarw/.workspace/OM_trunk/Compiler/omc_debug'
(cd Compiler/omc_release && make -f Makefile clean)
make[1]: Entering directory `/home/dietmarw/.workspace/OM_trunk/Compiler/omc_release'
for d in ../runtime ../absyn_builder ../modpar; do \
		(cd $d && make clean) \
	done
make[2]: Entering directory `/home/dietmarw/.workspace/OM_trunk/Compiler/runtime'
rm -f -rf *.o
make[2]: Leaving directory `/home/dietmarw/.workspace/OM_trunk/Compiler/runtime'
make[2]: Entering directory `/home/dietmarw/.workspace/OM_trunk/Compiler/absyn_builder'
rm -f *.o *~ core *.core walker absyn_builder.a
rm -f modelica_tree_parser.cpp modelica_tree_parser.hpp modelica_tree_parserTokenTypes.hpp modelica_tree_parserTokenTypes.txt modelica_parserTokenTypes.txt
make[2]: Leaving directory `/home/dietmarw/.workspace/OM_trunk/Compiler/absyn_builder'
make[2]: Entering directory `/home/dietmarw/.workspace/OM_trunk/Compiler/modpar'
rm -rf TaskGraphExt_stub.o
make[2]: Leaving directory `/home/dietmarw/.workspace/OM_trunk/Compiler/modpar'
(cd .. && rm -f Absyn.h Algorithm.h Builtin.h Ceval.h ClassInf.h ClassLoader.h Codegen.h Connect.h Convert.h DAE.h DAELow.h Derive.h Debug.h DFA.h Dump.h DumpGraphviz.h Constants.h Env.h Error.h Exp.h SCode.h Graphviz.h Inst.h Interactive.h Lookup.h Main.h MetaUtil.h Mod.h ModUtil.h Patternm.h Prefix.h Static.h SimCodegen.h Types.h TaskGraph.h Util.h Values.h VarTransform.h Refactor.h DAEQuery.h XMLDump.h)
rm -f -f Absyn.o Algorithm.o Builtin.o Ceval.o ClassInf.o ClassLoader.o Codegen.o Connect.o Convert.o DAE.o DAELow.o Derive.o Debug.o DFA.o Dump.o DumpGraphviz.o Constants.o Env.o Error.o Exp.o SCode.o Graphviz.o Inst.o Interactive.o Lookup.o Main.o MetaUtil.o Mod.o ModUtil.o Patternm.o Prefix.o Static.o SimCodegen.o Types.o TaskGraph.o Util.o Values.o VarTransform.o Refactor.o DAEQuery.o XMLDump.o Absyn.c Algorithm.c Builtin.c Ceval.c ClassInf.c ClassLoader.c Codegen.c Connect.c Convert.c DAE.c DAELow.c Derive.c Debug.c DFA.c Dump.c DumpGraphviz.c Constants.c Env.c Error.c Exp.c SCode.c Graphviz.c Inst.c Interactive.c Lookup.c Main.c MetaUtil.c Mod.c ModUtil.c Patternm.c Prefix.c Static.c SimCodegen.c Types.c TaskGraph.c Util.c Values.c VarTransform.c Refactor.c DAEQuery.c XMLDump.c Absyn.h Algorithm.h Builtin.h Ceval.h ClassInf.h ClassLoader.h Codegen.h Connect.h Convert.h DAE.h DAELow.h Derive.h Debug.h DFA.h Dump.h DumpGraphviz.h Constants.h Env.h Error.h Exp.h SCode.h Graphviz.h Inst.h Interactive.h Lookup.h Main.h MetaUtil.h Mod.h ModUtil.h Patternm.h Prefix.h Static.h SimCodegen.h Types.h TaskGraph.h Util.h Values.h VarTransform.h Refactor.h DAEQuery.h XMLDump.h omc *~ Absyn.srz Algorithm.srz Builtin.srz Ceval.srz ClassInf.srz ClassLoader.srz Codegen.srz Connect.srz Convert.srz DAE.srz DAELow.srz Derive.srz Debug.srz DFA.srz Dump.srz DumpGraphviz.srz Constants.srz Env.srz Error.srz Exp.srz SCode.srz Graphviz.srz Inst.srz Interactive.srz Lookup.srz Main.srz MetaUtil.srz Mod.srz ModUtil.srz Patternm.srz Prefix.srz Static.srz SimCodegen.srz Types.srz TaskGraph.srz Util.srz Values.srz VarTransform.srz Refactor.srz DAEQuery.srz XMLDump.srz DAEEXT.srz Print.srz RTOpts.srz System.srz Parser.srz TaskGraphExt.srz Corba.srz Socket.srz ErrorExt.srz Settings.srz
make[1]: Leaving directory `/home/dietmarw/.workspace/OM_trunk/Compiler/omc_release'
(cd mosh/src && make -f Makefile clean)
make[1]: Entering directory `/home/dietmarw/.workspace/OM_trunk/mosh/src'
rm -f *.o *~ core *.core OMShell-terminal ../../build/bin/OMShell-terminal
make[1]: Leaving directory `/home/dietmarw/.workspace/OM_trunk/mosh/src'
(cd modelica_parser/src && make -f Makefile clean)
make[1]: Entering directory `/home/dietmarw/.workspace/OM_trunk/modelica_parser/src'
rm -f *.o *~ core *.core libmodelica_parser.a
make[1]: Leaving directory `/home/dietmarw/.workspace/OM_trunk/modelica_parser/src'
(cd flat_modelica_parser/src && make -f Makefile clean)
make[1]: Entering directory `/home/dietmarw/.workspace/OM_trunk/flat_modelica_parser/src'
rm -f *.o *~ core *.core libflat_modelica_parser.a
make[1]: Leaving directory `/home/dietmarw/.workspace/OM_trunk/flat_modelica_parser/src'
(rm -f ./build/doc/*.pdf)
(rm -f ./build/doc/testmodels/*.*)
(cd OMShell && qmake && make clean)
make[1]: Entering directory `/home/dietmarw/.workspace/OM_trunk/OMShell'
rm -f moc_commandcompletion.cpp moc_omc_communicator.cpp moc_oms.cpp
rm -f qrc_oms.cpp
rm -f commandcompletion.o omc_communication.o omc_communicator.o omcinteractiveenvironment.o oms.o main.o moc_commandcompletion.o moc_omc_communicator.o moc_oms.o qrc_oms.o
rm -f *~ core *.core
make[1]: Leaving directory `/home/dietmarw/.workspace/OM_trunk/OMShell'
(cd OMNotebook/ext && qmake && make clean)
sh: coin-config: not found
sh: soqt-config: not found
sh: coin-config: not found
sh: soqt-config: not found
make[1]: Entering directory `/home/dietmarw/.workspace/OM_trunk/OMNotebook/ext'
rm -f moc_legendLabel.cpp moc_compoundWidget.cpp moc_graphWindow.cpp moc_graphWidget.cpp moc_preferenceWindow.cpp moc_variablewindow.cpp moc_VisualizationWidget.cpp
rm -f ui_compoundWidget.h ui_dataSelect.h ui_graphWindow.h ui_preferences.h ui_newgraph.h
rm -f e.o compoundWidget.o dataSelect.o graphWindow.o curve.o point.o legendLabel.o graphWidget.o line2D.o lineGroup.o preferenceWindow.o variableData.o variablewindow.o VisualizationWidget.o SimulationData.o moc_legendLabel.o moc_compoundWidget.o moc_graphWindow.o moc_graphWidget.o moc_preferenceWindow.o moc_variablewindow.o moc_VisualizationWidget.o
rm -f *~ core *.core
make[1]: Leaving directory `/home/dietmarw/.workspace/OM_trunk/OMNotebook/ext'
(cd OMNotebook/OMNotebookQT4 && qmake && make clean)
sh: coin-config: not found
sh: soqt-config: not found
sh: coin-config: not found
sh: soqt-config: not found
make[1]: Entering directory `/home/dietmarw/.workspace/OM_trunk/OMNotebook/OMNotebookQT4'
rm -f moc_omc_communicator.cpp moc_cellapplication.cpp moc_notebooksocket.cpp moc_stylesheet.cpp moc_cellcursor.cpp moc_document.cpp moc_textcell.cpp moc_celldocument.cpp moc_documentview.cpp moc_treeview.cpp moc_cellgroup.cpp moc_qcombobox_search.cpp moc_cell.cpp moc_inputcell.cpp moc_commandcompletion.cpp moc_notebook.cpp moc_searchform.cpp moc_graphcell.cpp moc_legendLabel.cpp moc_compoundWidget.cpp moc_graphWindow.cpp moc_graphWidget.cpp moc_preferenceWindow.cpp moc_variablewindow.cpp moc_VisualizationWidget.cpp
rm -f qrc_res_qt.cpp
rm -f ui_ImageSizeDlg.h ui_OtherDlg.h ui_searchform.h ui_compoundWidget.h ui_dataSelect.h ui_graphWindow.h ui_preferences.h ui_newgraph.h
rm -f AntlrNotebookLexer.o AntlrNotebookParser.o AntlrNotebookTreeParser.o cellapplication.o cellparserfactory.o omc_communicator.o omc_communication.o stylesheet.o cellcommandcenter.o chaptercountervisitor.o omcinteractiveenvironment.o textcell.o cellcommands.o commandcompletion.o openmodelicahighlighter.o textcursorcommands.o cell.o printervisitor.o treeview.o cellcursor.o highlighterthread.o puretextvisitor.o updategroupcellvisitor.o celldocument.o inputcell.o qcombobox_search.o updatelinkvisitor.o cellfactory.o notebook.o qtapp.o xmlparser.o notebookparser.o searchform.o cellgroup.o notebooksocket.o serializingvisitor.o graphcell.o evalthread.o indent.o compoundWidget.o dataSelect.o graphWindow.o curve.o point.o legendLabel.o graphWidget.o line2D.o lineGroup.o preferenceWindow.o variableData.o variablewindow.o SimulationData.o VisualizationWidget.o moc_omc_communicator.o moc_cellapplication.o moc_notebooksocket.o moc_stylesheet.o moc_cellcursor.o moc_document.o moc_textcell.o moc_celldocument.o moc_documentview.o moc_treeview.o moc_cellgroup.o moc_qcombobox_search.o moc_cell.o moc_inputcell.o moc_commandcompletion.o moc_notebook.o moc_searchform.o moc_graphcell.o moc_legendLabel.o moc_compoundWidget.o moc_graphWindow.o moc_graphWidget.o moc_preferenceWindow.o moc_variablewindow.o moc_VisualizationWidget.o qrc_res_qt.o
rm -f *~ core *.core
make[1]: Leaving directory `/home/dietmarw/.workspace/OM_trunk/OMNotebook/OMNotebookQT4'
(rm -f ./build/bin/OMShell)
(rm -f ./build/bin/OMNotebook)
(rm -f ./build/bin/ext)
(rm -f ./build/bin/*.xml)
mkdir -p ./build/bin
mkdir -p ./build/lib
mkdir -p ./build/include
mkdir -p ./build/doc
mkdir -p ./build/doc/testmodels
(cd c_runtime && make -f Makefile)
make[1]: Entering directory `/home/dietmarw/.workspace/OM_trunk/c_runtime'
g++  -Wall -O3 `case i686 in i[3456]86) echo "-msse2 -mfpmath=sse";; x86_64) echo "-msse2 -mfpmath=sse -fPIC";; *) echo "";; esac` -fexceptions -ansi -pedantic -I.   -c -o simulation_runtime.o simulation_runtime.cpp
simulation_runtime.cpp: In function ‘int main(int, char**)’:
simulation_runtime.cpp:206: warning: deprecated conversion from string constant to ‘char*’
simulation_runtime.cpp:222: warning: deprecated conversion from string constant to ‘char*’
g++  -Wall -O3 `case i686 in i[3456]86) echo "-msse2 -mfpmath=sse";; x86_64) echo "-msse2 -mfpmath=sse -fPIC";; *) echo "";; esac` -fexceptions -ansi -pedantic -I.   -c -o simulation_init.o simulation_init.cpp
g++  -Wall -O3 `case i686 in i[3456]86) echo "-msse2 -mfpmath=sse";; x86_64) echo "-msse2 -mfpmath=sse -fPIC";; *) echo "";; esac` -fexceptions -ansi -pedantic -I.   -c -o simulation_input.o simulation_input.cpp
g++  -Wall -O3 `case i686 in i[3456]86) echo "-msse2 -mfpmath=sse";; x86_64) echo "-msse2 -mfpmath=sse -fPIC";; *) echo "";; esac` -fexceptions -ansi -pedantic -I.   -c -o simulation_events.o simulation_events.cpp
simulation_events.cpp: In function ‘bool change(double&)’:
simulation_events.cpp:426: warning: suggest parentheses around && within ||
g++  -Wall -O3 `case i686 in i[3456]86) echo "-msse2 -mfpmath=sse";; x86_64) echo "-msse2 -mfpmath=sse -fPIC";; *) echo "";; esac` -fexceptions -ansi -pedantic -I.   -c -o solver_dasrt.o solver_dasrt.cpp
solver_dasrt.cpp: In function ‘double calcTinyStep(double)’:
solver_dasrt.cpp:64: warning: deprecated conversion from string constant to ‘char*’
solver_dasrt.cpp: In function ‘int dassl_main(int, char**, double&, double&, double&, long int&, double&)’:
solver_dasrt.cpp:92: warning: deprecated conversion from string constant to ‘char*’
g++  -Wall -O3 `case i686 in i[3456]86) echo "-msse2 -mfpmath=sse";; x86_64) echo "-msse2 -mfpmath=sse -fPIC";; *) echo "";; esac` -fexceptions -ansi -pedantic -I.   -c -o solver_euler.o solver_euler.cpp
solver_euler.cpp: In function ‘int euler_main(int, char**, double&, double&, double&, long int&, double&)’:
solver_euler.cpp:54: warning: deprecated conversion from string constant to ‘char*’
g++  -Wall -O3 `case i686 in i[3456]86) echo "-msse2 -mfpmath=sse";; x86_64) echo "-msse2 -mfpmath=sse -fPIC";; *) echo "";; esac` -fexceptions -ansi -pedantic -I.   -c -o simulation_result.o simulation_result.cpp
g++  -Wall -O3 `case i686 in i[3456]86) echo "-msse2 -mfpmath=sse";; x86_64) echo "-msse2 -mfpmath=sse -fPIC";; *) echo "";; esac` -fexceptions -ansi -pedantic -I.   -c -o tables.o tables.cpp
g++  -Wall -O3 `case i686 in i[3456]86) echo "-msse2 -mfpmath=sse";; x86_64) echo "-msse2 -mfpmath=sse -fPIC";; *) echo "";; esac` -fexceptions -ansi -pedantic -I.   -c -o options.o options.cpp
gcc -Wall -O3 `case i686 in i[3456]86) echo "-msse2 -mfpmath=sse";; x86_64) echo "-msse2 -mfpmath=sse -fPIC";; *) echo "";; esac` -fexceptions -ansi -pedantic -I.  -Wall -O3 `case i686 in i[3456]86) echo "-msse2 -mfpmath=sse";; x86_64) echo "-msse2 -mfpmath=sse -fPIC";; *) echo "";; esac` -fexceptions -ansi -pedantic -I.   -c -o dgesv_aux.o dgesv_aux.c
gcc -Wall -O3 `case i686 in i[3456]86) echo "-msse2 -mfpmath=sse";; x86_64) echo "-msse2 -mfpmath=sse -fPIC";; *) echo "";; esac` -fexceptions -ansi -pedantic -I.  -Wall -O3 `case i686 in i[3456]86) echo "-msse2 -mfpmath=sse";; x86_64) echo "-msse2 -mfpmath=sse -fPIC";; *) echo "";; esac` -fexceptions -ansi -pedantic -I.   -c -o meta_modelica.o meta_modelica.c
gcc -Wall -O3 `case i686 in i[3456]86) echo "-msse2 -mfpmath=sse";; x86_64) echo "-msse2 -mfpmath=sse -fPIC";; *) echo "";; esac` -fexceptions -ansi -pedantic -I.  -Wall -O3 `case i686 in i[3456]86) echo "-msse2 -mfpmath=sse";; x86_64) echo "-msse2 -mfpmath=sse -fPIC";; *) echo "";; esac` -fexceptions -ansi -pedantic -I.   -c -o boolean_array.o boolean_array.c
gcc -Wall -O3 `case i686 in i[3456]86) echo "-msse2 -mfpmath=sse";; x86_64) echo "-msse2 -mfpmath=sse -fPIC";; *) echo "";; esac` -fexceptions -ansi -pedantic -I.  -Wall -O3 `case i686 in i[3456]86) echo "-msse2 -mfpmath=sse";; x86_64) echo "-msse2 -mfpmath=sse -fPIC";; *) echo "";; esac` -fexceptions -ansi -pedantic -I.   -c -o index_spec.o index_spec.c
gcc -Wall -O3 `case i686 in i[3456]86) echo "-msse2 -mfpmath=sse";; x86_64) echo "-msse2 -mfpmath=sse -fPIC";; *) echo "";; esac` -fexceptions -ansi -pedantic -I.  -Wall -O3 `case i686 in i[3456]86) echo "-msse2 -mfpmath=sse";; x86_64) echo "-msse2 -mfpmath=sse -fPIC";; *) echo "";; esac` -fexceptions -ansi -pedantic -I.   -c -o integer_array.o integer_array.c
gcc -Wall -O3 `case i686 in i[3456]86) echo "-msse2 -mfpmath=sse";; x86_64) echo "-msse2 -mfpmath=sse -fPIC";; *) echo "";; esac` -fexceptions -ansi -pedantic -I.  -Wall -O3 `case i686 in i[3456]86) echo "-msse2 -mfpmath=sse";; x86_64) echo "-msse2 -mfpmath=sse -fPIC";; *) echo "";; esac` -fexceptions -ansi -pedantic -I.   -c -o memory_pool.o memory_pool.c
gcc -Wall -O3 `case i686 in i[3456]86) echo "-msse2 -mfpmath=sse";; x86_64) echo "-msse2 -mfpmath=sse -fPIC";; *) echo "";; esac` -fexceptions -ansi -pedantic -I.  -Wall -O3 `case i686 in i[3456]86) echo "-msse2 -mfpmath=sse";; x86_64) echo "-msse2 -mfpmath=sse -fPIC";; *) echo "";; esac` -fexceptions -ansi -pedantic -I.   -c -o base_array.o base_array.c
gcc -Wall -O3 `case i686 in i[3456]86) echo "-msse2 -mfpmath=sse";; x86_64) echo "-msse2 -mfpmath=sse -fPIC";; *) echo "";; esac` -fexceptions -ansi -pedantic -I.  -Wall -O3 `case i686 in i[3456]86) echo "-msse2 -mfpmath=sse";; x86_64) echo "-msse2 -mfpmath=sse -fPIC";; *) echo "";; esac` -fexceptions -ansi -pedantic -I.   -c -o real_array.o real_array.c
gcc -Wall -O3 `case i686 in i[3456]86) echo "-msse2 -mfpmath=sse";; x86_64) echo "-msse2 -mfpmath=sse -fPIC";; *) echo "";; esac` -fexceptions -ansi -pedantic -I.  -Wall -O3 `case i686 in i[3456]86) echo "-msse2 -mfpmath=sse";; x86_64) echo "-msse2 -mfpmath=sse -fPIC";; *) echo "";; esac` -fexceptions -ansi -pedantic -I.   -c -o string_array.o string_array.c
gcc -Wall -O3 `case i686 in i[3456]86) echo "-msse2 -mfpmath=sse";; x86_64) echo "-msse2 -mfpmath=sse -fPIC";; *) echo "";; esac` -fexceptions -ansi -pedantic -I.  -Wall -O3 `case i686 in i[3456]86) echo "-msse2 -mfpmath=sse";; x86_64) echo "-msse2 -mfpmath=sse -fPIC";; *) echo "";; esac` -fexceptions -ansi -pedantic -I.   -c -o read_write.o read_write.c
gcc -Wall -O3 `case i686 in i[3456]86) echo "-msse2 -mfpmath=sse";; x86_64) echo "-msse2 -mfpmath=sse -fPIC";; *) echo "";; esac` -fexceptions -ansi -pedantic -I.  -Wall -O3 `case i686 in i[3456]86) echo "-msse2 -mfpmath=sse";; x86_64) echo "-msse2 -mfpmath=sse -fPIC";; *) echo "";; esac` -fexceptions -ansi -pedantic -I.   -c -o utility.o utility.c
gcc -Wall -O3 `case i686 in i[3456]86) echo "-msse2 -mfpmath=sse";; x86_64) echo "-msse2 -mfpmath=sse -fPIC";; *) echo "";; esac` -fexceptions -ansi -pedantic -I.  -Wall -O3 `case i686 in i[3456]86) echo "-msse2 -mfpmath=sse";; x86_64) echo "-msse2 -mfpmath=sse -fPIC";; *) echo "";; esac` -fexceptions -ansi -pedantic -I.   -c -o modelica_string.o modelica_string.c
gcc -Wall -O3 `case i686 in i[3456]86) echo "-msse2 -mfpmath=sse";; x86_64) echo "-msse2 -mfpmath=sse -fPIC";; *) echo "";; esac` -fexceptions -ansi -pedantic -I.  -Wall -O3 `case i686 in i[3456]86) echo "-msse2 -mfpmath=sse";; x86_64) echo "-msse2 -mfpmath=sse -fPIC";; *) echo "";; esac` -fexceptions -ansi -pedantic -I.   -c -o bigden.o bigden.c
gcc -Wall -O3 `case i686 in i[3456]86) echo "-msse2 -mfpmath=sse";; x86_64) echo "-msse2 -mfpmath=sse -fPIC";; *) echo "";; esac` -fexceptions -ansi -pedantic -I.  -Wall -O3 `case i686 in i[3456]86) echo "-msse2 -mfpmath=sse";; x86_64) echo "-msse2 -mfpmath=sse -fPIC";; *) echo "";; esac` -fexceptions -ansi -pedantic -I.   -c -o ddasrt.o ddasrt.c
gcc -Wall -O3 `case i686 in i[3456]86) echo "-msse2 -mfpmath=sse";; x86_64) echo "-msse2 -mfpmath=sse -fPIC";; *) echo "";; esac` -fexceptions -ansi -pedantic -I.  -Wall -O3 `case i686 in i[3456]86) echo "-msse2 -mfpmath=sse";; x86_64) echo "-msse2 -mfpmath=sse -fPIC";; *) echo "";; esac` -fexceptions -ansi -pedantic -I.   -c -o dlinpk.o dlinpk.c
gcc -Wall -O3 `case i686 in i[3456]86) echo "-msse2 -mfpmath=sse";; x86_64) echo "-msse2 -mfpmath=sse -fPIC";; *) echo "";; esac` -fexceptions -ansi -pedantic -I.  -Wall -O3 `case i686 in i[3456]86) echo "-msse2 -mfpmath=sse";; x86_64) echo "-msse2 -mfpmath=sse -fPIC";; *) echo "";; esac` -fexceptions -ansi -pedantic -I.   -c -o enorm.o enorm.c
enorm.c: In function ‘enorm_’:
enorm.c:26: warning: ‘ret_val’ may be used uninitialized in this function
gcc -Wall -O3 `case i686 in i[3456]86) echo "-msse2 -mfpmath=sse";; x86_64) echo "-msse2 -mfpmath=sse -fPIC";; *) echo "";; esac` -fexceptions -ansi -pedantic -I.  -Wall -O3 `case i686 in i[3456]86) echo "-msse2 -mfpmath=sse";; x86_64) echo "-msse2 -mfpmath=sse -fPIC";; *) echo "";; esac` -fexceptions -ansi -pedantic -I.   -c -o hybrd1.o hybrd1.c
gcc -Wall -O3 `case i686 in i[3456]86) echo "-msse2 -mfpmath=sse";; x86_64) echo "-msse2 -mfpmath=sse -fPIC";; *) echo "";; esac` -fexceptions -ansi -pedantic -I.  -Wall -O3 `case i686 in i[3456]86) echo "-msse2 -mfpmath=sse";; x86_64) echo "-msse2 -mfpmath=sse -fPIC";; *) echo "";; esac` -fexceptions -ansi -pedantic -I.   -c -o nelmead.o nelmead.c
gcc -Wall -O3 `case i686 in i[3456]86) echo "-msse2 -mfpmath=sse";; x86_64) echo "-msse2 -mfpmath=sse -fPIC";; *) echo "";; esac` -fexceptions -ansi -pedantic -I.  -Wall -O3 `case i686 in i[3456]86) echo "-msse2 -mfpmath=sse";; x86_64) echo "-msse2 -mfpmath=sse -fPIC";; *) echo "";; esac` -fexceptions -ansi -pedantic -I.   -c -o qform.o qform.c
gcc -Wall -O3 `case i686 in i[3456]86) echo "-msse2 -mfpmath=sse";; x86_64) echo "-msse2 -mfpmath=sse -fPIC";; *) echo "";; esac` -fexceptions -ansi -pedantic -I.  -Wall -O3 `case i686 in i[3456]86) echo "-msse2 -mfpmath=sse";; x86_64) echo "-msse2 -mfpmath=sse -fPIC";; *) echo "";; esac` -fexceptions -ansi -pedantic -I.   -c -o r1updt.o r1updt.c
gcc -Wall -O3 `case i686 in i[3456]86) echo "-msse2 -mfpmath=sse";; x86_64) echo "-msse2 -mfpmath=sse -fPIC";; *) echo "";; esac` -fexceptions -ansi -pedantic -I.  -Wall -O3 `case i686 in i[3456]86) echo "-msse2 -mfpmath=sse";; x86_64) echo "-msse2 -mfpmath=sse -fPIC";; *) echo "";; esac` -fexceptions -ansi -pedantic -I.   -c -o biglag.o biglag.c
gcc -Wall -O3 `case i686 in i[3456]86) echo "-msse2 -mfpmath=sse";; x86_64) echo "-msse2 -mfpmath=sse -fPIC";; *) echo "";; esac` -fexceptions -ansi -pedantic -I.  -Wall -O3 `case i686 in i[3456]86) echo "-msse2 -mfpmath=sse";; x86_64) echo "-msse2 -mfpmath=sse -fPIC";; *) echo "";; esac` -fexceptions -ansi -pedantic -I.   -c -o ddassl.o ddassl.c
ddassl.c: In function ‘xermsg_’:
ddassl.c:4244: warning: suggest parentheses around && within ||
ddassl.c:4297: warning: suggest parentheses around && within ||
gcc -Wall -O3 `case i686 in i[3456]86) echo "-msse2 -mfpmath=sse";; x86_64) echo "-msse2 -mfpmath=sse -fPIC";; *) echo "";; esac` -fexceptions -ansi -pedantic -I.  -Wall -O3 `case i686 in i[3456]86) echo "-msse2 -mfpmath=sse";; x86_64) echo "-msse2 -mfpmath=sse -fPIC";; *) echo "";; esac` -fexceptions -ansi -pedantic -I.   -c -o dogleg.o dogleg.c
gcc -Wall -O3 `case i686 in i[3456]86) echo "-msse2 -mfpmath=sse";; x86_64) echo "-msse2 -mfpmath=sse -fPIC";; *) echo "";; esac` -fexceptions -ansi -pedantic -I.  -Wall -O3 `case i686 in i[3456]86) echo "-msse2 -mfpmath=sse";; x86_64) echo "-msse2 -mfpmath=sse -fPIC";; *) echo "";; esac` -fexceptions -ansi -pedantic -I.   -c -o fdjac1.o fdjac1.c
gcc -Wall -O3 `case i686 in i[3456]86) echo "-msse2 -mfpmath=sse";; x86_64) echo "-msse2 -mfpmath=sse -fPIC";; *) echo "";; esac` -fexceptions -ansi -pedantic -I.  -Wall -O3 `case i686 in i[3456]86) echo "-msse2 -mfpmath=sse";; x86_64) echo "-msse2 -mfpmath=sse -fPIC";; *) echo "";; esac` -fexceptions -ansi -pedantic -I.   -c -o hybrj.o hybrj.c
gcc -Wall -O3 `case i686 in i[3456]86) echo "-msse2 -mfpmath=sse";; x86_64) echo "-msse2 -mfpmath=sse -fPIC";; *) echo "";; esac` -fexceptions -ansi -pedantic -I.  -Wall -O3 `case i686 in i[3456]86) echo "-msse2 -mfpmath=sse";; x86_64) echo "-msse2 -mfpmath=sse -fPIC";; *) echo "";; esac` -fexceptions -ansi -pedantic -I.   -c -o newuoa.o newuoa.c
gcc -Wall -O3 `case i686 in i[3456]86) echo "-msse2 -mfpmath=sse";; x86_64) echo "-msse2 -mfpmath=sse -fPIC";; *) echo "";; esac` -fexceptions -ansi -pedantic -I.  -Wall -O3 `case i686 in i[3456]86) echo "-msse2 -mfpmath=sse";; x86_64) echo "-msse2 -mfpmath=sse -fPIC";; *) echo "";; esac` -fexceptions -ansi -pedantic -I.   -c -o qrfac.o qrfac.c
gcc -Wall -O3 `case i686 in i[3456]86) echo "-msse2 -mfpmath=sse";; x86_64) echo "-msse2 -mfpmath=sse -fPIC";; *) echo "";; esac` -fexceptions -ansi -pedantic -I.  -Wall -O3 `case i686 in i[3456]86) echo "-msse2 -mfpmath=sse";; x86_64) echo "-msse2 -mfpmath=sse -fPIC";; *) echo "";; esac` -fexceptions -ansi -pedantic -I.   -c -o trsapp.o trsapp.c
gcc -Wall -O3 `case i686 in i[3456]86) echo "-msse2 -mfpmath=sse";; x86_64) echo "-msse2 -mfpmath=sse -fPIC";; *) echo "";; esac` -fexceptions -ansi -pedantic -I.  -Wall -O3 `case i686 in i[3456]86) echo "-msse2 -mfpmath=sse";; x86_64) echo "-msse2 -mfpmath=sse -fPIC";; *) echo "";; esac` -fexceptions -ansi -pedantic -I.   -c -o daux.o daux.c
daux.c: In function ‘i1mach_’:
daux.c:179: warning: missing braces around initializer
daux.c:179: warning: (near initialization for ‘equiv_0.e_1’)
daux.c:717: warning: ‘ret_val’ may be used uninitialized in this function
gcc -Wall -O3 `case i686 in i[3456]86) echo "-msse2 -mfpmath=sse";; x86_64) echo "-msse2 -mfpmath=sse -fPIC";; *) echo "";; esac` -fexceptions -ansi -pedantic -I.  -Wall -O3 `case i686 in i[3456]86) echo "-msse2 -mfpmath=sse";; x86_64) echo "-msse2 -mfpmath=sse -fPIC";; *) echo "";; esac` -fexceptions -ansi -pedantic -I.   -c -o dlamch.o dlamch.c
gcc -Wall -O3 `case i686 in i[3456]86) echo "-msse2 -mfpmath=sse";; x86_64) echo "-msse2 -mfpmath=sse -fPIC";; *) echo "";; esac` -fexceptions -ansi -pedantic -I.  -Wall -O3 `case i686 in i[3456]86) echo "-msse2 -mfpmath=sse";; x86_64) echo "-msse2 -mfpmath=sse -fPIC";; *) echo "";; esac` -fexceptions -ansi -pedantic -I.   -c -o dpmpar.o dpmpar.c
dpmpar.c: In function ‘dpmpar_’:
dpmpar.c:22: warning: missing braces around initializer
dpmpar.c:22: warning: (near initialization for ‘equiv_2.e_1’)
dpmpar.c:194: warning: suggest parentheses around + or - inside shift
gcc -Wall -O3 `case i686 in i[3456]86) echo "-msse2 -mfpmath=sse";; x86_64) echo "-msse2 -mfpmath=sse -fPIC";; *) echo "";; esac` -fexceptions -ansi -pedantic -I.  -Wall -O3 `case i686 in i[3456]86) echo "-msse2 -mfpmath=sse";; x86_64) echo "-msse2 -mfpmath=sse -fPIC";; *) echo "";; esac` -fexceptions -ansi -pedantic -I.   -c -o hybrd.o hybrd.c
gcc -Wall -O3 `case i686 in i[3456]86) echo "-msse2 -mfpmath=sse";; x86_64) echo "-msse2 -mfpmath=sse -fPIC";; *) echo "";; esac` -fexceptions -ansi -pedantic -I.  -Wall -O3 `case i686 in i[3456]86) echo "-msse2 -mfpmath=sse";; x86_64) echo "-msse2 -mfpmath=sse -fPIC";; *) echo "";; esac` -fexceptions -ansi -pedantic -I.   -c -o lsame.o lsame.c
lsame.c: In function ‘lsame_’:
lsame.c:89: warning: suggest parentheses around && within ||
lsame.c:90: warning: suggest parentheses around && within ||
lsame.c:93: warning: suggest parentheses around && within ||
lsame.c:94: warning: suggest parentheses around && within ||
gcc -Wall -O3 `case i686 in i[3456]86) echo "-msse2 -mfpmath=sse";; x86_64) echo "-msse2 -mfpmath=sse -fPIC";; *) echo "";; esac` -fexceptions -ansi -pedantic -I.  -Wall -O3 `case i686 in i[3456]86) echo "-msse2 -mfpmath=sse";; x86_64) echo "-msse2 -mfpmath=sse -fPIC";; *) echo "";; esac` -fexceptions -ansi -pedantic -I.   -c -o newuob.o newuob.c
gcc -Wall -O3 `case i686 in i[3456]86) echo "-msse2 -mfpmath=sse";; x86_64) echo "-msse2 -mfpmath=sse -fPIC";; *) echo "";; esac` -fexceptions -ansi -pedantic -I.  -Wall -O3 `case i686 in i[3456]86) echo "-msse2 -mfpmath=sse";; x86_64) echo "-msse2 -mfpmath=sse -fPIC";; *) echo "";; esac` -fexceptions -ansi -pedantic -I.   -c -o r1mpyq.o r1mpyq.c
gcc -Wall -O3 `case i686 in i[3456]86) echo "-msse2 -mfpmath=sse";; x86_64) echo "-msse2 -mfpmath=sse -fPIC";; *) echo "";; esac` -fexceptions -ansi -pedantic -I.  -Wall -O3 `case i686 in i[3456]86) echo "-msse2 -mfpmath=sse";; x86_64) echo "-msse2 -mfpmath=sse -fPIC";; *) echo "";; esac` -fexceptions -ansi -pedantic -I.   -c -o update.o update.c
ar -ru libc_runtime.a  boolean_array.o index_spec.o integer_array.o memory_pool.o base_array.o real_array.o string_array.o read_write.o utility.o modelica_string.o bigden.o ddasrt.o  dlinpk.o  enorm.o   hybrd1.o  nelmead.o  qform.o   r1updt.o biglag.o  ddassl.o  dogleg.o  fdjac1.o  hybrj.o   newuoa.o   qrfac.o   trsapp.o daux.o    dlamch.o  dpmpar.o  hybrd.o   lsame.o   newuob.o   r1mpyq.o  update.o 
ar: creating libc_runtime.a
ar -ru libsim.a  simulation_runtime.o simulation_init.o simulation_input.o simulation_events.o solver_dasrt.o solver_euler.o simulation_result.o tables.o options.o dgesv_aux.o meta_modelica.o 
ar: creating libsim.a
cd libf2c && make -f makefile.u
make[2]: Entering directory `/home/dietmarw/.workspace/OM_trunk/c_runtime/libf2c'
cp signal1.h0 signal1.h
cp sysdep1.h0 sysdep1.h
cc -c f77vers.c
cc -c i77vers.c
cc -c -DSkip_f2c_Undefs -fexceptions -O main.c
ld -r -x -o main.xxx main.o
mv main.xxx main.o
cc -c -DSkip_f2c_Undefs -fexceptions -O s_rnge.c
ld -r -x -o s_rnge.xxx s_rnge.o
mv s_rnge.xxx s_rnge.o
cc -c -DSkip_f2c_Undefs -fexceptions -O abort_.c
ld -r -x -o abort_.xxx abort_.o
mv abort_.xxx abort_.o
cc -c -DSkip_f2c_Undefs -fexceptions -O exit_.c
ld -r -x -o exit_.xxx exit_.o
mv exit_.xxx exit_.o
cc -c -DSkip_f2c_Undefs -fexceptions -O getarg_.c
ld -r -x -o getarg_.xxx getarg_.o
mv getarg_.xxx getarg_.o
cc -c -DSkip_f2c_Undefs -fexceptions -O iargc_.c
ld -r -x -o iargc_.xxx iargc_.o
mv iargc_.xxx iargc_.o
cc -c -DSkip_f2c_Undefs -fexceptions -O getenv_.c
ld -r -x -o getenv_.xxx getenv_.o
mv getenv_.xxx getenv_.o
cc -c -DSkip_f2c_Undefs -fexceptions -O signal_.c
ld -r -x -o signal_.xxx signal_.o
mv signal_.xxx signal_.o
cc -c -DSkip_f2c_Undefs -fexceptions -O s_stop.c
ld -r -x -o s_stop.xxx s_stop.o
mv s_stop.xxx s_stop.o
cc -c -DSkip_f2c_Undefs -fexceptions -O s_paus.c
ld -r -x -o s_paus.xxx s_paus.o
mv s_paus.xxx s_paus.o
cc -c -DSkip_f2c_Undefs -fexceptions -O system_.c
ld -r -x -o system_.xxx system_.o
mv system_.xxx system_.o
cc -c -DSkip_f2c_Undefs -fexceptions -O cabs.c
ld -r -x -o cabs.xxx cabs.o
mv cabs.xxx cabs.o
cc -c -DSkip_f2c_Undefs -fexceptions -O derf_.c
ld -r -x -o derf_.xxx derf_.o
mv derf_.xxx derf_.o
cc -c -DSkip_f2c_Undefs -fexceptions -O derfc_.c
ld -r -x -o derfc_.xxx derfc_.o
mv derfc_.xxx derfc_.o
cc -c -DSkip_f2c_Undefs -fexceptions -O erf_.c
ld -r -x -o erf_.xxx erf_.o
mv erf_.xxx erf_.o
cc -c -DSkip_f2c_Undefs -fexceptions -O erfc_.c
ld -r -x -o erfc_.xxx erfc_.o
mv erfc_.xxx erfc_.o
cc -c -DSkip_f2c_Undefs -fexceptions -O sig_die.c
ld -r -x -o sig_die.xxx sig_die.o
mv sig_die.xxx sig_die.o
cc -fexceptions -O -DNO_FPINIT arithchk.c -lm -o a.exe ||\
	 cc -DNO_LONG_LONG -fexceptions -O -DNO_FPINIT arithchk.c -lm -o a.exe
arithchk.c: In function ‘ccheck’:
arithchk.c:125: warning: format not a string literal and no format arguments
./a.exe >arith.h
rm -f a.exe arithchk.o
cc -c -DSkip_f2c_Undefs -fexceptions -O uninit.c
ld -r -x -o uninit.xxx uninit.o
mv uninit.xxx uninit.o
cc -c -DSkip_f2c_Undefs -fexceptions -O pow_ci.c
ld -r -x -o pow_ci.xxx pow_ci.o
mv pow_ci.xxx pow_ci.o
cc -c -DSkip_f2c_Undefs -fexceptions -O pow_dd.c
ld -r -x -o pow_dd.xxx pow_dd.o
mv pow_dd.xxx pow_dd.o
cc -c -DSkip_f2c_Undefs -fexceptions -O pow_di.c
ld -r -x -o pow_di.xxx pow_di.o
mv pow_di.xxx pow_di.o
cc -c -DSkip_f2c_Undefs -fexceptions -O pow_hh.c
ld -r -x -o pow_hh.xxx pow_hh.o
mv pow_hh.xxx pow_hh.o
cc -c -DSkip_f2c_Undefs -fexceptions -O pow_ii.c
ld -r -x -o pow_ii.xxx pow_ii.o
mv pow_ii.xxx pow_ii.o
cc -c -DSkip_f2c_Undefs -fexceptions -O pow_ri.c
ld -r -x -o pow_ri.xxx pow_ri.o
mv pow_ri.xxx pow_ri.o
cc -c -DSkip_f2c_Undefs -fexceptions -O pow_zi.c
ld -r -x -o pow_zi.xxx pow_zi.o
mv pow_zi.xxx pow_zi.o
cc -c -DSkip_f2c_Undefs -fexceptions -O pow_zz.c
ld -r -x -o pow_zz.xxx pow_zz.o
mv pow_zz.xxx pow_zz.o
cc -c -DSkip_f2c_Undefs -fexceptions -O c_abs.c
ld -r -x -o c_abs.xxx c_abs.o
mv c_abs.xxx c_abs.o
cc -c -DSkip_f2c_Undefs -fexceptions -O c_cos.c
ld -r -x -o c_cos.xxx c_cos.o
mv c_cos.xxx c_cos.o
cc -c -DSkip_f2c_Undefs -fexceptions -O c_div.c
ld -r -x -o c_div.xxx c_div.o
mv c_div.xxx c_div.o
cc -c -DSkip_f2c_Undefs -fexceptions -O c_exp.c
ld -r -x -o c_exp.xxx c_exp.o
mv c_exp.xxx c_exp.o
cc -c -DSkip_f2c_Undefs -fexceptions -O c_log.c
ld -r -x -o c_log.xxx c_log.o
mv c_log.xxx c_log.o
cc -c -DSkip_f2c_Undefs -fexceptions -O c_sin.c
ld -r -x -o c_sin.xxx c_sin.o
mv c_sin.xxx c_sin.o
cc -c -DSkip_f2c_Undefs -fexceptions -O c_sqrt.c
ld -r -x -o c_sqrt.xxx c_sqrt.o
mv c_sqrt.xxx c_sqrt.o
cc -c -DSkip_f2c_Undefs -fexceptions -O z_abs.c
ld -r -x -o z_abs.xxx z_abs.o
mv z_abs.xxx z_abs.o
cc -c -DSkip_f2c_Undefs -fexceptions -O z_cos.c
ld -r -x -o z_cos.xxx z_cos.o
mv z_cos.xxx z_cos.o
cc -c -DSkip_f2c_Undefs -fexceptions -O z_div.c
ld -r -x -o z_div.xxx z_div.o
mv z_div.xxx z_div.o
cc -c -DSkip_f2c_Undefs -fexceptions -O z_exp.c
ld -r -x -o z_exp.xxx z_exp.o
mv z_exp.xxx z_exp.o
cc -c -DSkip_f2c_Undefs -fexceptions -O z_log.c
ld -r -x -o z_log.xxx z_log.o
mv z_log.xxx z_log.o
cc -c -DSkip_f2c_Undefs -fexceptions -O z_sin.c
ld -r -x -o z_sin.xxx z_sin.o
mv z_sin.xxx z_sin.o
cc -c -DSkip_f2c_Undefs -fexceptions -O z_sqrt.c
ld -r -x -o z_sqrt.xxx z_sqrt.o
mv z_sqrt.xxx z_sqrt.o
cc -c -DSkip_f2c_Undefs -fexceptions -O r_abs.c
ld -r -x -o r_abs.xxx r_abs.o
mv r_abs.xxx r_abs.o
cc -c -DSkip_f2c_Undefs -fexceptions -O r_acos.c
ld -r -x -o r_acos.xxx r_acos.o
mv r_acos.xxx r_acos.o
cc -c -DSkip_f2c_Undefs -fexceptions -O r_asin.c
ld -r -x -o r_asin.xxx r_asin.o
mv r_asin.xxx r_asin.o
cc -c -DSkip_f2c_Undefs -fexceptions -O r_atan.c
ld -r -x -o r_atan.xxx r_atan.o
mv r_atan.xxx r_atan.o
cc -c -DSkip_f2c_Undefs -fexceptions -O r_atn2.c
ld -r -x -o r_atn2.xxx r_atn2.o
mv r_atn2.xxx r_atn2.o
cc -c -DSkip_f2c_Undefs -fexceptions -O r_cnjg.c
ld -r -x -o r_cnjg.xxx r_cnjg.o
mv r_cnjg.xxx r_cnjg.o
cc -c -DSkip_f2c_Undefs -fexceptions -O r_cos.c
ld -r -x -o r_cos.xxx r_cos.o
mv r_cos.xxx r_cos.o
cc -c -DSkip_f2c_Undefs -fexceptions -O r_cosh.c
ld -r -x -o r_cosh.xxx r_cosh.o
mv r_cosh.xxx r_cosh.o
cc -c -DSkip_f2c_Undefs -fexceptions -O r_dim.c
ld -r -x -o r_dim.xxx r_dim.o
mv r_dim.xxx r_dim.o
cc -c -DSkip_f2c_Undefs -fexceptions -O r_exp.c
ld -r -x -o r_exp.xxx r_exp.o
mv r_exp.xxx r_exp.o
cc -c -DSkip_f2c_Undefs -fexceptions -O r_imag.c
ld -r -x -o r_imag.xxx r_imag.o
mv r_imag.xxx r_imag.o
cc -c -DSkip_f2c_Undefs -fexceptions -O r_int.c
ld -r -x -o r_int.xxx r_int.o
mv r_int.xxx r_int.o
cc -c -DSkip_f2c_Undefs -fexceptions -O r_lg10.c
ld -r -x -o r_lg10.xxx r_lg10.o
mv r_lg10.xxx r_lg10.o
cc -c -DSkip_f2c_Undefs -fexceptions -O r_log.c
ld -r -x -o r_log.xxx r_log.o
mv r_log.xxx r_log.o
cc -c -DSkip_f2c_Undefs -fexceptions -O r_mod.c
ld -r -x -o r_mod.xxx r_mod.o
mv r_mod.xxx r_mod.o
cc -c -DSkip_f2c_Undefs -fexceptions -O r_nint.c
ld -r -x -o r_nint.xxx r_nint.o
mv r_nint.xxx r_nint.o
cc -c -DSkip_f2c_Undefs -fexceptions -O r_sign.c
ld -r -x -o r_sign.xxx r_sign.o
mv r_sign.xxx r_sign.o
cc -c -DSkip_f2c_Undefs -fexceptions -O r_sin.c
ld -r -x -o r_sin.xxx r_sin.o
mv r_sin.xxx r_sin.o
cc -c -DSkip_f2c_Undefs -fexceptions -O r_sinh.c
ld -r -x -o r_sinh.xxx r_sinh.o
mv r_sinh.xxx r_sinh.o
cc -c -DSkip_f2c_Undefs -fexceptions -O r_sqrt.c
ld -r -x -o r_sqrt.xxx r_sqrt.o
mv r_sqrt.xxx r_sqrt.o
cc -c -DSkip_f2c_Undefs -fexceptions -O r_tan.c
ld -r -x -o r_tan.xxx r_tan.o
mv r_tan.xxx r_tan.o
cc -c -DSkip_f2c_Undefs -fexceptions -O r_tanh.c
ld -r -x -o r_tanh.xxx r_tanh.o
mv r_tanh.xxx r_tanh.o
cc -c -DSkip_f2c_Undefs -fexceptions -O d_abs.c
ld -r -x -o d_abs.xxx d_abs.o
mv d_abs.xxx d_abs.o
cc -c -DSkip_f2c_Undefs -fexceptions -O d_acos.c
ld -r -x -o d_acos.xxx d_acos.o
mv d_acos.xxx d_acos.o
cc -c -DSkip_f2c_Undefs -fexceptions -O d_asin.c
ld -r -x -o d_asin.xxx d_asin.o
mv d_asin.xxx d_asin.o
cc -c -DSkip_f2c_Undefs -fexceptions -O d_atan.c
ld -r -x -o d_atan.xxx d_atan.o
mv d_atan.xxx d_atan.o
cc -c -DSkip_f2c_Undefs -fexceptions -O d_atn2.c
ld -r -x -o d_atn2.xxx d_atn2.o
mv d_atn2.xxx d_atn2.o
cc -c -DSkip_f2c_Undefs -fexceptions -O d_cnjg.c
ld -r -x -o d_cnjg.xxx d_cnjg.o
mv d_cnjg.xxx d_cnjg.o
cc -c -DSkip_f2c_Undefs -fexceptions -O d_cos.c
ld -r -x -o d_cos.xxx d_cos.o
mv d_cos.xxx d_cos.o
cc -c -DSkip_f2c_Undefs -fexceptions -O d_cosh.c
ld -r -x -o d_cosh.xxx d_cosh.o
mv d_cosh.xxx d_cosh.o
cc -c -DSkip_f2c_Undefs -fexceptions -O d_dim.c
ld -r -x -o d_dim.xxx d_dim.o
mv d_dim.xxx d_dim.o
cc -c -DSkip_f2c_Undefs -fexceptions -O d_exp.c
ld -r -x -o d_exp.xxx d_exp.o
mv d_exp.xxx d_exp.o
cc -c -DSkip_f2c_Undefs -fexceptions -O d_imag.c
ld -r -x -o d_imag.xxx d_imag.o
mv d_imag.xxx d_imag.o
cc -c -DSkip_f2c_Undefs -fexceptions -O d_int.c
ld -r -x -o d_int.xxx d_int.o
mv d_int.xxx d_int.o
cc -c -DSkip_f2c_Undefs -fexceptions -O d_lg10.c
ld -r -x -o d_lg10.xxx d_lg10.o
mv d_lg10.xxx d_lg10.o
cc -c -DSkip_f2c_Undefs -fexceptions -O d_log.c
ld -r -x -o d_log.xxx d_log.o
mv d_log.xxx d_log.o
cc -c -DSkip_f2c_Undefs -fexceptions -O d_mod.c
ld -r -x -o d_mod.xxx d_mod.o
mv d_mod.xxx d_mod.o
cc -c -DSkip_f2c_Undefs -fexceptions -O d_nint.c
ld -r -x -o d_nint.xxx d_nint.o
mv d_nint.xxx d_nint.o
cc -c -DSkip_f2c_Undefs -fexceptions -O d_prod.c
ld -r -x -o d_prod.xxx d_prod.o
mv d_prod.xxx d_prod.o
cc -c -DSkip_f2c_Undefs -fexceptions -O d_sign.c
ld -r -x -o d_sign.xxx d_sign.o
mv d_sign.xxx d_sign.o
cc -c -DSkip_f2c_Undefs -fexceptions -O d_sin.c
ld -r -x -o d_sin.xxx d_sin.o
mv d_sin.xxx d_sin.o
cc -c -DSkip_f2c_Undefs -fexceptions -O d_sinh.c
ld -r -x -o d_sinh.xxx d_sinh.o
mv d_sinh.xxx d_sinh.o
cc -c -DSkip_f2c_Undefs -fexceptions -O d_sqrt.c
ld -r -x -o d_sqrt.xxx d_sqrt.o
mv d_sqrt.xxx d_sqrt.o
cc -c -DSkip_f2c_Undefs -fexceptions -O d_tan.c
ld -r -x -o d_tan.xxx d_tan.o
mv d_tan.xxx d_tan.o
cc -c -DSkip_f2c_Undefs -fexceptions -O d_tanh.c
ld -r -x -o d_tanh.xxx d_tanh.o
mv d_tanh.xxx d_tanh.o
cc -c -DSkip_f2c_Undefs -fexceptions -O i_abs.c
ld -r -x -o i_abs.xxx i_abs.o
mv i_abs.xxx i_abs.o
cc -c -DSkip_f2c_Undefs -fexceptions -O i_dim.c
ld -r -x -o i_dim.xxx i_dim.o
mv i_dim.xxx i_dim.o
cc -c -DSkip_f2c_Undefs -fexceptions -O i_dnnt.c
ld -r -x -o i_dnnt.xxx i_dnnt.o
mv i_dnnt.xxx i_dnnt.o
cc -c -DSkip_f2c_Undefs -fexceptions -O i_indx.c
ld -r -x -o i_indx.xxx i_indx.o
mv i_indx.xxx i_indx.o
cc -c -DSkip_f2c_Undefs -fexceptions -O i_len.c
ld -r -x -o i_len.xxx i_len.o
mv i_len.xxx i_len.o
cc -c -DSkip_f2c_Undefs -fexceptions -O i_mod.c
ld -r -x -o i_mod.xxx i_mod.o
mv i_mod.xxx i_mod.o
cc -c -DSkip_f2c_Undefs -fexceptions -O i_nint.c
ld -r -x -o i_nint.xxx i_nint.o
mv i_nint.xxx i_nint.o
cc -c -DSkip_f2c_Undefs -fexceptions -O i_sign.c
ld -r -x -o i_sign.xxx i_sign.o
mv i_sign.xxx i_sign.o
cc -c -DSkip_f2c_Undefs -fexceptions -O lbitbits.c
ld -r -x -o lbitbits.xxx lbitbits.o
mv lbitbits.xxx lbitbits.o
cc -c -DSkip_f2c_Undefs -fexceptions -O lbitshft.c
ld -r -x -o lbitshft.xxx lbitshft.o
mv lbitshft.xxx lbitshft.o
cc -c -DSkip_f2c_Undefs -fexceptions -O h_abs.c
ld -r -x -o h_abs.xxx h_abs.o
mv h_abs.xxx h_abs.o
cc -c -DSkip_f2c_Undefs -fexceptions -O h_dim.c
ld -r -x -o h_dim.xxx h_dim.o
mv h_dim.xxx h_dim.o
cc -c -DSkip_f2c_Undefs -fexceptions -O h_dnnt.c
ld -r -x -o h_dnnt.xxx h_dnnt.o
mv h_dnnt.xxx h_dnnt.o
cc -c -DSkip_f2c_Undefs -fexceptions -O h_indx.c
ld -r -x -o h_indx.xxx h_indx.o
mv h_indx.xxx h_indx.o
cc -c -DSkip_f2c_Undefs -fexceptions -O h_len.c
ld -r -x -o h_len.xxx h_len.o
mv h_len.xxx h_len.o
cc -c -DSkip_f2c_Undefs -fexceptions -O h_mod.c
ld -r -x -o h_mod.xxx h_mod.o
mv h_mod.xxx h_mod.o
cc -c -DSkip_f2c_Undefs -fexceptions -O h_nint.c
ld -r -x -o h_nint.xxx h_nint.o
mv h_nint.xxx h_nint.o
cc -c -DSkip_f2c_Undefs -fexceptions -O h_sign.c
ld -r -x -o h_sign.xxx h_sign.o
mv h_sign.xxx h_sign.o
cc -c -DSkip_f2c_Undefs -fexceptions -O l_ge.c
ld -r -x -o l_ge.xxx l_ge.o
mv l_ge.xxx l_ge.o
cc -c -DSkip_f2c_Undefs -fexceptions -O l_gt.c
ld -r -x -o l_gt.xxx l_gt.o
mv l_gt.xxx l_gt.o
cc -c -DSkip_f2c_Undefs -fexceptions -O l_le.c
ld -r -x -o l_le.xxx l_le.o
mv l_le.xxx l_le.o
cc -c -DSkip_f2c_Undefs -fexceptions -O l_lt.c
ld -r -x -o l_lt.xxx l_lt.o
mv l_lt.xxx l_lt.o
cc -c -DSkip_f2c_Undefs -fexceptions -O hl_ge.c
ld -r -x -o hl_ge.xxx hl_ge.o
mv hl_ge.xxx hl_ge.o
cc -c -DSkip_f2c_Undefs -fexceptions -O hl_gt.c
ld -r -x -o hl_gt.xxx hl_gt.o
mv hl_gt.xxx hl_gt.o
cc -c -DSkip_f2c_Undefs -fexceptions -O hl_le.c
ld -r -x -o hl_le.xxx hl_le.o
mv hl_le.xxx hl_le.o
cc -c -DSkip_f2c_Undefs -fexceptions -O hl_lt.c
ld -r -x -o hl_lt.xxx hl_lt.o
mv hl_lt.xxx hl_lt.o
cc -c -DSkip_f2c_Undefs -fexceptions -O ef1asc_.c
ld -r -x -o ef1asc_.xxx ef1asc_.o
mv ef1asc_.xxx ef1asc_.o
cc -c -DSkip_f2c_Undefs -fexceptions -O ef1cmc_.c
ld -r -x -o ef1cmc_.xxx ef1cmc_.o
mv ef1cmc_.xxx ef1cmc_.o
cc -c -DSkip_f2c_Undefs -fexceptions -O f77_aloc.c
ld -r -x -o f77_aloc.xxx f77_aloc.o
mv f77_aloc.xxx f77_aloc.o
cc -c -DSkip_f2c_Undefs -fexceptions -O s_cat.c
ld -r -x -o s_cat.xxx s_cat.o
mv s_cat.xxx s_cat.o
cc -c -DSkip_f2c_Undefs -fexceptions -O s_cmp.c
ld -r -x -o s_cmp.xxx s_cmp.o
mv s_cmp.xxx s_cmp.o
cc -c -DSkip_f2c_Undefs -fexceptions -O s_copy.c
ld -r -x -o s_copy.xxx s_copy.o
mv s_copy.xxx s_copy.o
cc -c -DSkip_f2c_Undefs -fexceptions -O backspac.c
backspac.c: In function ‘f_back’:
backspac.c:47: warning: ignoring return value of ‘fread’, declared with attribute warn_unused_result
ld -r -x -o backspac.xxx backspac.o
mv backspac.xxx backspac.o
cc -c -DSkip_f2c_Undefs -fexceptions -O close.c
ld -r -x -o close.xxx close.o
mv close.xxx close.o
cc -c -DSkip_f2c_Undefs -fexceptions -O dfe.c
ld -r -x -o dfe.xxx dfe.o
mv dfe.xxx dfe.o
cc -c -DSkip_f2c_Undefs -fexceptions -O dolio.c
ld -r -x -o dolio.xxx dolio.o
mv dolio.xxx dolio.o
cc -c -DSkip_f2c_Undefs -fexceptions -O due.c
ld -r -x -o due.xxx due.o
mv due.xxx due.o
cc -c -DSkip_f2c_Undefs -fexceptions -O endfile.c
ld -r -x -o endfile.xxx endfile.o
mv endfile.xxx endfile.o
cc -c -DSkip_f2c_Undefs -fexceptions -O err.c
ld -r -x -o err.xxx err.o
mv err.xxx err.o
cc -c -DSkip_f2c_Undefs -fexceptions -O fmt.c
ld -r -x -o fmt.xxx fmt.o
mv fmt.xxx fmt.o
cc -c -DSkip_f2c_Undefs -fexceptions -O fmtlib.c
ld -r -x -o fmtlib.xxx fmtlib.o
mv fmtlib.xxx fmtlib.o
cc -c -DSkip_f2c_Undefs -fexceptions -O ftell_.c
ld -r -x -o ftell_.xxx ftell_.o
mv ftell_.xxx ftell_.o
cc -c -DSkip_f2c_Undefs -fexceptions -O iio.c
ld -r -x -o iio.xxx iio.o
mv iio.xxx iio.o
cc -c -DSkip_f2c_Undefs -fexceptions -O ilnw.c
ld -r -x -o ilnw.xxx ilnw.o
mv ilnw.xxx ilnw.o
cc -c -DSkip_f2c_Undefs -fexceptions -O inquire.c
ld -r -x -o inquire.xxx inquire.o
mv inquire.xxx inquire.o
cc -c -DSkip_f2c_Undefs -fexceptions -O lread.c
ld -r -x -o lread.xxx lread.o
mv lread.xxx lread.o
cc -c -DSkip_f2c_Undefs -fexceptions -O lwrite.c
ld -r -x -o lwrite.xxx lwrite.o
mv lwrite.xxx lwrite.o
cc -c -DSkip_f2c_Undefs -fexceptions -O open.c
ld -r -x -o open.xxx open.o
mv open.xxx open.o
cc -c -DSkip_f2c_Undefs -fexceptions -O rdfmt.c
ld -r -x -o rdfmt.xxx rdfmt.o
mv rdfmt.xxx rdfmt.o
cc -c -DSkip_f2c_Undefs -fexceptions -O rewind.c
ld -r -x -o rewind.xxx rewind.o
mv rewind.xxx rewind.o
cc -c -DSkip_f2c_Undefs -fexceptions -O rsfe.c
ld -r -x -o rsfe.xxx rsfe.o
mv rsfe.xxx rsfe.o
cc -c -DSkip_f2c_Undefs -fexceptions -O rsli.c
ld -r -x -o rsli.xxx rsli.o
mv rsli.xxx rsli.o
cc -c -DSkip_f2c_Undefs -fexceptions -O rsne.c
ld -r -x -o rsne.xxx rsne.o
mv rsne.xxx rsne.o
cc -c -DSkip_f2c_Undefs -fexceptions -O sfe.c
ld -r -x -o sfe.xxx sfe.o
mv sfe.xxx sfe.o
cc -c -DSkip_f2c_Undefs -fexceptions -O sue.c
sue.c: In function ‘e_wsue’:
sue.c:72: warning: ignoring return value of ‘fwrite’, declared with attribute warn_unused_result
sue.c:79: warning: ignoring return value of ‘fwrite’, declared with attribute warn_unused_result
ld -r -x -o sue.xxx sue.o
mv sue.xxx sue.o
cc -c -DSkip_f2c_Undefs -fexceptions -O typesize.c
ld -r -x -o typesize.xxx typesize.o
mv typesize.xxx typesize.o
cc -c -DSkip_f2c_Undefs -fexceptions -O uio.c
uio.c: In function ‘do_us’:
uio.c:27: warning: ignoring return value of ‘fwrite’, declared with attribute warn_unused_result
uio.c: In function ‘do_ud’:
uio.c:60: warning: ignoring return value of ‘fwrite’, declared with attribute warn_unused_result
ld -r -x -o uio.xxx uio.o
mv uio.xxx uio.o
cc -c -DSkip_f2c_Undefs -fexceptions -O util.c
ld -r -x -o util.xxx util.o
mv util.xxx util.o
cc -c -DSkip_f2c_Undefs -fexceptions -O wref.c
ld -r -x -o wref.xxx wref.o
mv wref.xxx wref.o
cc -c -DSkip_f2c_Undefs -fexceptions -O wrtfmt.c
ld -r -x -o wrtfmt.xxx wrtfmt.o
mv wrtfmt.xxx wrtfmt.o
cc -c -DSkip_f2c_Undefs -fexceptions -O wsfe.c
ld -r -x -o wsfe.xxx wsfe.o
mv wsfe.xxx wsfe.o
cc -c -DSkip_f2c_Undefs -fexceptions -O wsle.c
ld -r -x -o wsle.xxx wsle.o
mv wsle.xxx wsle.o
cc -c -DSkip_f2c_Undefs -fexceptions -O wsne.c
ld -r -x -o wsne.xxx wsne.o
mv wsne.xxx wsne.o
cc -c -DSkip_f2c_Undefs -fexceptions -O xwsne.c
ld -r -x -o xwsne.xxx xwsne.o
mv xwsne.xxx xwsne.o
cc -c -DSkip_f2c_Undefs -fexceptions -O dtime_.c
ld -r -x -o dtime_.xxx dtime_.o
mv dtime_.xxx dtime_.o
cc -c -DSkip_f2c_Undefs -fexceptions -O etime_.c
ld -r -x -o etime_.xxx etime_.o
mv etime_.xxx etime_.o
ar r libf2c.a f77vers.o i77vers.o main.o s_rnge.o abort_.o exit_.o getarg_.o iargc_.o getenv_.o signal_.o s_stop.o s_paus.o system_.o cabs.o derf_.o derfc_.o erf_.o erfc_.o sig_die.o uninit.o pow_ci.o pow_dd.o pow_di.o pow_hh.o pow_ii.o pow_ri.o pow_zi.o pow_zz.o c_abs.o c_cos.o c_div.o c_exp.o c_log.o c_sin.o c_sqrt.o z_abs.o z_cos.o z_div.o z_exp.o z_log.o z_sin.o z_sqrt.o r_abs.o r_acos.o r_asin.o r_atan.o r_atn2.o r_cnjg.o r_cos.o r_cosh.o r_dim.o r_exp.o r_imag.o r_int.o r_lg10.o r_log.o r_mod.o r_nint.o r_sign.o r_sin.o r_sinh.o r_sqrt.o r_tan.o r_tanh.o d_abs.o d_acos.o d_asin.o d_atan.o d_atn2.o d_cnjg.o d_cos.o d_cosh.o d_dim.o d_exp.o d_imag.o d_int.o d_lg10.o d_log.o d_mod.o d_nint.o d_prod.o d_sign.o d_sin.o d_sinh.o d_sqrt.o d_tan.o d_tanh.o i_abs.o i_dim.o i_dnnt.o i_indx.o i_len.o i_mod.o i_nint.o i_sign.o lbitbits.o lbitshft.o h_abs.o h_dim.o h_dnnt.o h_indx.o h_len.o h_mod.o h_nint.o h_sign.o l_ge.o l_gt.o l_le.o l_lt.o hl_ge.o hl_gt.o hl_le.o hl_lt.o ef1asc_.o ef1cmc_.o f77_aloc.o s_cat.o s_cmp.o s_copy.o backspac.o close.o dfe.o dolio.o due.o endfile.o err.o fmt.o fmtlib.o ftell_.o iio.o ilnw.o inquire.o lread.o lwrite.o open.o rdfmt.o rewind.o rsfe.o rsli.o rsne.o sfe.o sue.o typesize.o uio.o util.o wref.o wrtfmt.o wsfe.o wsle.o wsne.o xwsne.o dtime_.o etime_.o
ar: creating libf2c.a
ranlib libf2c.a
make[2]: Leaving directory `/home/dietmarw/.workspace/OM_trunk/c_runtime/libf2c'
cd ./sendData && /usr//bin/qmake && make -f Makefile
make[2]: Entering directory `/home/dietmarw/.workspace/OM_trunk/c_runtime/sendData'
g++ -c -pipe -O2 -fPIC -Wall -W -D_REENTRANT -DQT_NO_DEBUG -DQT_GUI_LIB -DQT_NETWORK_LIB -DQT_CORE_LIB -DQT_SHARED -I/usr/share/qt4/mkspecs/linux-g++ -I. -I/usr/include/qt4/QtCore -I/usr/include/qt4/QtCore -I/usr/include/qt4/QtNetwork -I/usr/include/qt4/QtNetwork -I/usr/include/qt4/QtGui -I/usr/include/qt4/QtGui -I/usr/include/qt4 -I. -I. -I. -o sendData.o sendData.cpp
sendData.cpp:1183: warning: unused parameter ‘port’
rm -f libsendData.a
ar cqs libsendData.a sendData.o
rm -f release/libsendData.a
mv -f libsendData.a release/
make[2]: Leaving directory `/home/dietmarw/.workspace/OM_trunk/c_runtime/sendData'
cp blaswrap.h f2c.h integer_array.h memory_pool.h modelica_string.h base_array.h inline.h real_array.h string_array.h boolean_array.h index_spec.h matrix.h modelica.h read_write.h simulation_runtime.h simulation_events.h utility.h simulation_init.h simulation_input.h solver_dasrt.h solver_euler.h simulation_result.h meta_modelica.h sendData/sendData.h sendData/humbug.h ../build/include/
cp libc_runtime.a libsim.a ../build/lib/
cp libf2c/libf2c.* ../build/lib/
cp sendData/release/libsendData.a ../build/lib/
make[1]: Leaving directory `/home/dietmarw/.workspace/OM_trunk/c_runtime'
#(cd Compiler/rml2sig && make -f Makefile)
(cd Compiler && make -f Makefile release)
make[1]: Entering directory `/home/dietmarw/.workspace/OM_trunk/Compiler'
rm -f .depend
time /home/dietmarw/.workspace/OM_MetaModelica/x86-linux-gcc/bin/rml -fdump-depends Absyn.mo Algorithm.mo Builtin.mo Ceval.mo ClassInf.mo ClassLoader.mo Codegen.mo Connect.mo Convert.mo DAE.mo DAELow.mo Derive.mo Debug.mo DFA.mo Dump.mo DumpGraphviz.mo Constants.mo Env.mo Error.mo Exp.mo SCode.mo Graphviz.mo Inst.mo Interactive.mo Lookup.mo Main.mo MetaUtil.mo Mod.mo ModUtil.mo Patternm.mo Prefix.mo Static.mo SimCodegen.mo Types.mo TaskGraph.mo Util.mo Values.mo VarTransform.mo Refactor.mo DAEQuery.mo XMLDump.mo > .depend
7.03user 0.68system 0:08.18elapsed 94%CPU (0avgtext+0avgdata 0maxresident)k
0inputs+16outputs (0major+94328minor)pagefaults 0swaps
(cd omc_release && make)
make[2]: Entering directory `/home/dietmarw/.workspace/OM_trunk/Compiler/omc_release'
/home/dietmarw/.workspace/OM_MetaModelica/x86-linux-gcc/bin/rmlc -Wr,-ftrace -c Absyn.mo
"/home/dietmarw/.workspace/OM_MetaModelica/x86-linux-gcc/bin/rml" -Eplain -ftrace Absyn.mo
gcc -c -O2 -fomit-frame-pointer -I"/home/dietmarw/.workspace/OM_MetaModelica/x86-linux-gcc/include"/plain -o Absyn.o Absyn.c
cp Absyn.h ../Absyn.h
/home/dietmarw/.workspace/OM_MetaModelica/x86-linux-gcc/bin/rmlc -Wr,-ftrace -c Algorithm.mo
"/home/dietmarw/.workspace/OM_MetaModelica/x86-linux-gcc/bin/rml" -Eplain -ftrace Algorithm.mo
gcc -c -O2 -fomit-frame-pointer -I"/home/dietmarw/.workspace/OM_MetaModelica/x86-linux-gcc/include"/plain -o Algorithm.o Algorithm.c
cp Algorithm.h ../Algorithm.h
/home/dietmarw/.workspace/OM_MetaModelica/x86-linux-gcc/bin/rmlc -Wr,-ftrace -c Builtin.mo
"/home/dietmarw/.workspace/OM_MetaModelica/x86-linux-gcc/bin/rml" -Eplain -ftrace Builtin.mo
gcc -c -O2 -fomit-frame-pointer -I"/home/dietmarw/.workspace/OM_MetaModelica/x86-linux-gcc/include"/plain -o Builtin.o Builtin.c
cp Builtin.h ../Builtin.h
/home/dietmarw/.workspace/OM_MetaModelica/x86-linux-gcc/bin/rmlc -Wr,-ftrace -c Ceval.mo
"/home/dietmarw/.workspace/OM_MetaModelica/x86-linux-gcc/bin/rml" -Eplain -ftrace Ceval.mo
gcc -c -O2 -fomit-frame-pointer -I"/home/dietmarw/.workspace/OM_MetaModelica/x86-linux-gcc/include"/plain -o Ceval.o Ceval.c
cp Ceval.h ../Ceval.h
/home/dietmarw/.workspace/OM_MetaModelica/x86-linux-gcc/bin/rmlc -Wr,-ftrace -c ClassInf.mo
"/home/dietmarw/.workspace/OM_MetaModelica/x86-linux-gcc/bin/rml" -Eplain -ftrace ClassInf.mo
gcc -c -O2 -fomit-frame-pointer -I"/home/dietmarw/.workspace/OM_MetaModelica/x86-linux-gcc/include"/plain -o ClassInf.o ClassInf.c
cp ClassInf.h ../ClassInf.h
/home/dietmarw/.workspace/OM_MetaModelica/x86-linux-gcc/bin/rmlc -Wr,-ftrace -c ClassLoader.mo
"/home/dietmarw/.workspace/OM_MetaModelica/x86-linux-gcc/bin/rml" -Eplain -ftrace ClassLoader.mo
gcc -c -O2 -fomit-frame-pointer -I"/home/dietmarw/.workspace/OM_MetaModelica/x86-linux-gcc/include"/plain -o ClassLoader.o ClassLoader.c
cp ClassLoader.h ../ClassLoader.h
/home/dietmarw/.workspace/OM_MetaModelica/x86-linux-gcc/bin/rmlc -Wr,-ftrace -c Codegen.mo
"/home/dietmarw/.workspace/OM_MetaModelica/x86-linux-gcc/bin/rml" -Eplain -ftrace Codegen.mo
gcc -c -O2 -fomit-frame-pointer -I"/home/dietmarw/.workspace/OM_MetaModelica/x86-linux-gcc/include"/plain -o Codegen.o Codegen.c
cp Codegen.h ../Codegen.h
/home/dietmarw/.workspace/OM_MetaModelica/x86-linux-gcc/bin/rmlc -Wr,-ftrace -c Connect.mo
"/home/dietmarw/.workspace/OM_MetaModelica/x86-linux-gcc/bin/rml" -Eplain -ftrace Connect.mo
gcc -c -O2 -fomit-frame-pointer -I"/home/dietmarw/.workspace/OM_MetaModelica/x86-linux-gcc/include"/plain -o Connect.o Connect.c
cp Connect.h ../Connect.h
/home/dietmarw/.workspace/OM_MetaModelica/x86-linux-gcc/bin/rmlc -Wr,-ftrace -c Convert.mo
"/home/dietmarw/.workspace/OM_MetaModelica/x86-linux-gcc/bin/rml" -Eplain -ftrace Convert.mo
gcc -c -O2 -fomit-frame-pointer -I"/home/dietmarw/.workspace/OM_MetaModelica/x86-linux-gcc/include"/plain -o Convert.o Convert.c
cp Convert.h ../Convert.h
/home/dietmarw/.workspace/OM_MetaModelica/x86-linux-gcc/bin/rmlc -Wr,-ftrace -c DAE.mo
"/home/dietmarw/.workspace/OM_MetaModelica/x86-linux-gcc/bin/rml" -Eplain -ftrace DAE.mo
gcc -c -O2 -fomit-frame-pointer -I"/home/dietmarw/.workspace/OM_MetaModelica/x86-linux-gcc/include"/plain -o DAE.o DAE.c
cp DAE.h ../DAE.h
/home/dietmarw/.workspace/OM_MetaModelica/x86-linux-gcc/bin/rmlc -Wr,-ftrace -c DAELow.mo
"/home/dietmarw/.workspace/OM_MetaModelica/x86-linux-gcc/bin/rml" -Eplain -ftrace DAELow.mo
gcc -c -O2 -fomit-frame-pointer -I"/home/dietmarw/.workspace/OM_MetaModelica/x86-linux-gcc/include"/plain -o DAELow.o DAELow.c
cp DAELow.h ../DAELow.h
/home/dietmarw/.workspace/OM_MetaModelica/x86-linux-gcc/bin/rmlc -Wr,-ftrace -c Derive.mo
"/home/dietmarw/.workspace/OM_MetaModelica/x86-linux-gcc/bin/rml" -Eplain -ftrace Derive.mo
gcc -c -O2 -fomit-frame-pointer -I"/home/dietmarw/.workspace/OM_MetaModelica/x86-linux-gcc/include"/plain -o Derive.o Derive.c
cp Derive.h ../Derive.h
/home/dietmarw/.workspace/OM_MetaModelica/x86-linux-gcc/bin/rmlc -Wr,-ftrace -c Debug.mo
"/home/dietmarw/.workspace/OM_MetaModelica/x86-linux-gcc/bin/rml" -Eplain -ftrace Debug.mo
gcc -c -O2 -fomit-frame-pointer -I"/home/dietmarw/.workspace/OM_MetaModelica/x86-linux-gcc/include"/plain -o Debug.o Debug.c
cp Debug.h ../Debug.h
/home/dietmarw/.workspace/OM_MetaModelica/x86-linux-gcc/bin/rmlc -Wr,-ftrace -c DFA.mo
"/home/dietmarw/.workspace/OM_MetaModelica/x86-linux-gcc/bin/rml" -Eplain -ftrace DFA.mo
gcc -c -O2 -fomit-frame-pointer -I"/home/dietmarw/.workspace/OM_MetaModelica/x86-linux-gcc/include"/plain -o DFA.o DFA.c
cp DFA.h ../DFA.h
/home/dietmarw/.workspace/OM_MetaModelica/x86-linux-gcc/bin/rmlc -Wr,-ftrace -c Dump.mo
"/home/dietmarw/.workspace/OM_MetaModelica/x86-linux-gcc/bin/rml" -Eplain -ftrace Dump.mo
gcc -c -O2 -fomit-frame-pointer -I"/home/dietmarw/.workspace/OM_MetaModelica/x86-linux-gcc/include"/plain -o Dump.o Dump.c
cp Dump.h ../Dump.h
/home/dietmarw/.workspace/OM_MetaModelica/x86-linux-gcc/bin/rmlc -Wr,-ftrace -c DumpGraphviz.mo
"/home/dietmarw/.workspace/OM_MetaModelica/x86-linux-gcc/bin/rml" -Eplain -ftrace DumpGraphviz.mo
gcc -c -O2 -fomit-frame-pointer -I"/home/dietmarw/.workspace/OM_MetaModelica/x86-linux-gcc/include"/plain -o DumpGraphviz.o DumpGraphviz.c
cp DumpGraphviz.h ../DumpGraphviz.h
/home/dietmarw/.workspace/OM_MetaModelica/x86-linux-gcc/bin/rmlc -Wr,-ftrace -c Constants.mo
"/home/dietmarw/.workspace/OM_MetaModelica/x86-linux-gcc/bin/rml" -Eplain -ftrace Constants.mo
gcc -c -O2 -fomit-frame-pointer -I"/home/dietmarw/.workspace/OM_MetaModelica/x86-linux-gcc/include"/plain -o Constants.o Constants.c
cp Constants.h ../Constants.h
/home/dietmarw/.workspace/OM_MetaModelica/x86-linux-gcc/bin/rmlc -Wr,-ftrace -c Env.mo
"/home/dietmarw/.workspace/OM_MetaModelica/x86-linux-gcc/bin/rml" -Eplain -ftrace Env.mo
gcc -c -O2 -fomit-frame-pointer -I"/home/dietmarw/.workspace/OM_MetaModelica/x86-linux-gcc/include"/plain -o Env.o Env.c
cp Env.h ../Env.h
/home/dietmarw/.workspace/OM_MetaModelica/x86-linux-gcc/bin/rmlc -Wr,-ftrace -c Error.mo
"/home/dietmarw/.workspace/OM_MetaModelica/x86-linux-gcc/bin/rml" -Eplain -ftrace Error.mo
gcc -c -O2 -fomit-frame-pointer -I"/home/dietmarw/.workspace/OM_MetaModelica/x86-linux-gcc/include"/plain -o Error.o Error.c
cp Error.h ../Error.h
/home/dietmarw/.workspace/OM_MetaModelica/x86-linux-gcc/bin/rmlc -Wr,-ftrace -c Exp.mo
"/home/dietmarw/.workspace/OM_MetaModelica/x86-linux-gcc/bin/rml" -Eplain -ftrace Exp.mo
gcc -c -O2 -fomit-frame-pointer -I"/home/dietmarw/.workspace/OM_MetaModelica/x86-linux-gcc/include"/plain -o Exp.o Exp.c
cp Exp.h ../Exp.h
/home/dietmarw/.workspace/OM_MetaModelica/x86-linux-gcc/bin/rmlc -Wr,-ftrace -c SCode.mo
"/home/dietmarw/.workspace/OM_MetaModelica/x86-linux-gcc/bin/rml" -Eplain -ftrace SCode.mo
gcc -c -O2 -fomit-frame-pointer -I"/home/dietmarw/.workspace/OM_MetaModelica/x86-linux-gcc/include"/plain -o SCode.o SCode.c
cp SCode.h ../SCode.h
/home/dietmarw/.workspace/OM_MetaModelica/x86-linux-gcc/bin/rmlc -Wr,-ftrace -c Graphviz.mo
"/home/dietmarw/.workspace/OM_MetaModelica/x86-linux-gcc/bin/rml" -Eplain -ftrace Graphviz.mo
gcc -c -O2 -fomit-frame-pointer -I"/home/dietmarw/.workspace/OM_MetaModelica/x86-linux-gcc/include"/plain -o Graphviz.o Graphviz.c
cp Graphviz.h ../Graphviz.h
/home/dietmarw/.workspace/OM_MetaModelica/x86-linux-gcc/bin/rmlc -Wr,-ftrace -c Inst.mo
"/home/dietmarw/.workspace/OM_MetaModelica/x86-linux-gcc/bin/rml" -Eplain -ftrace Inst.mo
gcc -c -O2 -fomit-frame-pointer -I"/home/dietmarw/.workspace/OM_MetaModelica/x86-linux-gcc/include"/plain -o Inst.o Inst.c
cp Inst.h ../Inst.h
/home/dietmarw/.workspace/OM_MetaModelica/x86-linux-gcc/bin/rmlc -Wr,-ftrace -c Interactive.mo
"/home/dietmarw/.workspace/OM_MetaModelica/x86-linux-gcc/bin/rml" -Eplain -ftrace Interactive.mo
gcc -c -O2 -fomit-frame-pointer -I"/home/dietmarw/.workspace/OM_MetaModelica/x86-linux-gcc/include"/plain -o Interactive.o Interactive.c
cp Interactive.h ../Interactive.h
/home/dietmarw/.workspace/OM_MetaModelica/x86-linux-gcc/bin/rmlc -Wr,-ftrace -c Lookup.mo
"/home/dietmarw/.workspace/OM_MetaModelica/x86-linux-gcc/bin/rml" -Eplain -ftrace Lookup.mo
gcc -c -O2 -fomit-frame-pointer -I"/home/dietmarw/.workspace/OM_MetaModelica/x86-linux-gcc/include"/plain -o Lookup.o Lookup.c
cp Lookup.h ../Lookup.h
/home/dietmarw/.workspace/OM_MetaModelica/x86-linux-gcc/bin/rmlc -Wr,-ftrace -c Main.mo
"/home/dietmarw/.workspace/OM_MetaModelica/x86-linux-gcc/bin/rml" -Eplain -ftrace Main.mo
gcc -c -O2 -fomit-frame-pointer -I"/home/dietmarw/.workspace/OM_MetaModelica/x86-linux-gcc/include"/plain -o Main.o Main.c
cp Main.h ../Main.h
/home/dietmarw/.workspace/OM_MetaModelica/x86-linux-gcc/bin/rmlc -Wr,-ftrace -c MetaUtil.mo
"/home/dietmarw/.workspace/OM_MetaModelica/x86-linux-gcc/bin/rml" -Eplain -ftrace MetaUtil.mo
gcc -c -O2 -fomit-frame-pointer -I"/home/dietmarw/.workspace/OM_MetaModelica/x86-linux-gcc/include"/plain -o MetaUtil.o MetaUtil.c
cp MetaUtil.h ../MetaUtil.h
/home/dietmarw/.workspace/OM_MetaModelica/x86-linux-gcc/bin/rmlc -Wr,-ftrace -c Mod.mo
"/home/dietmarw/.workspace/OM_MetaModelica/x86-linux-gcc/bin/rml" -Eplain -ftrace Mod.mo
gcc -c -O2 -fomit-frame-pointer -I"/home/dietmarw/.workspace/OM_MetaModelica/x86-linux-gcc/include"/plain -o Mod.o Mod.c
cp Mod.h ../Mod.h
/home/dietmarw/.workspace/OM_MetaModelica/x86-linux-gcc/bin/rmlc -Wr,-ftrace -c ModUtil.mo
"/home/dietmarw/.workspace/OM_MetaModelica/x86-linux-gcc/bin/rml" -Eplain -ftrace ModUtil.mo
gcc -c -O2 -fomit-frame-pointer -I"/home/dietmarw/.workspace/OM_MetaModelica/x86-linux-gcc/include"/plain -o ModUtil.o ModUtil.c
cp ModUtil.h ../ModUtil.h
/home/dietmarw/.workspace/OM_MetaModelica/x86-linux-gcc/bin/rmlc -Wr,-ftrace -c Patternm.mo
"/home/dietmarw/.workspace/OM_MetaModelica/x86-linux-gcc/bin/rml" -Eplain -ftrace Patternm.mo
gcc -c -O2 -fomit-frame-pointer -I"/home/dietmarw/.workspace/OM_MetaModelica/x86-linux-gcc/include"/plain -o Patternm.o Patternm.c
cp Patternm.h ../Patternm.h
/home/dietmarw/.workspace/OM_MetaModelica/x86-linux-gcc/bin/rmlc -Wr,-ftrace -c Prefix.mo
"/home/dietmarw/.workspace/OM_MetaModelica/x86-linux-gcc/bin/rml" -Eplain -ftrace Prefix.mo
gcc -c -O2 -fomit-frame-pointer -I"/home/dietmarw/.workspace/OM_MetaModelica/x86-linux-gcc/include"/plain -o Prefix.o Prefix.c
cp Prefix.h ../Prefix.h
/home/dietmarw/.workspace/OM_MetaModelica/x86-linux-gcc/bin/rmlc -Wr,-ftrace -c Static.mo
"/home/dietmarw/.workspace/OM_MetaModelica/x86-linux-gcc/bin/rml" -Eplain -ftrace Static.mo
gcc -c -O2 -fomit-frame-pointer -I"/home/dietmarw/.workspace/OM_MetaModelica/x86-linux-gcc/include"/plain -o Static.o Static.c
cp Static.h ../Static.h
/home/dietmarw/.workspace/OM_MetaModelica/x86-linux-gcc/bin/rmlc -Wr,-ftrace -c SimCodegen.mo
"/home/dietmarw/.workspace/OM_MetaModelica/x86-linux-gcc/bin/rml" -Eplain -ftrace SimCodegen.mo
gcc -c -O2 -fomit-frame-pointer -I"/home/dietmarw/.workspace/OM_MetaModelica/x86-linux-gcc/include"/plain -o SimCodegen.o SimCodegen.c
cp SimCodegen.h ../SimCodegen.h
/home/dietmarw/.workspace/OM_MetaModelica/x86-linux-gcc/bin/rmlc -Wr,-ftrace -c Types.mo
"/home/dietmarw/.workspace/OM_MetaModelica/x86-linux-gcc/bin/rml" -Eplain -ftrace Types.mo
gcc -c -O2 -fomit-frame-pointer -I"/home/dietmarw/.workspace/OM_MetaModelica/x86-linux-gcc/include"/plain -o Types.o Types.c
cp Types.h ../Types.h
/home/dietmarw/.workspace/OM_MetaModelica/x86-linux-gcc/bin/rmlc -Wr,-ftrace -c TaskGraph.mo
"/home/dietmarw/.workspace/OM_MetaModelica/x86-linux-gcc/bin/rml" -Eplain -ftrace TaskGraph.mo
gcc -c -O2 -fomit-frame-pointer -I"/home/dietmarw/.workspace/OM_MetaModelica/x86-linux-gcc/include"/plain -o TaskGraph.o TaskGraph.c
cp TaskGraph.h ../TaskGraph.h
/home/dietmarw/.workspace/OM_MetaModelica/x86-linux-gcc/bin/rmlc -Wr,-ftrace -c Util.mo
"/home/dietmarw/.workspace/OM_MetaModelica/x86-linux-gcc/bin/rml" -Eplain -ftrace Util.mo
gcc -c -O2 -fomit-frame-pointer -I"/home/dietmarw/.workspace/OM_MetaModelica/x86-linux-gcc/include"/plain -o Util.o Util.c
cp Util.h ../Util.h
/home/dietmarw/.workspace/OM_MetaModelica/x86-linux-gcc/bin/rmlc -Wr,-ftrace -c Values.mo
"/home/dietmarw/.workspace/OM_MetaModelica/x86-linux-gcc/bin/rml" -Eplain -ftrace Values.mo
gcc -c -O2 -fomit-frame-pointer -I"/home/dietmarw/.workspace/OM_MetaModelica/x86-linux-gcc/include"/plain -o Values.o Values.c
cp Values.h ../Values.h
/home/dietmarw/.workspace/OM_MetaModelica/x86-linux-gcc/bin/rmlc -Wr,-ftrace -c VarTransform.mo
"/home/dietmarw/.workspace/OM_MetaModelica/x86-linux-gcc/bin/rml" -Eplain -ftrace VarTransform.mo
gcc -c -O2 -fomit-frame-pointer -I"/home/dietmarw/.workspace/OM_MetaModelica/x86-linux-gcc/include"/plain -o VarTransform.o VarTransform.c
cp VarTransform.h ../VarTransform.h
/home/dietmarw/.workspace/OM_MetaModelica/x86-linux-gcc/bin/rmlc -Wr,-ftrace -c Refactor.mo
"/home/dietmarw/.workspace/OM_MetaModelica/x86-linux-gcc/bin/rml" -Eplain -ftrace Refactor.mo
gcc -c -O2 -fomit-frame-pointer -I"/home/dietmarw/.workspace/OM_MetaModelica/x86-linux-gcc/include"/plain -o Refactor.o Refactor.c
cp Refactor.h ../Refactor.h
/home/dietmarw/.workspace/OM_MetaModelica/x86-linux-gcc/bin/rmlc -Wr,-ftrace -c DAEQuery.mo
"/home/dietmarw/.workspace/OM_MetaModelica/x86-linux-gcc/bin/rml" -Eplain -ftrace DAEQuery.mo
gcc -c -O2 -fomit-frame-pointer -I"/home/dietmarw/.workspace/OM_MetaModelica/x86-linux-gcc/include"/plain -o DAEQuery.o DAEQuery.c
cp DAEQuery.h ../DAEQuery.h
/home/dietmarw/.workspace/OM_MetaModelica/x86-linux-gcc/bin/rmlc -Wr,-ftrace -c XMLDump.mo
"/home/dietmarw/.workspace/OM_MetaModelica/x86-linux-gcc/bin/rml" -Eplain -ftrace XMLDump.mo
gcc -c -O2 -fomit-frame-pointer -I"/home/dietmarw/.workspace/OM_MetaModelica/x86-linux-gcc/include"/plain -o XMLDump.o XMLDump.c
cp XMLDump.h ../XMLDump.h
make -C ../runtime
make[3]: Entering directory `/home/dietmarw/.workspace/OM_trunk/Compiler/runtime'
gcc -DPACKAGE_NAME=\"\" -DPACKAGE_TARNAME=\"\" -DPACKAGE_VERSION=\"\" -DPACKAGE_STRING=\"\" -DPACKAGE_BUGREPORT=\"\" -DYYTEXT_POINTER=1 -DSTDC_HEADERS=1 -DHAVE_SYS_TYPES_H=1 -DHAVE_SYS_STAT_H=1 -DHAVE_STDLIB_H=1 -DHAVE_STRING_H=1 -DHAVE_MEMORY_H=1 -DHAVE_STRINGS_H=1 -DHAVE_INTTYPES_H=1 -DHAVE_STDINT_H=1 -DHAVE_UNISTD_H=1 -DHAVE_SYS_TIME_H=1 -DHAVE_VPRINTF=1 -DHAVE_GETCWD=1 -DHAVE_SELECT=1 -DHAVE_STRDUP=1 -DHAVE_STRERROR=1 -DHAVE_SCANDIR=1  -DUSE_CORBA -O3 -I/home/dietmarw/.workspace/OM_MetaModelica/x86-linux-gcc/include/plain -I../../c_runtime -I../ -I. -I/usr/local//include -I./   -c -o rtopts.o rtopts.c
gcc -DPACKAGE_NAME=\"\" -DPACKAGE_TARNAME=\"\" -DPACKAGE_VERSION=\"\" -DPACKAGE_STRING=\"\" -DPACKAGE_BUGREPORT=\"\" -DYYTEXT_POINTER=1 -DSTDC_HEADERS=1 -DHAVE_SYS_TYPES_H=1 -DHAVE_SYS_STAT_H=1 -DHAVE_STDLIB_H=1 -DHAVE_STRING_H=1 -DHAVE_MEMORY_H=1 -DHAVE_STRINGS_H=1 -DHAVE_INTTYPES_H=1 -DHAVE_STDINT_H=1 -DHAVE_UNISTD_H=1 -DHAVE_SYS_TIME_H=1 -DHAVE_VPRINTF=1 -DHAVE_GETCWD=1 -DHAVE_SELECT=1 -DHAVE_STRDUP=1 -DHAVE_STRERROR=1 -DHAVE_SCANDIR=1  -DUSE_CORBA -O3 -I/home/dietmarw/.workspace/OM_MetaModelica/x86-linux-gcc/include/plain -I../../c_runtime -I../ -I. -I/usr/local//include -I./   -c -o socketimpl.o socketimpl.c
gcc -DPACKAGE_NAME=\"\" -DPACKAGE_TARNAME=\"\" -DPACKAGE_VERSION=\"\" -DPACKAGE_STRING=\"\" -DPACKAGE_BUGREPORT=\"\" -DYYTEXT_POINTER=1 -DSTDC_HEADERS=1 -DHAVE_SYS_TYPES_H=1 -DHAVE_SYS_STAT_H=1 -DHAVE_STDLIB_H=1 -DHAVE_STRING_H=1 -DHAVE_MEMORY_H=1 -DHAVE_STRINGS_H=1 -DHAVE_INTTYPES_H=1 -DHAVE_STDINT_H=1 -DHAVE_UNISTD_H=1 -DHAVE_SYS_TIME_H=1 -DHAVE_VPRINTF=1 -DHAVE_GETCWD=1 -DHAVE_SELECT=1 -DHAVE_STRDUP=1 -DHAVE_STRERROR=1 -DHAVE_SCANDIR=1  -DUSE_CORBA -O3 -I/home/dietmarw/.workspace/OM_MetaModelica/x86-linux-gcc/include/plain -I../../c_runtime -I../ -I. -I/usr/local//include -I./   -c -o printimpl.o printimpl.c
gcc -DPACKAGE_NAME=\"\" -DPACKAGE_TARNAME=\"\" -DPACKAGE_VERSION=\"\" -DPACKAGE_STRING=\"\" -DPACKAGE_BUGREPORT=\"\" -DYYTEXT_POINTER=1 -DSTDC_HEADERS=1 -DHAVE_SYS_TYPES_H=1 -DHAVE_SYS_STAT_H=1 -DHAVE_STDLIB_H=1 -DHAVE_STRING_H=1 -DHAVE_MEMORY_H=1 -DHAVE_STRINGS_H=1 -DHAVE_INTTYPES_H=1 -DHAVE_STDINT_H=1 -DHAVE_UNISTD_H=1 -DHAVE_SYS_TIME_H=1 -DHAVE_VPRINTF=1 -DHAVE_GETCWD=1 -DHAVE_SELECT=1 -DHAVE_STRDUP=1 -DHAVE_STRERROR=1 -DHAVE_SCANDIR=1  -DUSE_CORBA -O3 -I/home/dietmarw/.workspace/OM_MetaModelica/x86-linux-gcc/include/plain -I../../c_runtime -I../ -I. -I/usr/local//include -I./   -c -o systemimpl.o systemimpl.c
systemimpl.c: In function ‘System__pwd’:
systemimpl.c:2077: warning: ignoring return value of ‘getcwd’, declared with attribute warn_unused_result
systemimpl.c: In function ‘System__writeFile’:
systemimpl.c:2103: warning: ignoring return value of ‘fwrite’, declared with attribute warn_unused_result
systemimpl.c: In function ‘System__setDataPort’:
systemimpl.c:2697: warning: format ‘%s’ expects type ‘char *’, but argument 3 has type ‘int’
gcc -DPACKAGE_NAME=\"\" -DPACKAGE_TARNAME=\"\" -DPACKAGE_VERSION=\"\" -DPACKAGE_STRING=\"\" -DPACKAGE_BUGREPORT=\"\" -DYYTEXT_POINTER=1 -DSTDC_HEADERS=1 -DHAVE_SYS_TYPES_H=1 -DHAVE_SYS_STAT_H=1 -DHAVE_STDLIB_H=1 -DHAVE_STRING_H=1 -DHAVE_MEMORY_H=1 -DHAVE_STRINGS_H=1 -DHAVE_INTTYPES_H=1 -DHAVE_STDINT_H=1 -DHAVE_UNISTD_H=1 -DHAVE_SYS_TIME_H=1 -DHAVE_VPRINTF=1 -DHAVE_GETCWD=1 -DHAVE_SELECT=1 -DHAVE_STRDUP=1 -DHAVE_STRERROR=1 -DHAVE_SCANDIR=1  -DUSE_CORBA -O3 -I/home/dietmarw/.workspace/OM_MetaModelica/x86-linux-gcc/include/plain -I../../c_runtime -I../ -I. -I/usr/local//include -I./   -c -o settingsimpl.o settingsimpl.c
g++ -DPACKAGE_NAME=\"\" -DPACKAGE_TARNAME=\"\" -DPACKAGE_VERSION=\"\" -DPACKAGE_STRING=\"\" -DPACKAGE_BUGREPORT=\"\" -DYYTEXT_POINTER=1 -DSTDC_HEADERS=1 -DHAVE_SYS_TYPES_H=1 -DHAVE_SYS_STAT_H=1 -DHAVE_STDLIB_H=1 -DHAVE_STRING_H=1 -DHAVE_MEMORY_H=1 -DHAVE_STRINGS_H=1 -DHAVE_INTTYPES_H=1 -DHAVE_STDINT_H=1 -DHAVE_UNISTD_H=1 -DHAVE_SYS_TIME_H=1 -DHAVE_VPRINTF=1 -DHAVE_GETCWD=1 -DHAVE_SELECT=1 -DHAVE_STRDUP=1 -DHAVE_STRERROR=1 -DHAVE_SCANDIR=1  -DUSE_CORBA -O3 -I/home/dietmarw/.workspace/OM_MetaModelica/x86-linux-gcc/include/plain -I../../c_runtime -I../ -I. -I/usr/local//include -I./   -c -o ptolemyio.o ptolemyio.cpp
ptolemyio.cpp: In function ‘void* read_ptolemy_dataset(char*, int, char**, int)’:
ptolemyio.cpp:78: warning: deprecated conversion from string constant to ‘char*’
ptolemyio.cpp:83: warning: deprecated conversion from string constant to ‘char*’
ptolemyio.cpp: In function ‘int read_ptolemy_dataset_size(char*)’:
ptolemyio.cpp:152: warning: deprecated conversion from string constant to ‘char*’
g++ -DPACKAGE_NAME=\"\" -DPACKAGE_TARNAME=\"\" -DPACKAGE_VERSION=\"\" -DPACKAGE_STRING=\"\" -DPACKAGE_BUGREPORT=\"\" -DYYTEXT_POINTER=1 -DSTDC_HEADERS=1 -DHAVE_SYS_TYPES_H=1 -DHAVE_SYS_STAT_H=1 -DHAVE_STDLIB_H=1 -DHAVE_STRING_H=1 -DHAVE_MEMORY_H=1 -DHAVE_STRINGS_H=1 -DHAVE_INTTYPES_H=1 -DHAVE_STDINT_H=1 -DHAVE_UNISTD_H=1 -DHAVE_SYS_TIME_H=1 -DHAVE_VPRINTF=1 -DHAVE_GETCWD=1 -DHAVE_SELECT=1 -DHAVE_STRDUP=1 -DHAVE_STRERROR=1 -DHAVE_SCANDIR=1  -DUSE_CORBA -O3 -I/home/dietmarw/.workspace/OM_MetaModelica/x86-linux-gcc/include/plain -I../../c_runtime -I../ -I. -I/usr/local//include -I./   -c -o daeext.o daeext.cpp
g++ -DPACKAGE_NAME=\"\" -DPACKAGE_TARNAME=\"\" -DPACKAGE_VERSION=\"\" -DPACKAGE_STRING=\"\" -DPACKAGE_BUGREPORT=\"\" -DYYTEXT_POINTER=1 -DSTDC_HEADERS=1 -DHAVE_SYS_TYPES_H=1 -DHAVE_SYS_STAT_H=1 -DHAVE_STDLIB_H=1 -DHAVE_STRING_H=1 -DHAVE_MEMORY_H=1 -DHAVE_STRINGS_H=1 -DHAVE_INTTYPES_H=1 -DHAVE_STDINT_H=1 -DHAVE_UNISTD_H=1 -DHAVE_SYS_TIME_H=1 -DHAVE_VPRINTF=1 -DHAVE_GETCWD=1 -DHAVE_SELECT=1 -DHAVE_STRDUP=1 -DHAVE_STRERROR=1 -DHAVE_SCANDIR=1  -DUSE_CORBA -O3 -I/home/dietmarw/.workspace/OM_MetaModelica/x86-linux-gcc/include/plain -I../../c_runtime -I../ -I. -I/usr/local//include -I./   -c -o ErrorMessage.o ErrorMessage.cpp
g++ -DPACKAGE_NAME=\"\" -DPACKAGE_TARNAME=\"\" -DPACKAGE_VERSION=\"\" -DPACKAGE_STRING=\"\" -DPACKAGE_BUGREPORT=\"\" -DYYTEXT_POINTER=1 -DSTDC_HEADERS=1 -DHAVE_SYS_TYPES_H=1 -DHAVE_SYS_STAT_H=1 -DHAVE_STDLIB_H=1 -DHAVE_STRING_H=1 -DHAVE_MEMORY_H=1 -DHAVE_STRINGS_H=1 -DHAVE_INTTYPES_H=1 -DHAVE_STDINT_H=1 -DHAVE_UNISTD_H=1 -DHAVE_SYS_TIME_H=1 -DHAVE_VPRINTF=1 -DHAVE_GETCWD=1 -DHAVE_SELECT=1 -DHAVE_STRDUP=1 -DHAVE_STRERROR=1 -DHAVE_SCANDIR=1  -DUSE_CORBA -O3 -I/home/dietmarw/.workspace/OM_MetaModelica/x86-linux-gcc/include/plain -I../../c_runtime -I../ -I. -I/usr/local//include -I./   -c -o errorext.o errorext.cpp
g++ -DPACKAGE_NAME=\"\" -DPACKAGE_TARNAME=\"\" -DPACKAGE_VERSION=\"\" -DPACKAGE_STRING=\"\" -DPACKAGE_BUGREPORT=\"\" -DYYTEXT_POINTER=1 -DSTDC_HEADERS=1 -DHAVE_SYS_TYPES_H=1 -DHAVE_SYS_STAT_H=1 -DHAVE_STDLIB_H=1 -DHAVE_STRING_H=1 -DHAVE_MEMORY_H=1 -DHAVE_STRINGS_H=1 -DHAVE_INTTYPES_H=1 -DHAVE_STDINT_H=1 -DHAVE_UNISTD_H=1 -DHAVE_SYS_TIME_H=1 -DHAVE_VPRINTF=1 -DHAVE_GETCWD=1 -DHAVE_SELECT=1 -DHAVE_STRDUP=1 -DHAVE_STRERROR=1 -DHAVE_SCANDIR=1  -DUSE_CORBA -O3 -I/home/dietmarw/.workspace/OM_MetaModelica/x86-linux-gcc/include/plain -I../../c_runtime -I../ -I. -I/usr/local//include -I./   -c -o omc_communication_impl.o omc_communication_impl.cpp
omc_communication_impl.cpp:110: warning: deprecated conversion from string constant to ‘char*’
omc_communication_impl.cpp:111: warning: deprecated conversion from string constant to ‘char*’
g++ -DPACKAGE_NAME=\"\" -DPACKAGE_TARNAME=\"\" -DPACKAGE_VERSION=\"\" -DPACKAGE_STRING=\"\" -DPACKAGE_BUGREPORT=\"\" -DYYTEXT_POINTER=1 -DSTDC_HEADERS=1 -DHAVE_SYS_TYPES_H=1 -DHAVE_SYS_STAT_H=1 -DHAVE_STDLIB_H=1 -DHAVE_STRING_H=1 -DHAVE_MEMORY_H=1 -DHAVE_STRINGS_H=1 -DHAVE_INTTYPES_H=1 -DHAVE_STDINT_H=1 -DHAVE_UNISTD_H=1 -DHAVE_SYS_TIME_H=1 -DHAVE_VPRINTF=1 -DHAVE_GETCWD=1 -DHAVE_SELECT=1 -DHAVE_STRDUP=1 -DHAVE_STRERROR=1 -DHAVE_SCANDIR=1  -DUSE_CORBA -O3 -I/home/dietmarw/.workspace/OM_MetaModelica/x86-linux-gcc/include/plain -I../../c_runtime -I../ -I. -I/usr/local//include -I./   -c -o corbaimpl.o corbaimpl.cpp
corbaimpl.cpp: In function ‘void* Corba__initialize(rml_state*)’:
corbaimpl.cpp:357: warning: deprecated conversion from string constant to ‘char*’
corbaimpl.cpp:357: warning: deprecated conversion from string constant to ‘char*’
corbaimpl.cpp:357: warning: deprecated conversion from string constant to ‘char*’
corbaimpl.cpp:357: warning: deprecated conversion from string constant to ‘char*’
corbaimpl.cpp:371: warning: deprecated conversion from string constant to ‘char*’
g++ -DPACKAGE_NAME=\"\" -DPACKAGE_TARNAME=\"\" -DPACKAGE_VERSION=\"\" -DPACKAGE_STRING=\"\" -DPACKAGE_BUGREPORT=\"\" -DYYTEXT_POINTER=1 -DSTDC_HEADERS=1 -DHAVE_SYS_TYPES_H=1 -DHAVE_SYS_STAT_H=1 -DHAVE_STDLIB_H=1 -DHAVE_STRING_H=1 -DHAVE_MEMORY_H=1 -DHAVE_STRINGS_H=1 -DHAVE_INTTYPES_H=1 -DHAVE_STDINT_H=1 -DHAVE_UNISTD_H=1 -DHAVE_SYS_TIME_H=1 -DHAVE_VPRINTF=1 -DHAVE_GETCWD=1 -DHAVE_SELECT=1 -DHAVE_STRDUP=1 -DHAVE_STRERROR=1 -DHAVE_SCANDIR=1  -DUSE_CORBA -O3 -I/home/dietmarw/.workspace/OM_MetaModelica/x86-linux-gcc/include/plain -I../../c_runtime -I../ -I. -I/usr/local//include -I./   -c -o omc_communication.o omc_communication.cc
In file included from /usr/local/include/CORBA.h:280,
                 from ./omc_communication.h:8,
                 from omc_communication.cc:8:
/usr/local/include/mico/throw.h: In function ‘void mico_sii_throw(CORBA::StaticRequest*, ...)’:
/usr/local/include/mico/throw.h:111: error: ‘strcmp’ was not declared in this scope
omc_communication.cc: In member function ‘virtual void* OmcCommunication::_narrow_helper(const char*)’:
omc_communication.cc:28: error: ‘strcmp’ was not declared in this scope
omc_communication.cc: In static member function ‘static OmcCommunication* OmcCommunication::_narrow(CORBA::Object*)’:
omc_communication.cc:41: error: ‘strcmp’ was not declared in this scope
omc_communication.cc: In member function ‘virtual void* POA_OmcCommunication::_narrow_helper(const char*)’:
omc_communication.cc:127: error: ‘strcmp’ was not declared in this scope
omc_communication.cc: In member function ‘virtual CORBA::Boolean POA_OmcCommunication::_is_a(const char*)’:
omc_communication.cc:300: error: ‘strcmp’ was not declared in this scope
omc_communication.cc: In member function ‘bool POA_OmcCommunication::dispatch(CORBA::StaticServerRequest*)’:
omc_communication.cc:336: error: ‘strcmp’ was not declared in this scope
omc_communication.cc:353: error: ‘strcmp’ was not declared in this scope
make[3]: *** [omc_communication.o] Error 1
make[3]: Leaving directory `/home/dietmarw/.workspace/OM_trunk/Compiler/runtime'
make[2]: *** [../runtime] Error 2
make[2]: Leaving directory `/home/dietmarw/.workspace/OM_trunk/Compiler/omc_release'
make[1]: *** [omc_release] Error 2
make[1]: Leaving directory `/home/dietmarw/.workspace/OM_trunk/Compiler'
make: *** [omc] Error 2
