omc> simulate(Modelica.Utilities.Examples.readRealParameterModel)
record SimulationResult
    resultFile = "",
    simulationOptions = "startTime = 0.0, stopTime = 1.01, numberOfIntervals = 500, tolerance = 0.000001, method = 'dassl', fileNamePrefix = 'Modelica.Utilities.Examples.readRealParameterModel', options = '', outputFormat = 'mat', variableFilter = '.*', measureTime = false, cflags = '', simflags = ''",
    messages = "Simulation failed for model: Modelica.Utilities.Examples.readRealParameterModel
Error: Error building simulator. Build log: perl C:/Programme/OpenModelica1.9.0//share/omc/scripts/convert_lines.pl Modelica.Utilities.Examples.readRealParameterModel.c Modelica.Utilities.Examples.readRealParameterModel.conv.c.tmp
perl C:/Programme/OpenModelica1.9.0//share/omc/scripts/convert_lines.pl Modelica.Utilities.Examples.readRealParameterModel_functions.c Modelica.Utilities.Examples.readRealParameterModel.conv.c.tmp
gcc  -O0 -g -falign-functions -msse2 -mfpmath=sse   -I\"C:/Programme/OpenModelica1.9.0//include/omc\" -I.   -DOPENMODELICA_XML_FROM_FILE_AT_RUNTIME  -c -o Modelica.Utilities.Examples.readRealParameterModel.conv.o Modelica.Utilities.Examples.readRealParameterModel.conv.c
In file included from Modelica.Utilities.Examples.readRealParameterModel.c:14:
Modelica.Utilities.Examples.readRealParameterModel_functions.h:199: error: expected declaration specifiers or '...' before 'metatype_array'
Modelica.Utilities.Examples.readRealParameterModel_functions.h:220: error: expected ')' before '_strings'
In file included from Modelica.Utilities.Examples.readRealParameterModel.c:17:
Modelica.Utilities.Examples.readRealParameterModel_functions.c:25: error: expected '=', ',', ';', 'asm' or '__attribute__' before 'const'
In file included from Modelica.Utilities.Examples.readRealParameterModel.c:17:
Modelica.Utilities.Examples.readRealParameterModel_functions.c:38: error: expected '=', ',', ';', 'asm' or '__attribute__' before 'const'
In file included from Modelica.Utilities.Examples.readRealParameterModel.c:17:
Modelica.Utilities.Examples.readRealParameterModel_functions.c:63: error: expected '=', ',', ';', 'asm' or '__attribute__' before 'const'
In file included from Modelica.Utilities.Examples.readRealParameterModel.c:17:
Modelica.Utilities.Examples.readRealParameterModel_functions.c:72: error: expected '=', ',', ';', 'asm' or '__attribute__' before 'const'
In file included from Modelica.Utilities.Examples.readRealParameterModel.c:17:
Modelica.Utilities.Examples.readRealParameterModel_functions.c:125: error: expected '=', ',', ';', 'asm' or '__attribute__' before 'const'
In file included from Modelica.Utilities.Examples.readRealParameterModel.c:17:
Modelica.Utilities.Examples.readRealParameterModel_functions.c:138: error: expected '=', ',', ';', 'asm' or '__attribute__' before 'const'
In file included from Modelica.Utilities.Examples.readRealParameterModel.c:17:
Modelica.Utilities.Examples.readRealParameterModel_functions.c:163: error: expected '=', ',', ';', 'asm' or '__attribute__' before 'const'
In file included from Modelica.Utilities.Examples.readRealParameterModel.c:17:
Modelica.Utilities.Examples.readRealParameterModel_functions.c: In function 'omc_Modelica_Utilities_Examples_readRealParameter':
Modelica.Utilities.Examples.readRealParameterModel_functions.c:373: warning: passing argument 2 of 'stringAppend' discards qualifiers from pointer target type
C:/Programme/OpenModelica1.9.0//include/omc/meta_modelica_builtin.h:66: note: expected 'void * const' but argument is of type 'modelica_string'
In file included from Modelica.Utilities.Examples.readRealParameterModel.c:17:
Modelica.Utilities.Examples.readRealParameterModel_functions.c:377: error: '_OMC_LIT4' undeclared (first use in this function)
Modelica.Utilities.Examples.readRealParameterModel_functions.c:377: error: (Each undeclared identifier is reported only once
Modelica.Utilities.Examples.readRealParameterModel_functions.c:377: error: for each function it appears in.)
Modelica.Utilities.Examples.readRealParameterModel_functions.c:377: error: too many arguments to function 'omc_Modelica_Utilities_Strings_scanDelimiter'
In file included from Modelica.Utilities.Examples.readRealParameterModel.c:17:
Modelica.Utilities.Examples.readRealParameterModel_functions.c:387: error: '_OMC_LIT7' undeclared (first use in this function)
Modelica.Utilities.Examples.readRealParameterModel_functions.c:387: error: too many arguments to function 'omc_Modelica_Utilities_Strings_scanDelimiter'
In file included from Modelica.Utilities.Examples.readRealParameterModel.c:17:
Modelica.Utilities.Examples.readRealParameterModel_functions.c:412: warning: passing argument 2 of 'stringAppend' discards qualifiers from pointer target type
C:/Programme/OpenModelica1.9.0//include/omc/meta_modelica_builtin.h:66: note: expected 'void * const' but argument is of type 'modelica_string'
In file included from Modelica.Utilities.Examples.readRealParameterModel.c:17:
Modelica.Utilities.Examples.readRealParameterModel_functions.c: In function 'omc_Modelica_Utilities_Examples_expression_primary':
Modelica.Utilities.Examples.readRealParameterModel_functions.c:517: error: '_OMC_LIT15' undeclared (first use in this function)
Modelica.Utilities.Examples.readRealParameterModel_functions.c:517: error: too many arguments to function 'omc_Modelica_Utilities_Strings_scanDelimiter'
In file included from Modelica.Utilities.Examples.readRealParameterModel.c:17:
Modelica.Utilities.Examples.readRealParameterModel_functions.c:555: error: '_OMC_LIT13' undeclared (first use in this function)
Modelica.Utilities.Examples.readRealParameterModel_functions.c:555: error: too many arguments to function 'omc_Modelica_Utilities_Strings_scanDelimiter'
In file included from Modelica.Utilities.Examples.readRealParameterModel.c:17:
Modelica.Utilities.Examples.readRealParameterModel_functions.c:565: error: too many arguments to function 'omc_Modelica_Utilities_Strings_scanDelimiter'
In file included from Modelica.Utilities.Examples.readRealParameterModel.c:17:
Modelica.Utilities.Examples.readRealParameterModel_functions.c:604: warning: passing argument 2 of 'stringAppend' discards qualifiers from pointer target type
C:/Programme/OpenModelica1.9.0//include/omc/meta_modelica_builtin.h:66: note: expected 'void * const' but argument is of type 'modelica_string'
In file included from Modelica.Utilities.Examples.readRealParameterModel.c:17:
Modelica.Utilities.Examples.readRealParameterModel_functions.c: In function 'omc_Modelica_Utilities_Examples_expression':
Modelica.Utilities.Examples.readRealParameterModel_functions.c:708: error: '_OMC_LIT28' undeclared (first use in this function)
Modelica.Utilities.Examples.readRealParameterModel_functions.c:708: error: too many arguments to function 'omc_Modelica_Utilities_Strings_scanDelimiter'
In file included from Modelica.Utilities.Examples.readRealParameterModel.c:17:
Modelica.Utilities.Examples.readRealParameterModel_functions.c:730: error: too many arguments to function 'omc_Modelica_Utilities_Strings_scanDelimiter'
In file included from Modelica.Utilities.Examples.readRealParameterModel.c:17:
Modelica.Utilities.Examples.readRealParameterModel_functions.c: In function 'omc_Modelica_Utilities_Examples_expression_term':
Modelica.Utilities.Examples.readRealParameterModel_functions.c:819: error: '_OMC_LIT31' undeclared (first use in this function)
Modelica.Utilities.Examples.readRealParameterModel_functions.c:819: error: too many arguments to function 'omc_Modelica_Utilities_Strings_scanDelimiter'
In file included from Modelica.Utilities.Examples.readRealParameterModel.c:17:
Modelica.Utilities.Examples.readRealParameterModel_functions.c: At top level:
Modelica.Utilities.Examples.readRealParameterModel_functions.c:1393: error: expected declaration specifiers or '...' before 'metatype_array'
In file included from Modelica.Utilities.Examples.readRealParameterModel.c:17:
Modelica.Utilities.Examples.readRealParameterModel_functions.c: In function 'omc_Modelica_Utilities_Strings_scanDelimiter':
Modelica.Utilities.Examples.readRealParameterModel_functions.c:1426: error: '_requiredDelimiters' undeclared (first use in this function)
In file included from Modelica.Utilities.Examples.readRealParameterModel.c:17:
Modelica.Utilities.Examples.readRealParameterModel_functions.c:1510: error: incompatible types when assigning to type 'Modelica_Utilities_Strings_scanDelimiter_concatenate_rettype' from type 'int'
In file included from Modelica.Utilities.Examples.readRealParameterModel.c:17:
Modelica.Utilities.Examples.readRealParameterModel_functions.c: In function 'boxptr_Modelica_Utilities_Strings_scanDelimiter':
Modelica.Utilities.Examples.readRealParameterModel_functions.c:1539: error: 'modelica_array' undeclared (first use in this function)
Modelica.Utilities.Examples.readRealParameterModel_functions.c:1539: error: expected ';' before 'tmp4'
In file included from Modelica.Utilities.Examples.readRealParameterModel.c:17:
Modelica.Utilities.Examples.readRealParameterModel_functions.c:1543: error: 'tmp4' undeclared (first use in this function)
In file included from Modelica.Utilities.Examples.readRealParameterModel.c:17:
Modelica.Utilities.Examples.readRealParameterModel_functions.c:1544: error: too many arguments to function 'omc_Modelica_Utilities_Strings_scanDelimiter'
In file included from Modelica.Utilities.Examples.readRealParameterModel.c:17:
Modelica.Utilities.Examples.readRealParameterModel_functions.c: At top level:
Modelica.Utilities.Examples.readRealParameterModel_functions.c:1618: error: expected ')' before '_strings'
In file included from Modelica.Utilities.Examples.readRealParameterModel.c:17:
Modelica.Utilities.Examples.readRealParameterModel_functions.c: In function 'boxptr_Modelica_Utilities_Strings_scanDelimiter_concatenate':
Modelica.Utilities.Examples.readRealParameterModel_functions.c:1696: error: 'modelica_array' undeclared (first use in this function)
Modelica.Utilities.Examples.readRealParameterModel_functions.c:1696: error: expected ';' before 'tmp3'
In file included from Modelica.Utilities.Examples.readRealParameterModel.c:17:
Modelica.Utilities.Examples.readRealParameterModel_functions.c:1697: error: 'tmp3' undeclared (first use in this function)
In file included from Modelica.Utilities.Examples.readRealParameterModel.c:17:
Modelica.Utilities.Examples.readRealParameterModel_functions.c:1698: error: incompatible types when assigning to type 'Modelica_Utilities_Strings_scanDelimiter_concatenate_rettype' from type 'int'
In file included from Modelica.Utilities.Examples.readRealParameterModel.c:17:
Modelica.Utilities.Examples.readRealParameterModel_functions.c: In function 'omc_Modelica_Utilities_Strings_syntaxError':
Modelica.Utilities.Examples.readRealParameterModel_functions.c:1877: warning: passing argument 2 of 'stringAppend' discards qualifiers from pointer target type
C:/Programme/OpenModelica1.9.0//include/omc/meta_modelica_builtin.h:66: note: expected 'void * const' but argument is of type 'modelica_string'
Modelica.Utilities.Examples.readRealParameterModel.c: In function 'eqFunction_1':
Modelica.Utilities.Examples.readRealParameterModel.c:223: warning: passing argument 1 of 'omc_Modelica_Utilities_Examples_readRealParameter' discards qualifiers from pointer target type
Modelica.Utilities.Examples.readRealParameterModel_functions.c:297: note: expected 'modelica_metatype' but argument is of type 'modelica_string'
Modelica.Utilities.Examples.readRealParameterModel.c: In function 'eqFunction_2':
Modelica.Utilities.Examples.readRealParameterModel.c:244: warning: passing argument 1 of 'omc_Modelica_Utilities_Examples_readRealParameter' discards qualifiers from pointer target type
Modelica.Utilities.Examples.readRealParameterModel_functions.c:297: note: expected 'modelica_metatype' but argument is of type 'modelica_string'
Modelica.Utilities.Examples.readRealParameterModel.c: In function 'eqFunction_3':
Modelica.Utilities.Examples.readRealParameterModel.c:265: warning: passing argument 1 of 'omc_Modelica_Utilities_Examples_readRealParameter' discards qualifiers from pointer target type
Modelica.Utilities.Examples.readRealParameterModel_functions.c:297: note: expected 'modelica_metatype' but argument is of type 'modelica_string'
Modelica.Utilities.Examples.readRealParameterModel.c: In function 'eqFunction_5':
Modelica.Utilities.Examples.readRealParameterModel.c:316: warning: passing argument 1 of 'omc_Modelica_Utilities_Examples_readRealParameter' discards qualifiers from pointer target type
Modelica.Utilities.Examples.readRealParameterModel_functions.c:297: note: expected 'modelica_metatype' but argument is of type 'modelica_string'
Modelica.Utilities.Examples.readRealParameterModel.c: In function 'eqFunction_6':
Modelica.Utilities.Examples.readRealParameterModel.c:337: warning: passing argument 1 of 'omc_Modelica_Utilities_Examples_readRealParameter' discards qualifiers from pointer target type
Modelica.Utilities.Examples.readRealParameterModel_functions.c:297: note: expected 'modelica_metatype' but argument is of type 'modelica_string'
Modelica.Utilities.Examples.readRealParameterModel.c: In function 'eqFunction_7':
Modelica.Utilities.Examples.readRealParameterModel.c:358: warning: passing argument 1 of 'omc_Modelica_Utilities_Examples_readRealParameter' discards qualifiers from pointer target type
Modelica.Utilities.Examples.readRealParameterModel_functions.c:297: note: expected 'modelica_metatype' but argument is of type 'modelica_string'
mingw32-make: *** [Modelica.Utilities.Examples.readRealParameterModel.conv.o] Error 1

",
    timeFrontend = 0.0,
    timeBackend = 0.0,
    timeSimCode = 0.0,
    timeTemplates = 0.0,
    timeCompile = 0.0,
    timeSimulation = 0.0,
    timeTotal = 0.0
end SimulationResult;
omc> 
