[HeliumTestModel_Total.mo:1863:17-1863:61:writable] Warning: RSS_ls was used before it was defined (given a value). Additional such uses may exist for the variable, but some messages were suppressed.
[HeliumTestModel_Total.mo:1863:17-1863:61:writable] Warning: lambda_ls was used before it was defined (given a value). Additional such uses may exist for the variable, but some messages were suppressed.
[HeliumTestModel_Total.mo:1863:17-1863:61:writable] Warning: RSS_ls was used before it was defined (given a value). Additional such uses may exist for the variable, but some messages were suppressed.
[HeliumTestModel_Total.mo:1863:17-1863:61:writable] Warning: lambda_ls was used before it was defined (given a value). Additional such uses may exist for the variable, but some messages were suppressed.
[Differentiate.mo:545:5-545:417:writable] Error: Internal error Differentiation failed due to recursion causing the same expression to need to be differentiated in order to calculate the derivative of itself: Modelica.Media.Examples.Tests.Components.PortVolume$volume.Medium.setState_dTX(69.58003238740001 * delta_liq, T, {1.0}, 1) w.r.t. dummyVarNLSJac0. The full stack of expressions to differentiate:
* Modelica.Media.Examples.Tests.Components.PortVolume$volume.Medium.setSat_T(T)
* Modelica.Media.Examples.Tests.Components.PortVolume$volume.Medium.setState_dTX(69.58003238740001 * delta_liq, T, {1.0}, 1)
* Modelica.Media.Examples.Tests.Components.PortVolume$volume.Medium.setSat_T(state.T)
* Modelica.Media.Examples.Tests.Components.PortVolume$volume.Medium.density_derh_p(Modelica.Media.Examples.Tests.Components.PortVolume$volume.Medium.setState_phX(volume.medium.p, volume.medium.h, {}, 0))
* Modelica.Media.Examples.Tests.Components.PortVolume$volume.Medium.density_derh_p(Modelica.Media.Examples.Tests.Components.PortVolume$volume.Medium.setState_ph(volume.medium.p, volume.medium.h, 0))
* $DER.volume.medium.h * Modelica.Media.Examples.Tests.Components.PortVolume$volume.Medium.density_derh_p(Modelica.Media.Examples.Tests.Components.PortVolume$volume.Medium.setState_ph(volume.medium.p, volume.medium.h, 0))
* $DER.volume.medium.h * Modelica.Media.Examples.Tests.Components.PortVolume$volume.Medium.density_derh_p(Modelica.Media.Examples.Tests.Components.PortVolume$volume.Medium.setState_ph(volume.medium.p, volume.medium.h, 0)) + $DER.volume.medium.p * Modelica.Media.Examples.Tests.Components.PortVolume$volume.Medium.density_derp_h(Modelica.Media.Examples.Tests.Components.PortVolume$volume.Medium.setState_ph(volume.medium.p, volume.medium.h, 0)) - $DER.volume.medium.d
[Differentiate.mo:545:5-545:417:writable] Error: Internal error Differentiation failed due to recursion causing the same expression to need to be differentiated in order to calculate the derivative of itself: Modelica.Media.Examples.Tests.Components.PortVolume$volume.Medium.setSat_T(T) w.r.t. dummyVarNLSJac0. The full stack of expressions to differentiate:
* Modelica.Media.Examples.Tests.Components.PortVolume$volume.Medium.setState_dTX(69.58003238740001 * delta_liq, T, {1.0}, 1)
* Modelica.Media.Examples.Tests.Components.PortVolume$volume.Medium.setSat_T(T)
* Modelica.Media.Examples.Tests.Components.PortVolume$volume.Medium.setState_dTX(69.58003238740001 * delta_vap, T, {1.0}, 1)
* Modelica.Media.Examples.Tests.Components.PortVolume$volume.Medium.setSat_T(state.T)
* Modelica.Media.Examples.Tests.Components.PortVolume$volume.Medium.density_derh_p(Modelica.Media.Examples.Tests.Components.PortVolume$volume.Medium.setState_phX(volume.medium.p, volume.medium.h, {}, 0))
* Modelica.Media.Examples.Tests.Components.PortVolume$volume.Medium.density_derh_p(Modelica.Media.Examples.Tests.Components.PortVolume$volume.Medium.setState_ph(volume.medium.p, volume.medium.h, 0))
* $DER.volume.medium.h * Modelica.Media.Examples.Tests.Components.PortVolume$volume.Medium.density_derh_p(Modelica.Media.Examples.Tests.Components.PortVolume$volume.Medium.setState_ph(volume.medium.p, volume.medium.h, 0))
* $DER.volume.medium.h * Modelica.Media.Examples.Tests.Components.PortVolume$volume.Medium.density_derh_p(Modelica.Media.Examples.Tests.Components.PortVolume$volume.Medium.setState_ph(volume.medium.p, volume.medium.h, 0)) + $DER.volume.medium.p * Modelica.Media.Examples.Tests.Components.PortVolume$volume.Medium.density_derp_h(Modelica.Media.Examples.Tests.Components.PortVolume$volume.Medium.setState_ph(volume.medium.p, volume.medium.h, 0)) - $DER.volume.medium.d
[Differentiate.mo:545:5-545:417:writable] Error: Internal error Differentiation failed due to recursion causing the same expression to need to be differentiated in order to calculate the derivative of itself: Modelica.Media.Examples.Tests.Components.PortVolume$volume.Medium.setState_dTX(69.58003238740001 * delta_vap, T, {1.0}, 1) w.r.t. dummyVarNLSJac0. The full stack of expressions to differentiate:
* Modelica.Media.Examples.Tests.Components.PortVolume$volume.Medium.setSat_T(T)
* Modelica.Media.Examples.Tests.Components.PortVolume$volume.Medium.setState_dTX(69.58003238740001 * delta_vap, T, {1.0}, 1)
* Modelica.Media.Examples.Tests.Components.PortVolume$volume.Medium.setSat_T(state.T)
* Modelica.Media.Examples.Tests.Components.PortVolume$volume.Medium.density_derh_p(Modelica.Media.Examples.Tests.Components.PortVolume$volume.Medium.setState_phX(volume.medium.p, volume.medium.h, {}, 0))
* Modelica.Media.Examples.Tests.Components.PortVolume$volume.Medium.density_derh_p(Modelica.Media.Examples.Tests.Components.PortVolume$volume.Medium.setState_ph(volume.medium.p, volume.medium.h, 0))
* $DER.volume.medium.h * Modelica.Media.Examples.Tests.Components.PortVolume$volume.Medium.density_derh_p(Modelica.Media.Examples.Tests.Components.PortVolume$volume.Medium.setState_ph(volume.medium.p, volume.medium.h, 0))
* $DER.volume.medium.h * Modelica.Media.Examples.Tests.Components.PortVolume$volume.Medium.density_derh_p(Modelica.Media.Examples.Tests.Components.PortVolume$volume.Medium.setState_ph(volume.medium.p, volume.medium.h, 0)) + $DER.volume.medium.p * Modelica.Media.Examples.Tests.Components.PortVolume$volume.Medium.density_derp_h(Modelica.Media.Examples.Tests.Components.PortVolume$volume.Medium.setState_ph(volume.medium.p, volume.medium.h, 0)) - $DER.volume.medium.d
[Differentiate.mo:545:5-545:417:writable] Error: Internal error Differentiation failed due to recursion causing the same expression to need to be differentiated in order to calculate the derivative of itself: Modelica.Media.Examples.Tests.Components.PortVolume$volume.Medium.setSat_T(T) w.r.t. dummyVarNLSJac0. The full stack of expressions to differentiate:
* Modelica.Media.Examples.Tests.Components.PortVolume$volume.Medium.setState_dTX(69.58003238740001 * delta_liq, T, {1.0}, 1)
* Modelica.Media.Examples.Tests.Components.PortVolume$volume.Medium.setSat_T(T)
* Modelica.Media.Examples.Tests.Components.PortVolume$volume.Medium.setState_dTX(69.58003238740001 * delta_vap, T, {1.0}, 1)
* Modelica.Media.Examples.Tests.Components.PortVolume$volume.Medium.setSat_T(state.T)
* Modelica.Media.Examples.Tests.Components.PortVolume$volume.Medium.density_derh_p(Modelica.Media.Examples.Tests.Components.PortVolume$volume.Medium.setState_phX(volume.medium.p, volume.medium.h, {}, 0))
* Modelica.Media.Examples.Tests.Components.PortVolume$volume.Medium.density_derh_p(Modelica.Media.Examples.Tests.Components.PortVolume$volume.Medium.setState_ph(volume.medium.p, volume.medium.h, 0))
* $DER.volume.medium.h * Modelica.Media.Examples.Tests.Components.PortVolume$volume.Medium.density_derh_p(Modelica.Media.Examples.Tests.Components.PortVolume$volume.Medium.setState_ph(volume.medium.p, volume.medium.h, 0))
* $DER.volume.medium.h * Modelica.Media.Examples.Tests.Components.PortVolume$volume.Medium.density_derh_p(Modelica.Media.Examples.Tests.Components.PortVolume$volume.Medium.setState_ph(volume.medium.p, volume.medium.h, 0)) + $DER.volume.medium.p * Modelica.Media.Examples.Tests.Components.PortVolume$volume.Medium.density_derp_h(Modelica.Media.Examples.Tests.Components.PortVolume$volume.Medium.setState_ph(volume.medium.p, volume.medium.h, 0)) - $DER.volume.medium.d
[Differentiate.mo:545:5-545:417:writable] Error: Internal error Differentiation failed due to recursion causing the same expression to need to be differentiated in order to calculate the derivative of itself: Modelica.Media.Examples.Tests.Components.PortVolume$volume.Medium.setState_dTX(69.58003238740001 * delta_vap, T, {1.0}, 1) w.r.t. dummyVarNLSJac0. The full stack of expressions to differentiate:
* Modelica.Media.Examples.Tests.Components.PortVolume$volume.Medium.setSat_T(T)
* Modelica.Media.Examples.Tests.Components.PortVolume$volume.Medium.setState_dTX(69.58003238740001 * delta_vap, T, {1.0}, 1)
* Modelica.Media.Examples.Tests.Components.PortVolume$volume.Medium.setSat_T(state.T)
* Modelica.Media.Examples.Tests.Components.PortVolume$volume.Medium.density_derh_p(Modelica.Media.Examples.Tests.Components.PortVolume$volume.Medium.setState_phX(volume.medium.p, volume.medium.h, {}, 0))
* Modelica.Media.Examples.Tests.Components.PortVolume$volume.Medium.density_derh_p(Modelica.Media.Examples.Tests.Components.PortVolume$volume.Medium.setState_ph(volume.medium.p, volume.medium.h, 0))
* $DER.volume.medium.h * Modelica.Media.Examples.Tests.Components.PortVolume$volume.Medium.density_derh_p(Modelica.Media.Examples.Tests.Components.PortVolume$volume.Medium.setState_ph(volume.medium.p, volume.medium.h, 0))
* $DER.volume.medium.h * Modelica.Media.Examples.Tests.Components.PortVolume$volume.Medium.density_derh_p(Modelica.Media.Examples.Tests.Components.PortVolume$volume.Medium.setState_ph(volume.medium.p, volume.medium.h, 0)) + $DER.volume.medium.p * Modelica.Media.Examples.Tests.Components.PortVolume$volume.Medium.density_derp_h(Modelica.Media.Examples.Tests.Components.PortVolume$volume.Medium.setState_ph(volume.medium.p, volume.medium.h, 0)) - $DER.volume.medium.d
[Differentiate.mo:545:5-545:417:writable] Error: Internal error Differentiation failed due to recursion causing the same expression to need to be differentiated in order to calculate the derivative of itself: Modelica.Media.Examples.Tests.Components.PortVolume$volume.Medium.setSat_T(T) w.r.t. dummyVarNLSJac0. The full stack of expressions to differentiate:
* Modelica.Media.Examples.Tests.Components.PortVolume$volume.Medium.setState_dTX(69.58003238740001 * delta_liq, T, {1.0}, 1)
* Modelica.Media.Examples.Tests.Components.PortVolume$volume.Medium.setSat_T(T)
* Modelica.Media.Examples.Tests.Components.PortVolume$volume.Medium.setState_dTX(69.58003238740001, T, {1.0}, 1)
* Modelica.Media.Examples.Tests.Components.PortVolume$volume.Medium.setSat_T(state.T)
* Modelica.Media.Examples.Tests.Components.PortVolume$volume.Medium.density_derh_p(Modelica.Media.Examples.Tests.Components.PortVolume$volume.Medium.setState_phX(volume.medium.p, volume.medium.h, {}, 0))
* Modelica.Media.Examples.Tests.Components.PortVolume$volume.Medium.density_derh_p(Modelica.Media.Examples.Tests.Components.PortVolume$volume.Medium.setState_ph(volume.medium.p, volume.medium.h, 0))
* $DER.volume.medium.h * Modelica.Media.Examples.Tests.Components.PortVolume$volume.Medium.density_derh_p(Modelica.Media.Examples.Tests.Components.PortVolume$volume.Medium.setState_ph(volume.medium.p, volume.medium.h, 0))
* $DER.volume.medium.h * Modelica.Media.Examples.Tests.Components.PortVolume$volume.Medium.density_derh_p(Modelica.Media.Examples.Tests.Components.PortVolume$volume.Medium.setState_ph(volume.medium.p, volume.medium.h, 0)) + $DER.volume.medium.p * Modelica.Media.Examples.Tests.Components.PortVolume$volume.Medium.density_derp_h(Modelica.Media.Examples.Tests.Components.PortVolume$volume.Medium.setState_ph(volume.medium.p, volume.medium.h, 0)) - $DER.volume.medium.d
[Differentiate.mo:545:5-545:417:writable] Error: Internal error Differentiation failed due to recursion causing the same expression to need to be differentiated in order to calculate the derivative of itself: Modelica.Media.Examples.Tests.Components.PortVolume$volume.Medium.setSat_T(T) w.r.t. dummyVarNLSJac0. The full stack of expressions to differentiate:
* Modelica.Media.Examples.Tests.Components.PortVolume$volume.Medium.setState_dTX(69.58003238740001 * delta_vap, T, {1.0}, 1)
* Modelica.Media.Examples.Tests.Components.PortVolume$volume.Medium.setSat_T(T)
* Modelica.Media.Examples.Tests.Components.PortVolume$volume.Medium.setState_dTX(69.58003238740001, T, {1.0}, 1)
* Modelica.Media.Examples.Tests.Components.PortVolume$volume.Medium.setSat_T(state.T)
* Modelica.Media.Examples.Tests.Components.PortVolume$volume.Medium.density_derh_p(Modelica.Media.Examples.Tests.Components.PortVolume$volume.Medium.setState_phX(volume.medium.p, volume.medium.h, {}, 0))
* Modelica.Media.Examples.Tests.Components.PortVolume$volume.Medium.density_derh_p(Modelica.Media.Examples.Tests.Components.PortVolume$volume.Medium.setState_ph(volume.medium.p, volume.medium.h, 0))
* $DER.volume.medium.h * Modelica.Media.Examples.Tests.Components.PortVolume$volume.Medium.density_derh_p(Modelica.Media.Examples.Tests.Components.PortVolume$volume.Medium.setState_ph(volume.medium.p, volume.medium.h, 0))
* $DER.volume.medium.h * Modelica.Media.Examples.Tests.Components.PortVolume$volume.Medium.density_derh_p(Modelica.Media.Examples.Tests.Components.PortVolume$volume.Medium.setState_ph(volume.medium.p, volume.medium.h, 0)) + $DER.volume.medium.p * Modelica.Media.Examples.Tests.Components.PortVolume$volume.Medium.density_derp_h(Modelica.Media.Examples.Tests.Components.PortVolume$volume.Medium.setState_ph(volume.medium.p, volume.medium.h, 0)) - $DER.volume.medium.d
[Differentiate.mo:545:5-545:417:writable] Error: Internal error Differentiation failed due to recursion causing the same expression to need to be differentiated in order to calculate the derivative of itself: Modelica.Media.Examples.Tests.Components.PortVolume$volume.Medium.setState_dTX(69.58003238740001, T, {1.0}, 1) w.r.t. dummyVarNLSJac0. The full stack of expressions to differentiate:
* Modelica.Media.Examples.Tests.Components.PortVolume$volume.Medium.setSat_T(T)
* Modelica.Media.Examples.Tests.Components.PortVolume$volume.Medium.setState_dTX(69.58003238740001, T, {1.0}, 1)
* Modelica.Media.Examples.Tests.Components.PortVolume$volume.Medium.setSat_T(state.T)
* Modelica.Media.Examples.Tests.Components.PortVolume$volume.Medium.density_derh_p(Modelica.Media.Examples.Tests.Components.PortVolume$volume.Medium.setState_phX(volume.medium.p, volume.medium.h, {}, 0))
* Modelica.Media.Examples.Tests.Components.PortVolume$volume.Medium.density_derh_p(Modelica.Media.Examples.Tests.Components.PortVolume$volume.Medium.setState_ph(volume.medium.p, volume.medium.h, 0))
* $DER.volume.medium.h * Modelica.Media.Examples.Tests.Components.PortVolume$volume.Medium.density_derh_p(Modelica.Media.Examples.Tests.Components.PortVolume$volume.Medium.setState_ph(volume.medium.p, volume.medium.h, 0))
* $DER.volume.medium.h * Modelica.Media.Examples.Tests.Components.PortVolume$volume.Medium.density_derh_p(Modelica.Media.Examples.Tests.Components.PortVolume$volume.Medium.setState_ph(volume.medium.p, volume.medium.h, 0)) + $DER.volume.medium.p * Modelica.Media.Examples.Tests.Components.PortVolume$volume.Medium.density_derp_h(Modelica.Media.Examples.Tests.Components.PortVolume$volume.Medium.setState_ph(volume.medium.p, volume.medium.h, 0)) - $DER.volume.medium.d
[Differentiate.mo:545:5-545:417:writable] Error: Internal error Differentiation failed due to recursion causing the same expression to need to be differentiated in order to calculate the derivative of itself: Modelica.Media.Examples.Tests.Components.PortVolume$volume.Medium.setSat_T(T) w.r.t. dummyVarNLSJac0. The full stack of expressions to differentiate:
* Modelica.Media.Examples.Tests.Components.PortVolume$volume.Medium.setState_dTX(69.58003238740001 * delta_liq, T, {1.0}, 1)
* Modelica.Media.Examples.Tests.Components.PortVolume$volume.Medium.setSat_T(T)
* Modelica.Media.Examples.Tests.Components.PortVolume$volume.Medium.setState_dTX(69.58003238740001, T, {1.0}, 1)
* Modelica.Media.Examples.Tests.Components.PortVolume$volume.Medium.setSat_T(state.T)
* Modelica.Media.Examples.Tests.Components.PortVolume$volume.Medium.density_derh_p(Modelica.Media.Examples.Tests.Components.PortVolume$volume.Medium.setState_phX(volume.medium.p, volume.medium.h, {}, 0))
* Modelica.Media.Examples.Tests.Components.PortVolume$volume.Medium.density_derh_p(Modelica.Media.Examples.Tests.Components.PortVolume$volume.Medium.setState_ph(volume.medium.p, volume.medium.h, 0))
* $DER.volume.medium.h * Modelica.Media.Examples.Tests.Components.PortVolume$volume.Medium.density_derh_p(Modelica.Media.Examples.Tests.Components.PortVolume$volume.Medium.setState_ph(volume.medium.p, volume.medium.h, 0))
* $DER.volume.medium.h * Modelica.Media.Examples.Tests.Components.PortVolume$volume.Medium.density_derh_p(Modelica.Media.Examples.Tests.Components.PortVolume$volume.Medium.setState_ph(volume.medium.p, volume.medium.h, 0)) + $DER.volume.medium.p * Modelica.Media.Examples.Tests.Components.PortVolume$volume.Medium.density_derp_h(Modelica.Media.Examples.Tests.Components.PortVolume$volume.Medium.setState_ph(volume.medium.p, volume.medium.h, 0)) - $DER.volume.medium.d
[Differentiate.mo:545:5-545:417:writable] Error: Internal error Differentiation failed due to recursion causing the same expression to need to be differentiated in order to calculate the derivative of itself: Modelica.Media.Examples.Tests.Components.PortVolume$volume.Medium.setSat_T(T) w.r.t. dummyVarNLSJac0. The full stack of expressions to differentiate:
* Modelica.Media.Examples.Tests.Components.PortVolume$volume.Medium.setState_dTX(69.58003238740001 * delta_vap, T, {1.0}, 1)
* Modelica.Media.Examples.Tests.Components.PortVolume$volume.Medium.setSat_T(T)
* Modelica.Media.Examples.Tests.Components.PortVolume$volume.Medium.setState_dTX(69.58003238740001, T, {1.0}, 1)
* Modelica.Media.Examples.Tests.Components.PortVolume$volume.Medium.setSat_T(state.T)
* Modelica.Media.Examples.Tests.Components.PortVolume$volume.Medium.density_derh_p(Modelica.Media.Examples.Tests.Components.PortVolume$volume.Medium.setState_phX(volume.medium.p, volume.medium.h, {}, 0))
* Modelica.Media.Examples.Tests.Components.PortVolume$volume.Medium.density_derh_p(Modelica.Media.Examples.Tests.Components.PortVolume$volume.Medium.setState_ph(volume.medium.p, volume.medium.h, 0))
* $DER.volume.medium.h * Modelica.Media.Examples.Tests.Components.PortVolume$volume.Medium.density_derh_p(Modelica.Media.Examples.Tests.Components.PortVolume$volume.Medium.setState_ph(volume.medium.p, volume.medium.h, 0))
* $DER.volume.medium.h * Modelica.Media.Examples.Tests.Components.PortVolume$volume.Medium.density_derh_p(Modelica.Media.Examples.Tests.Components.PortVolume$volume.Medium.setState_ph(volume.medium.p, volume.medium.h, 0)) + $DER.volume.medium.p * Modelica.Media.Examples.Tests.Components.PortVolume$volume.Medium.density_derp_h(Modelica.Media.Examples.Tests.Components.PortVolume$volume.Medium.setState_ph(volume.medium.p, volume.medium.h, 0)) - $DER.volume.medium.d
[Differentiate.mo:545:5-545:417:writable] Error: Internal error Differentiation failed due to recursion causing the same expression to need to be differentiated in order to calculate the derivative of itself: Modelica.Media.Examples.Tests.Components.PortVolume$volume.Medium.setState_dTX(69.58003238740001, T, {1.0}, 1) w.r.t. dummyVarNLSJac0. The full stack of expressions to differentiate:
* Modelica.Media.Examples.Tests.Components.PortVolume$volume.Medium.setSat_T(T)
* Modelica.Media.Examples.Tests.Components.PortVolume$volume.Medium.setState_dTX(69.58003238740001, T, {1.0}, 1)
* Modelica.Media.Examples.Tests.Components.PortVolume$volume.Medium.setSat_T(state.T)
* Modelica.Media.Examples.Tests.Components.PortVolume$volume.Medium.density_derh_p(Modelica.Media.Examples.Tests.Components.PortVolume$volume.Medium.setState_phX(volume.medium.p, volume.medium.h, {}, 0))
* Modelica.Media.Examples.Tests.Components.PortVolume$volume.Medium.density_derh_p(Modelica.Media.Examples.Tests.Components.PortVolume$volume.Medium.setState_ph(volume.medium.p, volume.medium.h, 0))
* $DER.volume.medium.h * Modelica.Media.Examples.Tests.Components.PortVolume$volume.Medium.density_derh_p(Modelica.Media.Examples.Tests.Components.PortVolume$volume.Medium.setState_ph(volume.medium.p, volume.medium.h, 0))
* $DER.volume.medium.h * Modelica.Media.Examples.Tests.Components.PortVolume$volume.Medium.density_derh_p(Modelica.Media.Examples.Tests.Components.PortVolume$volume.Medium.setState_ph(volume.medium.p, volume.medium.h, 0)) + $DER.volume.medium.p * Modelica.Media.Examples.Tests.Components.PortVolume$volume.Medium.density_derp_h(Modelica.Media.Examples.Tests.Components.PortVolume$volume.Medium.setState_ph(volume.medium.p, volume.medium.h, 0)) - $DER.volume.medium.d
[Differentiate.mo:545:5-545:417:writable] Error: Internal error Differentiation failed due to recursion causing the same expression to need to be differentiated in order to calculate the derivative of itself: Modelica.Media.Examples.Tests.Components.PortVolume$volume.Medium.setSat_T(T) w.r.t. dummyVarNLSJac0. The full stack of expressions to differentiate:
* Modelica.Media.Examples.Tests.Components.PortVolume$volume.Medium.setState_dTX(69.58003238740001 * delta_liq, T, {1.0}, 1)
* Modelica.Media.Examples.Tests.Components.PortVolume$volume.Medium.setSat_T(T)
* Modelica.Media.Examples.Tests.Components.PortVolume$volume.Medium.setState_dTX(69.58003238740001, T, {1.0}, 1)
* Modelica.Media.Examples.Tests.Components.PortVolume$volume.Medium.setSat_T(state.T)
* Modelica.Media.Examples.Tests.Components.PortVolume$volume.Medium.density_derh_p(Modelica.Media.Examples.Tests.Components.PortVolume$volume.Medium.setState_phX(volume.medium.p, volume.medium.h, {}, 0))
* Modelica.Media.Examples.Tests.Components.PortVolume$volume.Medium.density_derh_p(Modelica.Media.Examples.Tests.Components.PortVolume$volume.Medium.setState_ph(volume.medium.p, volume.medium.h, 0))
* $DER.volume.medium.h * Modelica.Media.Examples.Tests.Components.PortVolume$volume.Medium.density_derh_p(Modelica.Media.Examples.Tests.Components.PortVolume$volume.Medium.setState_ph(volume.medium.p, volume.medium.h, 0))
* $DER.volume.medium.h * Modelica.Media.Examples.Tests.Components.PortVolume$volume.Medium.density_derh_p(Modelica.Media.Examples.Tests.Components.PortVolume$volume.Medium.setState_ph(volume.medium.p, volume.medium.h, 0)) + $DER.volume.medium.p * Modelica.Media.Examples.Tests.Components.PortVolume$volume.Medium.density_derp_h(Modelica.Media.Examples.Tests.Components.PortVolume$volume.Medium.setState_ph(volume.medium.p, volume.medium.h, 0)) - $DER.volume.medium.d
[Differentiate.mo:545:5-545:417:writable] Error: Internal error Differentiation failed due to recursion causing the same expression to need to be differentiated in order to calculate the derivative of itself: Modelica.Media.Examples.Tests.Components.PortVolume$volume.Medium.setSat_T(T) w.r.t. dummyVarNLSJac0. The full stack of expressions to differentiate:
* Modelica.Media.Examples.Tests.Components.PortVolume$volume.Medium.setState_dTX(69.58003238740001 * delta_vap, T, {1.0}, 1)
* Modelica.Media.Examples.Tests.Components.PortVolume$volume.Medium.setSat_T(T)
* Modelica.Media.Examples.Tests.Components.PortVolume$volume.Medium.setState_dTX(69.58003238740001, T, {1.0}, 1)
* Modelica.Media.Examples.Tests.Components.PortVolume$volume.Medium.setSat_T(state.T)
* Modelica.Media.Examples.Tests.Components.PortVolume$volume.Medium.density_derh_p(Modelica.Media.Examples.Tests.Components.PortVolume$volume.Medium.setState_phX(volume.medium.p, volume.medium.h, {}, 0))
* Modelica.Media.Examples.Tests.Components.PortVolume$volume.Medium.density_derh_p(Modelica.Media.Examples.Tests.Components.PortVolume$volume.Medium.setState_ph(volume.medium.p, volume.medium.h, 0))
* $DER.volume.medium.h * Modelica.Media.Examples.Tests.Components.PortVolume$volume.Medium.density_derh_p(Modelica.Media.Examples.Tests.Components.PortVolume$volume.Medium.setState_ph(volume.medium.p, volume.medium.h, 0))
* $DER.volume.medium.h * Modelica.Media.Examples.Tests.Components.PortVolume$volume.Medium.density_derh_p(Modelica.Media.Examples.Tests.Components.PortVolume$volume.Medium.setState_ph(volume.medium.p, volume.medium.h, 0)) + $DER.volume.medium.p * Modelica.Media.Examples.Tests.Components.PortVolume$volume.Medium.density_derp_h(Modelica.Media.Examples.Tests.Components.PortVolume$volume.Medium.setState_ph(volume.medium.p, volume.medium.h, 0)) - $DER.volume.medium.d
[Differentiate.mo:545:5-545:417:writable] Error: Internal error Differentiation failed due to recursion causing the same expression to need to be differentiated in order to calculate the derivative of itself: Modelica.Media.Examples.Tests.Components.PortVolume$volume.Medium.setState_dTX(69.58003238740001, T, {1.0}, 1) w.r.t. dummyVarNLSJac0. The full stack of expressions to differentiate:
* Modelica.Media.Examples.Tests.Components.PortVolume$volume.Medium.setSat_T(T)
* Modelica.Media.Examples.Tests.Components.PortVolume$volume.Medium.setState_dTX(69.58003238740001, T, {1.0}, 1)
* Modelica.Media.Examples.Tests.Components.PortVolume$volume.Medium.setSat_T(state.T)
* Modelica.Media.Examples.Tests.Components.PortVolume$volume.Medium.density_derh_p(Modelica.Media.Examples.Tests.Components.PortVolume$volume.Medium.setState_phX(volume.medium.p, volume.medium.h, {}, 0))
* Modelica.Media.Examples.Tests.Components.PortVolume$volume.Medium.density_derh_p(Modelica.Media.Examples.Tests.Components.PortVolume$volume.Medium.setState_ph(volume.medium.p, volume.medium.h, 0))
* $DER.volume.medium.h * Modelica.Media.Examples.Tests.Components.PortVolume$volume.Medium.density_derh_p(Modelica.Media.Examples.Tests.Components.PortVolume$volume.Medium.setState_ph(volume.medium.p, volume.medium.h, 0))
* $DER.volume.medium.h * Modelica.Media.Examples.Tests.Components.PortVolume$volume.Medium.density_derh_p(Modelica.Media.Examples.Tests.Components.PortVolume$volume.Medium.setState_ph(volume.medium.p, volume.medium.h, 0)) + $DER.volume.medium.p * Modelica.Media.Examples.Tests.Components.PortVolume$volume.Medium.density_derp_h(Modelica.Media.Examples.Tests.Components.PortVolume$volume.Medium.setState_ph(volume.medium.p, volume.medium.h, 0)) - $DER.volume.medium.d
[Differentiate.mo:545:5-545:417:writable] Error: Internal error Differentiation failed due to recursion causing the same expression to need to be differentiated in order to calculate the derivative of itself: Modelica.Media.Examples.Tests.Components.PortVolume$volume.Medium.setSat_T(T) w.r.t. dummyVarNLSJac0. The full stack of expressions to differentiate:
* Modelica.Media.Examples.Tests.Components.PortVolume$volume.Medium.setState_dTX(69.58003238740001 * delta_liq, T, {1.0}, 1)
* Modelica.Media.Examples.Tests.Components.PortVolume$volume.Medium.setSat_T(T)
* Modelica.Media.Examples.Tests.Components.PortVolume$volume.Medium.setState_dTX(69.58003238740001, T, {1.0}, 1)
* Modelica.Media.Examples.Tests.Components.PortVolume$volume.Medium.setSat_T(state.T)
* Modelica.Media.Examples.Tests.Components.PortVolume$volume.Medium.density_derh_p(Modelica.Media.Examples.Tests.Components.PortVolume$volume.Medium.setState_phX(volume.medium.p, volume.medium.h, {}, 0))
* Modelica.Media.Examples.Tests.Components.PortVolume$volume.Medium.density_derh_p(Modelica.Media.Examples.Tests.Components.PortVolume$volume.Medium.setState_ph(volume.medium.p, volume.medium.h, 0))
* $DER.volume.medium.h * Modelica.Media.Examples.Tests.Components.PortVolume$volume.Medium.density_derh_p(Modelica.Media.Examples.Tests.Components.PortVolume$volume.Medium.setState_ph(volume.medium.p, volume.medium.h, 0))
* $DER.volume.medium.h * Modelica.Media.Examples.Tests.Components.PortVolume$volume.Medium.density_derh_p(Modelica.Media.Examples.Tests.Components.PortVolume$volume.Medium.setState_ph(volume.medium.p, volume.medium.h, 0)) + $DER.volume.medium.p * Modelica.Media.Examples.Tests.Components.PortVolume$volume.Medium.density_derp_h(Modelica.Media.Examples.Tests.Components.PortVolume$volume.Medium.setState_ph(volume.medium.p, volume.medium.h, 0)) - $DER.volume.medium.d
[Differentiate.mo:545:5-545:417:writable] Error: Internal error Differentiation failed due to recursion causing the same expression to need to be differentiated in order to calculate the derivative of itself: Modelica.Media.Examples.Tests.Components.PortVolume$volume.Medium.setSat_T(T) w.r.t. dummyVarNLSJac0. The full stack of expressions to differentiate:
* Modelica.Media.Examples.Tests.Components.PortVolume$volume.Medium.setState_dTX(69.58003238740001 * delta_vap, T, {1.0}, 1)
* Modelica.Media.Examples.Tests.Components.PortVolume$volume.Medium.setSat_T(T)
* Modelica.Media.Examples.Tests.Components.PortVolume$volume.Medium.setState_dTX(69.58003238740001, T, {1.0}, 1)
* Modelica.Media.Examples.Tests.Components.PortVolume$volume.Medium.setSat_T(state.T)
* Modelica.Media.Examples.Tests.Components.PortVolume$volume.Medium.density_derh_p(Modelica.Media.Examples.Tests.Components.PortVolume$volume.Medium.setState_phX(volume.medium.p, volume.medium.h, {}, 0))
* Modelica.Media.Examples.Tests.Components.PortVolume$volume.Medium.density_derh_p(Modelica.Media.Examples.Tests.Components.PortVolume$volume.Medium.setState_ph(volume.medium.p, volume.medium.h, 0))
* $DER.volume.medium.h * Modelica.Media.Examples.Tests.Components.PortVolume$volume.Medium.density_derh_p(Modelica.Media.Examples.Tests.Components.PortVolume$volume.Medium.setState_ph(volume.medium.p, volume.medium.h, 0))
* $DER.volume.medium.h * Modelica.Media.Examples.Tests.Components.PortVolume$volume.Medium.density_derh_p(Modelica.Media.Examples.Tests.Components.PortVolume$volume.Medium.setState_ph(volume.medium.p, volume.medium.h, 0)) + $DER.volume.medium.p * Modelica.Media.Examples.Tests.Components.PortVolume$volume.Medium.density_derp_h(Modelica.Media.Examples.Tests.Components.PortVolume$volume.Medium.setState_ph(volume.medium.p, volume.medium.h, 0)) - $DER.volume.medium.d
[Differentiate.mo:545:5-545:417:writable] Error: Internal error Differentiation failed due to recursion causing the same expression to need to be differentiated in order to calculate the derivative of itself: Modelica.Media.Examples.Tests.Components.PortVolume$volume.Medium.setState_dTX(69.58003238740001, T, {1.0}, 1) w.r.t. dummyVarNLSJac0. The full stack of expressions to differentiate:
* Modelica.Media.Examples.Tests.Components.PortVolume$volume.Medium.setSat_T(T)
* Modelica.Media.Examples.Tests.Components.PortVolume$volume.Medium.setState_dTX(69.58003238740001, T, {1.0}, 1)
* Modelica.Media.Examples.Tests.Components.PortVolume$volume.Medium.setSat_T(state.T)
* Modelica.Media.Examples.Tests.Components.PortVolume$volume.Medium.density_derh_p(Modelica.Media.Examples.Tests.Components.PortVolume$volume.Medium.setState_phX(volume.medium.p, volume.medium.h, {}, 0))
* Modelica.Media.Examples.Tests.Components.PortVolume$volume.Medium.density_derh_p(Modelica.Media.Examples.Tests.Components.PortVolume$volume.Medium.setState_ph(volume.medium.p, volume.medium.h, 0))
* $DER.volume.medium.h * Modelica.Media.Examples.Tests.Components.PortVolume$volume.Medium.density_derh_p(Modelica.Media.Examples.Tests.Components.PortVolume$volume.Medium.setState_ph(volume.medium.p, volume.medium.h, 0))
* $DER.volume.medium.h * Modelica.Media.Examples.Tests.Components.PortVolume$volume.Medium.density_derh_p(Modelica.Media.Examples.Tests.Components.PortVolume$volume.Medium.setState_ph(volume.medium.p, volume.medium.h, 0)) + $DER.volume.medium.p * Modelica.Media.Examples.Tests.Components.PortVolume$volume.Medium.density_derp_h(Modelica.Media.Examples.Tests.Components.PortVolume$volume.Medium.setState_ph(volume.medium.p, volume.medium.h, 0)) - $DER.volume.medium.d
[Differentiate.mo:545:5-545:417:writable] Error: Internal error Differentiation failed due to recursion causing the same expression to need to be differentiated in order to calculate the derivative of itself: Modelica.Media.Examples.Tests.Components.PortVolume$volume.Medium.setState_dTX(69.58003238740001 * delta_liq, T, {1.0}, 1) w.r.t. dummyVarNLSJac0. The full stack of expressions to differentiate:
* Modelica.Media.Examples.Tests.Components.PortVolume$volume.Medium.setSat_T(T)
* Modelica.Media.Examples.Tests.Components.PortVolume$volume.Medium.setState_dTX(69.58003238740001 * delta_liq, T, {1.0}, 1)
* Modelica.Media.Examples.Tests.Components.PortVolume$volume.Medium.setSat_T(state.T)
* Modelica.Media.Examples.Tests.Components.PortVolume$volume.Medium.density_derh_p(Modelica.Media.Examples.Tests.Components.PortVolume$volume.Medium.setState_phX(volume.medium.p, volume.medium.h, {}, 0))
* Modelica.Media.Examples.Tests.Components.PortVolume$volume.Medium.density_derh_p(Modelica.Media.Examples.Tests.Components.PortVolume$volume.Medium.setState_ph(volume.medium.p, volume.medium.h, 0))
* $DER.volume.medium.h * Modelica.Media.Examples.Tests.Components.PortVolume$volume.Medium.density_derh_p(Modelica.Media.Examples.Tests.Components.PortVolume$volume.Medium.setState_ph(volume.medium.p, volume.medium.h, 0))
* $DER.volume.medium.h * Modelica.Media.Examples.Tests.Components.PortVolume$volume.Medium.density_derh_p(Modelica.Media.Examples.Tests.Components.PortVolume$volume.Medium.setState_ph(volume.medium.p, volume.medium.h, 0)) + $DER.volume.medium.p * Modelica.Media.Examples.Tests.Components.PortVolume$volume.Medium.density_derp_h(Modelica.Media.Examples.Tests.Components.PortVolume$volume.Medium.setState_ph(volume.medium.p, volume.medium.h, 0)) - $DER.volume.medium.d
[Differentiate.mo:545:5-545:417:writable] Error: Internal error Differentiation failed due to recursion causing the same expression to need to be differentiated in order to calculate the derivative of itself: Modelica.Media.Examples.Tests.Components.PortVolume$volume.Medium.setSat_T(T) w.r.t. dummyVarNLSJac0. The full stack of expressions to differentiate:
* Modelica.Media.Examples.Tests.Components.PortVolume$volume.Medium.setState_dTX(69.58003238740001 * delta_liq, T, {1.0}, 1)
* Modelica.Media.Examples.Tests.Components.PortVolume$volume.Medium.setSat_T(T)
* Modelica.Media.Examples.Tests.Components.PortVolume$volume.Medium.setState_dTX(69.58003238740001 * delta_vap, T, {1.0}, 1)
* Modelica.Media.Examples.Tests.Components.PortVolume$volume.Medium.setSat_T(state.T)
* Modelica.Media.Examples.Tests.Components.PortVolume$volume.Medium.density_derh_p(Modelica.Media.Examples.Tests.Components.PortVolume$volume.Medium.setState_phX(volume.medium.p, volume.medium.h, {}, 0))
* Modelica.Media.Examples.Tests.Components.PortVolume$volume.Medium.density_derh_p(Modelica.Media.Examples.Tests.Components.PortVolume$volume.Medium.setState_ph(volume.medium.p, volume.medium.h, 0))
* $DER.volume.medium.h * Modelica.Media.Examples.Tests.Components.PortVolume$volume.Medium.density_derh_p(Modelica.Media.Examples.Tests.Components.PortVolume$volume.Medium.setState_ph(volume.medium.p, volume.medium.h, 0))
* $DER.volume.medium.h * Modelica.Media.Examples.Tests.Components.PortVolume$volume.Medium.density_derh_p(Modelica.Media.Examples.Tests.Components.PortVolume$volume.Medium.setState_ph(volume.medium.p, volume.medium.h, 0)) + $DER.volume.medium.p * Modelica.Media.Examples.Tests.Components.PortVolume$volume.Medium.density_derp_h(Modelica.Media.Examples.Tests.Components.PortVolume$volume.Medium.setState_ph(volume.medium.p, volume.medium.h, 0)) - $DER.volume.medium.d
[Differentiate.mo:545:5-545:417:writable] Error: Internal error Differentiation failed due to recursion causing the same expression to need to be differentiated in order to calculate the derivative of itself: Modelica.Media.Examples.Tests.Components.PortVolume$volume.Medium.setState_dTX(69.58003238740001 * delta_vap, T, {1.0}, 1) w.r.t. dummyVarNLSJac0. The full stack of expressions to differentiate:
* Modelica.Media.Examples.Tests.Components.PortVolume$volume.Medium.setSat_T(T)
* Modelica.Media.Examples.Tests.Components.PortVolume$volume.Medium.setState_dTX(69.58003238740001 * delta_vap, T, {1.0}, 1)
* Modelica.Media.Examples.Tests.Components.PortVolume$volume.Medium.setSat_T(state.T)
* Modelica.Media.Examples.Tests.Components.PortVolume$volume.Medium.density_derh_p(Modelica.Media.Examples.Tests.Components.PortVolume$volume.Medium.setState_phX(volume.medium.p, volume.medium.h, {}, 0))
* Modelica.Media.Examples.Tests.Components.PortVolume$volume.Medium.density_derh_p(Modelica.Media.Examples.Tests.Components.PortVolume$volume.Medium.setState_ph(volume.medium.p, volume.medium.h, 0))
* $DER.volume.medium.h * Modelica.Media.Examples.Tests.Components.PortVolume$volume.Medium.density_derh_p(Modelica.Media.Examples.Tests.Components.PortVolume$volume.Medium.setState_ph(volume.medium.p, volume.medium.h, 0))
* $DER.volume.medium.h * Modelica.Media.Examples.Tests.Components.PortVolume$volume.Medium.density_derh_p(Modelica.Media.Examples.Tests.Components.PortVolume$volume.Medium.setState_ph(volume.medium.p, volume.medium.h, 0)) + $DER.volume.medium.p * Modelica.Media.Examples.Tests.Components.PortVolume$volume.Medium.density_derp_h(Modelica.Media.Examples.Tests.Components.PortVolume$volume.Medium.setState_ph(volume.medium.p, volume.medium.h, 0)) - $DER.volume.medium.d
[Differentiate.mo:545:5-545:417:writable] Error: Internal error Differentiation failed due to recursion causing the same expression to need to be differentiated in order to calculate the derivative of itself: Modelica.Media.Examples.Tests.Components.PortVolume$volume.Medium.setSat_T(T) w.r.t. dummyVarNLSJac0. The full stack of expressions to differentiate:
* Modelica.Media.Examples.Tests.Components.PortVolume$volume.Medium.setState_dTX(69.58003238740001 * delta_liq, T, {1.0}, 1)
* Modelica.Media.Examples.Tests.Components.PortVolume$volume.Medium.setSat_T(T)
* Modelica.Media.Examples.Tests.Components.PortVolume$volume.Medium.setState_dTX(69.58003238740001 * delta_vap, T, {1.0}, 1)
* Modelica.Media.Examples.Tests.Components.PortVolume$volume.Medium.setSat_T(state.T)
* Modelica.Media.Examples.Tests.Components.PortVolume$volume.Medium.density_derh_p(Modelica.Media.Examples.Tests.Components.PortVolume$volume.Medium.setState_phX(volume.medium.p, volume.medium.h, {}, 0))
* Modelica.Media.Examples.Tests.Components.PortVolume$volume.Medium.density_derh_p(Modelica.Media.Examples.Tests.Components.PortVolume$volume.Medium.setState_ph(volume.medium.p, volume.medium.h, 0))
* $DER.volume.medium.h * Modelica.Media.Examples.Tests.Components.PortVolume$volume.Medium.density_derh_p(Modelica.Media.Examples.Tests.Components.PortVolume$volume.Medium.setState_ph(volume.medium.p, volume.medium.h, 0))
* $DER.volume.medium.h * Modelica.Media.Examples.Tests.Components.PortVolume$volume.Medium.density_derh_p(Modelica.Media.Examples.Tests.Components.PortVolume$volume.Medium.setState_ph(volume.medium.p, volume.medium.h, 0)) + $DER.volume.medium.p * Modelica.Media.Examples.Tests.Components.PortVolume$volume.Medium.density_derp_h(Modelica.Media.Examples.Tests.Components.PortVolume$volume.Medium.setState_ph(volume.medium.p, volume.medium.h, 0)) - $DER.volume.medium.d
[Differentiate.mo:545:5-545:417:writable] Error: Internal error Differentiation failed due to recursion causing the same expression to need to be differentiated in order to calculate the derivative of itself: Modelica.Media.Examples.Tests.Components.PortVolume$volume.Medium.setState_dTX(69.58003238740001 * delta_vap, T, {1.0}, 1) w.r.t. dummyVarNLSJac0. The full stack of expressions to differentiate:
* Modelica.Media.Examples.Tests.Components.PortVolume$volume.Medium.setSat_T(T)
* Modelica.Media.Examples.Tests.Components.PortVolume$volume.Medium.setState_dTX(69.58003238740001 * delta_vap, T, {1.0}, 1)
* Modelica.Media.Examples.Tests.Components.PortVolume$volume.Medium.setSat_T(state.T)
* Modelica.Media.Examples.Tests.Components.PortVolume$volume.Medium.density_derh_p(Modelica.Media.Examples.Tests.Components.PortVolume$volume.Medium.setState_phX(volume.medium.p, volume.medium.h, {}, 0))
* Modelica.Media.Examples.Tests.Components.PortVolume$volume.Medium.density_derh_p(Modelica.Media.Examples.Tests.Components.PortVolume$volume.Medium.setState_ph(volume.medium.p, volume.medium.h, 0))
* $DER.volume.medium.h * Modelica.Media.Examples.Tests.Components.PortVolume$volume.Medium.density_derh_p(Modelica.Media.Examples.Tests.Components.PortVolume$volume.Medium.setState_ph(volume.medium.p, volume.medium.h, 0))
* $DER.volume.medium.h * Modelica.Media.Examples.Tests.Components.PortVolume$volume.Medium.density_derh_p(Modelica.Media.Examples.Tests.Components.PortVolume$volume.Medium.setState_ph(volume.medium.p, volume.medium.h, 0)) + $DER.volume.medium.p * Modelica.Media.Examples.Tests.Components.PortVolume$volume.Medium.density_derp_h(Modelica.Media.Examples.Tests.Components.PortVolume$volume.Medium.setState_ph(volume.medium.p, volume.medium.h, 0)) - $DER.volume.medium.d
Warning: There are iteration variables with default zero start attribute. Use +d=initialization for more information.

