unmatched equations: 3, 8, 24, 32, 48

Index Reduction neccessary!
MSS subsets:
 48
 3, 2, 31, 24, 28, 65, 22, 11, 49, 60, 62, 59, 66, 38, 50, 37, 53, 42, 45, 52, 19, 13, 15, 10, 54, 32, 5
 8

##############--MSSS--##############
Indices of constraint equations: 8

------------------8------------------
Constraint equation to be differentiated:
tank.V = tank.crossArea * tank.level
Differentiated equation:
der(tank.V) = tank.crossArea * der(tank.level)

Update Incidence Matrix: 8

##############--MSSS--##############
Indices of constraint equations: 3 31 24 28 65 22 11 49 60 62 59 66 38 50 53 42 45 52 19 13 15 10 54 32 5

------------------5------------------
Constraint equation to be differentiated:
tank.medium.u = tank.medium.h - tank.p_ambient / tank.heatTransfer.states[1].d
Differentiated equation:
der(tank.medium.u) = der(tank.medium.h) + tank.p_ambient * der(tank.heatTransfer.states[1].d) / tank.heatTransfer.states[1].d ^ 2.0

------------------32------------------
Constraint equation to be differentiated:
tank.U = tank.m * tank.medium.u
Differentiated equation:
der(tank.U) = tank.m * der(tank.medium.u) + der(tank.m) * tank.medium.u

------------------54------------------
Constraint equation to be differentiated:
pump.Hb_flow = pump.m_flow * (smooth(0, tank.medium.h) - smooth(0, pump.medium.h))
Differentiated equation:
der(pump.Hb_flow) = pump.m_flow * (der(tank.medium.h) - der(pump.medium.h)) + der(pump.m_flow) * (smooth(0, tank.medium.h) - smooth(0, pump.medium.h))

------------------10------------------
Constraint equation to be differentiated:
tank.vessel_ps_static[1] = max(0.0, tank.level - tank.portsData[1].height) * system.g * tank.heatTransfer.states[1].d + tank.p_ambient
Differentiated equation:
der(tank.vessel_ps_static[1]) = system.g * (max(0.0, tank.level - tank.portsData[1].height) * der(tank.heatTransfer.states[1].d) + (if noEvent(0.0 > tank.level - tank.portsData[1].height) then 0.0 else der(tank.level)) * tank.heatTransfer.states[1].d)

------------------15------------------
Constraint equation to be differentiated:
tank.ports_penetration[1] = Modelica.Fluid.Utilities.regStep(tank.level + (-0.1) * tank.portsData[1].diameter - tank.portsData[1].height, 1.0, 0.001, 0.1 * tank.portsData[1].diameter)
Differentiated equation:
der(tank.ports_penetration[1]) = smooth(0, if noEvent(tank.level + (-0.1) * tank.portsData[1].diameter - tank.portsData[1].height > 0.1 * tank.portsData[1].diameter) then 0.0 else if noEvent(tank.level + (-0.1) * tank.portsData[1].diameter - tank.portsData[1].height < (-0.1) * tank.portsData[1].diameter) then 0.0 else if noEvent(0.1 * tank.portsData[1].diameter > 0.0) then 0.25 * ((tank.level + (-0.1) * tank.portsData[1].diameter - tank.portsData[1].height) * (-999.0) * 2.0 * (tank.level + (-0.1) * tank.portsData[1].diameter - tank.portsData[1].height) / tank.portsData[1].diameter * der(tank.level) * tank.portsData[1].diameter / tank.portsData[1].diameter ^ 2.0 * tank.portsData[1].diameter / tank.portsData[1].diameter ^ 2.0 + der(tank.level) * (-3.0 + 100.0 * ((tank.level + (-0.1) * tank.portsData[1].diameter - tank.portsData[1].height) / tank.portsData[1].diameter) ^ 2.0) * (-9.99) / tank.portsData[1].diameter) else 0.0)

------------------13------------------
Constraint equation to be differentiated:
tank.portInDensities[1] = Modelica.Media.Water.IF97_Utilities.rho_props_ph(tank.vessel_ps_static[1], tank.medium.h, Modelica.Media.Water.IF97_Utilities.waterBaseProp_ph(tank.vessel_ps_static[1], tank.medium.h, 0, 0))
Differentiated equation:
der(tank.portInDensities[1]) = Modelica.Media.Water.IF97_Utilities.rho_ph_der(tank.vessel_ps_static[1], tank.medium.h, Modelica.Media.Water.IF97_Utilities.waterBaseProp_ph(tank.vessel_ps_static[1], tank.medium.h, 0, 0), der(tank.vessel_ps_static[1]), der(tank.medium.h))

------------------19------------------
Constraint equation to be differentiated:
0.0 = if tank.regularFlow[1] then tank.ports[1].p - homotopy(tank.vessel_ps_static[1] + 0.5 * tank.portAreas[1] ^ (-2.0) * Modelica.Fluid.Utilities.regSquare2(-pump.m_flow, tank.m_flow_small, (-1.0 + tank.portsData[1].zeta_in + (tank.portAreas[1] / tank.vesselArea) ^ 2.0) * tank.ports_penetration[1] / tank.portInDensities[1], (1.0 + tank.portsData[1].zeta_out - (tank.portAreas[1] / tank.vesselArea) ^ 2.0) / (tank.ports_penetration[1] * tank.heatTransfer.states[1].d), false, 1.0), tank.vessel_ps_static[1]) else if tank.inFlow[1] then tank.ports[1].p - tank.vessel_ps_static[1] else -pump.m_flow
Differentiated equation:
0.0 = if tank.regularFlow[1] then der(tank.ports[1].p) - homotopy(der(tank.vessel_ps_static[1]) + 0.5 * tank.portAreas[1] ^ (-2.0) * smooth(1, if noEvent((-pump.m_flow) >= tank.m_flow_small) then (-1.0 + tank.portsData[1].zeta_in + (tank.portAreas[1] / tank.vesselArea) ^ 2.0) * tank.ports_penetration[1] / tank.portInDensities[1] * 2.0 * pump.m_flow * der(pump.m_flow) + (-1.0 + tank.portsData[1].zeta_in + (tank.portAreas[1] / tank.vesselArea) ^ 2.0) * (der(tank.ports_penetration[1]) * tank.portInDensities[1] - tank.ports_penetration[1] * der(tank.portInDensities[1])) / tank.portInDensities[1] ^ 2.0 * pump.m_flow ^ 2.0 else if noEvent((-pump.m_flow) <= (-tank.m_flow_small)) then (2.0 * pump.m_flow * der(pump.m_flow) * tank.heatTransfer.states[1].d * tank.ports_penetration[1] - pump.m_flow ^ 2.0 * (tank.heatTransfer.states[1].d * der(tank.ports_penetration[1]) + der(tank.heatTransfer.states[1].d) * tank.ports_penetration[1])) * (-1.0 + (tank.portAreas[1] / tank.vesselArea) ^ 2.0 - tank.portsData[1].zeta_out) / (tank.heatTransfer.states[1].d * tank.ports_penetration[1]) ^ 2.0 else if noEvent((-1.0 + tank.portsData[1].zeta_in + (tank.portAreas[1] / tank.vesselArea) ^ 2.0) * tank.ports_penetration[1] / tank.portInDensities[1] >= (1.0 + tank.portsData[1].zeta_out - (tank.portAreas[1] / tank.vesselArea) ^ 2.0) / (tank.heatTransfer.states[1].d * tank.ports_penetration[1])) then $DER$$PModelica$PFluid$PUtilities$PregSquare2$PregSquare2_utility(-pump.m_flow, tank.m_flow_small, (-1.0 + tank.portsData[1].zeta_in + (tank.portAreas[1] / tank.vesselArea) ^ 2.0) * tank.ports_penetration[1] / tank.portInDensities[1], (1.0 + tank.portsData[1].zeta_out - (tank.portAreas[1] / tank.vesselArea) ^ 2.0) / (tank.heatTransfer.states[1].d * tank.ports_penetration[1]), false, 1.0, -der(pump.m_flow), 0.0, (-1.0 + tank.portsData[1].zeta_in + (tank.portAreas[1] / tank.vesselArea) ^ 2.0) * (der(tank.ports_penetration[1]) * tank.portInDensities[1] - tank.ports_penetration[1] * der(tank.portInDensities[1])) / tank.portInDensities[1] ^ 2.0, (-1.0 + (tank.portAreas[1] / tank.vesselArea) ^ 2.0 - tank.portsData[1].zeta_out) * (tank.heatTransfer.states[1].d * der(tank.ports_penetration[1]) + der(tank.heatTransfer.states[1].d) * tank.ports_penetration[1]) / (tank.heatTransfer.states[1].d * tank.ports_penetration[1]) ^ 2.0, 0.0) else -$DER$$PModelica$PFluid$PUtilities$PregSquare2$PregSquare2_utility(pump.m_flow, tank.m_flow_small, (1.0 + tank.portsData[1].zeta_out - (tank.portAreas[1] / tank.vesselArea) ^ 2.0) / (tank.heatTransfer.states[1].d * tank.ports_penetration[1]), (-1.0 + tank.portsData[1].zeta_in + (tank.portAreas[1] / tank.vesselArea) ^ 2.0) * tank.ports_penetration[1] / tank.portInDensities[1], false, 1.0, der(pump.m_flow), 0.0, (-1.0 + (tank.portAreas[1] / tank.vesselArea) ^ 2.0 - tank.portsData[1].zeta_out) * (tank.heatTransfer.states[1].d * der(tank.ports_penetration[1]) + der(tank.heatTransfer.states[1].d) * tank.ports_penetration[1]) / (tank.heatTransfer.states[1].d * tank.ports_penetration[1]) ^ 2.0, (-1.0 + tank.portsData[1].zeta_in + (tank.portAreas[1] / tank.vesselArea) ^ 2.0) * (der(tank.ports_penetration[1]) * tank.portInDensities[1] - tank.ports_penetration[1] * der(tank.portInDensities[1])) / tank.portInDensities[1] ^ 2.0, 0.0)), der(tank.vessel_ps_static[1])) else if tank.inFlow[1] then der(tank.ports[1].p) - der(tank.vessel_ps_static[1]) else -der(pump.m_flow)

------------------52------------------
Constraint equation to be differentiated:
pump.eta = homotopy(Modelica.Fluid.Machines.ControlledPump$pump.efficiencyCharacteristic(pump.V_flow_single * pump.N_nominal / pump.N, 0.8), Modelica.Fluid.Machines.ControlledPump$pump.efficiencyCharacteristic(pump.V_flow_single_init, 0.8))
Differentiated equation:
der(pump.eta) = 0.0

------------------45------------------
Constraint equation to be differentiated:
-pump.Hb_flow = pump.W_single * /*Real*/(pump.nParallel)
Differentiated equation:
-der(pump.Hb_flow) = der(pump.W_single) * /*Real*/(pump.nParallel)

------------------42------------------
Constraint equation to be differentiated:
pump.dp_pump = pump.medium.p - tank.ports[1].p
Differentiated equation:
der(pump.dp_pump) = der(pump.medium.p) - der(tank.ports[1].p)

------------------53------------------
Constraint equation to be differentiated:
pump.W_single = homotopy(pump.dp_pump * pump.V_flow_single / pump.eta, pump.dp_pump * pump.V_flow_single_init / pump.eta)
Differentiated equation:
der(pump.W_single) = homotopy(pump.dp_pump * (der(pump.V_flow_single) * pump.eta - pump.V_flow_single * der(pump.eta)) / pump.eta ^ 2.0 + der(pump.dp_pump) * pump.V_flow_single / pump.eta, pump.dp_pump * (-pump.V_flow_single_init) * der(pump.eta) / pump.eta ^ 2.0 + der(pump.dp_pump) * pump.V_flow_single_init / pump.eta)

------------------50------------------
Constraint equation to be differentiated:
pump.V_flow_single = pump.V_flow / /*Real*/(pump.nParallel)
Differentiated equation:
der(pump.V_flow_single) = der(pump.V_flow) / /*Real*/(pump.nParallel)

------------------38------------------
Constraint equation to be differentiated:
pump.rho = Modelica.Media.Water.IF97_Utilities.rho_props_ph(pump.medium.p, pump.medium.h, Modelica.Media.Water.IF97_Utilities.waterBaseProp_ph(pump.medium.p, pump.medium.h, pump.heatTransfer.states[1].phase, 0))
Differentiated equation:
der(pump.rho) = Modelica.Media.Water.IF97_Utilities.rho_ph_der(pump.medium.p, pump.medium.h, Modelica.Media.Water.IF97_Utilities.waterBaseProp_ph(pump.medium.p, pump.medium.h, pump.heatTransfer.states[1].phase, 0), der(pump.medium.p), der(pump.medium.h))

------------------66------------------
Constraint equation to be differentiated:
handle.y = handle.offset + (if time < handle.startTime then 0.0 else handle.height)
Differentiated equation:
der(handle.y) = 0.0

------------------59------------------
Constraint equation to be differentiated:
valve.relativeFlowCoefficient = Modelica.Fluid.Valves.ValveIncompressible$valve.valveCharacteristic(handle.y)
Differentiated equation:
der(valve.relativeFlowCoefficient) = der(handle.y)

------------------62------------------
Constraint equation to be differentiated:
valve.state_a.d = Modelica.Media.Water.IF97_Utilities.rho_props_ph(pump.medium.p, pump.medium.h, Modelica.Media.Water.IF97_Utilities.waterBaseProp_ph(pump.medium.p, pump.medium.h, 0, 0))
Differentiated equation:
der(valve.state_a.d) = Modelica.Media.Water.IF97_Utilities.rho_ph_der(pump.medium.p, pump.medium.h, Modelica.Media.Water.IF97_Utilities.waterBaseProp_ph(pump.medium.p, pump.medium.h, 0, 0), der(pump.medium.p), der(pump.medium.h))

------------------60------------------
Constraint equation to be differentiated:
pump.m_flow = homotopy(valve.relativeFlowCoefficient * valve.Av * sqrt(valve.state_a.d) * Modelica.Fluid.Utilities.regRoot(valve.dp, valve.dp_small), valve.relativeFlowCoefficient * valve.m_flow_nominal * valve.dp / valve.dp_nominal)
Differentiated equation:
der(pump.m_flow) = homotopy(valve.Av * (valve.relativeFlowCoefficient * (sqrt(valve.state_a.d) * Modelica.Fluid.Utilities.regRoot_der(valve.dp, valve.dp_small, der(valve.dp)) + 0.5 * der(valve.state_a.d) / sqrt(valve.state_a.d) * Modelica.Fluid.Utilities.regRoot(valve.dp, valve.dp_small)) + der(valve.relativeFlowCoefficient) * sqrt(valve.state_a.d) * Modelica.Fluid.Utilities.regRoot(valve.dp, valve.dp_small)), valve.m_flow_nominal * (valve.relativeFlowCoefficient * der(valve.dp) * valve.dp_nominal / valve.dp_nominal ^ 2.0 + der(valve.relativeFlowCoefficient) * valve.dp / valve.dp_nominal))

------------------49------------------
Constraint equation to be differentiated:
pump.V_flow = homotopy(pump.m_flow / pump.rho, pump.m_flow / pump.rho_nominal)
Differentiated equation:
der(pump.V_flow) = homotopy((der(pump.m_flow) * pump.rho - pump.m_flow * der(pump.rho)) / pump.rho ^ 2.0, der(pump.m_flow) * pump.rho_nominal / pump.rho_nominal ^ 2.0)

------------------11------------------
Constraint equation to be differentiated:
tank.vessel_ps_static[2] = max(0.0, tank.level - tank.portsData[2].height) * system.g * tank.heatTransfer.states[1].d + tank.p_ambient
Differentiated equation:
der(tank.vessel_ps_static[2]) = system.g * (max(0.0, tank.level - tank.portsData[2].height) * der(tank.heatTransfer.states[1].d) + (if noEvent(0.0 > tank.level - tank.portsData[2].height) then 0.0 else der(tank.level)) * tank.heatTransfer.states[1].d)

------------------22------------------
Constraint equation to be differentiated:
tank.portInDensities[2] = Modelica.Media.Water.IF97_Utilities.rho_props_ph(tank.vessel_ps_static[2], pump.medium.h, Modelica.Media.Water.IF97_Utilities.waterBaseProp_ph(tank.vessel_ps_static[2], pump.medium.h, 0, 0))
Differentiated equation:
der(tank.portInDensities[2]) = Modelica.Media.Water.IF97_Utilities.rho_ph_der(tank.vessel_ps_static[2], pump.medium.h, Modelica.Media.Water.IF97_Utilities.waterBaseProp_ph(tank.vessel_ps_static[2], pump.medium.h, 0, 0), der(tank.vessel_ps_static[2]), der(pump.medium.h))

------------------65------------------
Constraint equation to be differentiated:
valve.dp = pump.medium.p - tank.ports[2].p
Differentiated equation:
der(valve.dp) = der(pump.medium.p) - der(tank.ports[2].p)

------------------28------------------
Constraint equation to be differentiated:
0.0 = if tank.regularFlow[2] then tank.ports[2].p - homotopy(tank.vessel_ps_static[2] + 0.5 * tank.portAreas[2] ^ (-2.0) * Modelica.Fluid.Utilities.regSquare2(pump.m_flow, tank.m_flow_small, (-1.0 + tank.portsData[2].zeta_in + (tank.portAreas[2] / tank.vesselArea) ^ 2.0) * tank.ports_penetration[2] / tank.portInDensities[2], (1.0 + tank.portsData[2].zeta_out - (tank.portAreas[2] / tank.vesselArea) ^ 2.0) / (tank.ports_penetration[2] * tank.heatTransfer.states[1].d), false, 1.0), tank.vessel_ps_static[2]) else if tank.inFlow[2] then tank.ports[2].p - tank.vessel_ps_static[2] else pump.m_flow
Differentiated equation:
0.0 = if tank.regularFlow[2] then der(tank.ports[2].p) - homotopy(der(tank.vessel_ps_static[2]) + 0.5 * tank.portAreas[2] ^ (-2.0) * smooth(1, if noEvent(pump.m_flow >= tank.m_flow_small) then (-1.0 + tank.portsData[2].zeta_in + (tank.portAreas[2] / tank.vesselArea) ^ 2.0) * tank.ports_penetration[2] / tank.portInDensities[2] * 2.0 * pump.m_flow * der(pump.m_flow) + (-1.0 + tank.portsData[2].zeta_in + (tank.portAreas[2] / tank.vesselArea) ^ 2.0) * (der(tank.ports_penetration[2]) * tank.portInDensities[2] - tank.ports_penetration[2] * der(tank.portInDensities[2])) / tank.portInDensities[2] ^ 2.0 * pump.m_flow ^ 2.0 else if noEvent(pump.m_flow <= (-tank.m_flow_small)) then (2.0 * pump.m_flow * der(pump.m_flow) * tank.heatTransfer.states[1].d * tank.ports_penetration[2] - pump.m_flow ^ 2.0 * (tank.heatTransfer.states[1].d * der(tank.ports_penetration[2]) + der(tank.heatTransfer.states[1].d) * tank.ports_penetration[2])) * (-1.0 + (tank.portAreas[2] / tank.vesselArea) ^ 2.0 - tank.portsData[2].zeta_out) / (tank.heatTransfer.states[1].d * tank.ports_penetration[2]) ^ 2.0 else if noEvent((-1.0 + tank.portsData[2].zeta_in + (tank.portAreas[2] / tank.vesselArea) ^ 2.0) * tank.ports_penetration[2] / tank.portInDensities[2] >= (1.0 + tank.portsData[2].zeta_out - (tank.portAreas[2] / tank.vesselArea) ^ 2.0) / (tank.heatTransfer.states[1].d * tank.ports_penetration[2])) then der(pump.m_flow) * $DER$$PModelica$PFluid$PUtilities$PregSquare2$PregSquare2_utility(pump.m_flow, tank.m_flow_small, (-1.0 + tank.portsData[2].zeta_in + (tank.portAreas[2] / tank.vesselArea) ^ 2.0) * tank.ports_penetration[2] / tank.portInDensities[2], (1.0 + tank.portsData[2].zeta_out - (tank.portAreas[2] / tank.vesselArea) ^ 2.0) / (tank.heatTransfer.states[1].d * tank.ports_penetration[2]), false, 1.0, 1.0, 0.0, 0.0, 0.0, 0.0) + (-1.0 + tank.portsData[2].zeta_in + (tank.portAreas[2] / tank.vesselArea) ^ 2.0) * (der(tank.ports_penetration[2]) * tank.portInDensities[2] - tank.ports_penetration[2] * der(tank.portInDensities[2])) / tank.portInDensities[2] ^ 2.0 * $DER$$PModelica$PFluid$PUtilities$PregSquare2$PregSquare2_utility(pump.m_flow, tank.m_flow_small, (-1.0 + tank.portsData[2].zeta_in + (tank.portAreas[2] / tank.vesselArea) ^ 2.0) * tank.ports_penetration[2] / tank.portInDensities[2], (1.0 + tank.portsData[2].zeta_out - (tank.portAreas[2] / tank.vesselArea) ^ 2.0) / (tank.heatTransfer.states[1].d * tank.ports_penetration[2]), false, 1.0, 0.0, 0.0, 1.0, 0.0, 0.0) + $DER$$PModelica$PFluid$PUtilities$PregSquare2$PregSquare2_utility(pump.m_flow, tank.m_flow_small, (-1.0 + tank.portsData[2].zeta_in + (tank.portAreas[2] / tank.vesselArea) ^ 2.0) * tank.ports_penetration[2] / tank.portInDensities[2], (1.0 + tank.portsData[2].zeta_out - (tank.portAreas[2] / tank.vesselArea) ^ 2.0) / (tank.heatTransfer.states[1].d * tank.ports_penetration[2]), false, 1.0, 0.0, 0.0, 0.0, 1.0, 0.0) * (-1.0 + (tank.portAreas[2] / tank.vesselArea) ^ 2.0 - tank.portsData[2].zeta_out) * (tank.heatTransfer.states[1].d * der(tank.ports_penetration[2]) + der(tank.heatTransfer.states[1].d) * tank.ports_penetration[2]) / (tank.heatTransfer.states[1].d * tank.ports_penetration[2]) ^ 2.0 else -$DER$$PModelica$PFluid$PUtilities$PregSquare2$PregSquare2_utility(-pump.m_flow, tank.m_flow_small, (1.0 + tank.portsData[2].zeta_out - (tank.portAreas[2] / tank.vesselArea) ^ 2.0) / (tank.heatTransfer.states[1].d * tank.ports_penetration[2]), (-1.0 + tank.portsData[2].zeta_in + (tank.portAreas[2] / tank.vesselArea) ^ 2.0) * tank.ports_penetration[2] / tank.portInDensities[2], false, 1.0, -der(pump.m_flow), 0.0, (-1.0 + (tank.portAreas[2] / tank.vesselArea) ^ 2.0 - tank.portsData[2].zeta_out) * (tank.heatTransfer.states[1].d * der(tank.ports_penetration[2]) + der(tank.heatTransfer.states[1].d) * tank.ports_penetration[2]) / (tank.heatTransfer.states[1].d * tank.ports_penetration[2]) ^ 2.0, (-1.0 + tank.portsData[2].zeta_in + (tank.portAreas[2] / tank.vesselArea) ^ 2.0) * (der(tank.ports_penetration[2]) * tank.portInDensities[2] - tank.ports_penetration[2] * der(tank.portInDensities[2])) / tank.portInDensities[2] ^ 2.0, 0.0)), der(tank.vessel_ps_static[2])) else if tank.inFlow[2] then der(tank.ports[2].p) - der(tank.vessel_ps_static[2]) else der(pump.m_flow)

------------------24------------------
Constraint equation to be differentiated:
tank.ports_penetration[2] = Modelica.Fluid.Utilities.regStep(tank.level + (-0.1) * tank.portsData[2].diameter - tank.portsData[2].height, 1.0, 0.001, 0.1 * tank.portsData[2].diameter)
Differentiated equation:
der(tank.ports_penetration[2]) = smooth(0, if noEvent(tank.level + (-0.1) * tank.portsData[2].diameter - tank.portsData[2].height > 0.1 * tank.portsData[2].diameter) then 0.0 else if noEvent(tank.level + (-0.1) * tank.portsData[2].diameter - tank.portsData[2].height < (-0.1) * tank.portsData[2].diameter) then 0.0 else if noEvent(0.1 * tank.portsData[2].diameter > 0.0) then 0.25 * ((tank.level + (-0.1) * tank.portsData[2].diameter - tank.portsData[2].height) * (-999.0) * 2.0 * (tank.level + (-0.1) * tank.portsData[2].diameter - tank.portsData[2].height) / tank.portsData[2].diameter * der(tank.level) * tank.portsData[2].diameter / tank.portsData[2].diameter ^ 2.0 * tank.portsData[2].diameter / tank.portsData[2].diameter ^ 2.0 + der(tank.level) * (-3.0 + 100.0 * ((tank.level + (-0.1) * tank.portsData[2].diameter - tank.portsData[2].height) / tank.portsData[2].diameter) ^ 2.0) * (-9.99) / tank.portsData[2].diameter) else 0.0)

------------------31------------------
Constraint equation to be differentiated:
tank.m = tank.V * tank.heatTransfer.states[1].d
Differentiated equation:
der(tank.m) = tank.V * der(tank.heatTransfer.states[1].d) + der(tank.V) * tank.heatTransfer.states[1].d

------------------3------------------
Constraint equation to be differentiated:
tank.heatTransfer.states[1].d = Modelica.Media.Water.IF97_Utilities.rho_props_ph(tank.p_ambient, tank.medium.h, Modelica.Media.Water.IF97_Utilities.waterBaseProp_ph(tank.p_ambient, tank.medium.h, tank.heatTransfer.states[1].phase, 0))
Differentiated equation:
der(tank.heatTransfer.states[1].d) = Modelica.Media.Water.IF97_Utilities.rho_ph_der(tank.p_ambient, tank.medium.h, Modelica.Media.Water.IF97_Utilities.waterBaseProp_ph(tank.p_ambient, tank.medium.h, tank.heatTransfer.states[1].phase, 0), 0.0, der(tank.medium.h))

Update Incidence Matrix: 58 57 56 44 30 29 27 23 21 20 18 14 47 46 43 51 41 55 64 63 5 32 54 10 15 13 19 52 45 42 53 50 38 66 59 62 60 49 11 22 65 28 24 31 3

##############--MSSS--##############
Indices of constraint equations: 48

------------------48------------------
Constraint equation to be differentiated:
0.0 = pump.p_b_nominal - pump.medium.p
Differentiated equation:
0.0 = -der(pump.medium.p)

Update Incidence Matrix: 48

########################### STATE SELECTION ###########################
########## Try static state selection ##########
Try to select dummy vars with natural matching (newer)
Select 27 dummy states from 29 candidates.

Highest order derivatives (state candidates): (29)
========================================
1: tank.V:STATE(1)(unit = "m3" stateSelect=StateSelect.never )  "Actual tank volume" type: Real 
2: tank.medium.u:STATE(1)(min = -100000000.0 max = 100000000.0 unit = "J/kg" nominal = 1000000.0 )  "Specific internal energy of medium" type: Real 
3: tank.U:STATE(1)(unit = "J" )  "Internal energy of fluid" type: Real 
4: tank.m:STATE(1)(min = 0.0 unit = "kg" )  "Mass of fluid" type: Real 
5: tank.ports_penetration[1]:STATE(1)()  "penetration of port with fluid, depending on fluid level and port diameter" type: Real  [2]
6: tank.ports_penetration[2]:STATE(1)()  "penetration of port with fluid, depending on fluid level and port diameter" type: Real  [2]
7: pump.dp_pump:STATE(1)(unit = "Pa" )  "Pressure change" type: Real 
8: pump.eta:STATE(1)()  "Global Efficiency" type: Real 
9: valve.relativeFlowCoefficient:STATE(1)(protected = true )  type: Real 
10: pump.Hb_flow:STATE(1)(unit = "W" )  "Enthalpy flow across boundaries or energy source/sink" type: Real 
11: pump.V_flow:STATE(1)(unit = "m3/s" )  "Volume flow rate (total)" type: Real 
12: pump.W_single:STATE(1)(unit = "W" )  "Power Consumption (single pump)" type: Real 
13: handle.y:STATE(1)(min = 0.0 max = 1.0 )  "Connector of Real output signal" type: Real 
14: tank.ports[1].p:STATE(1)(flow=false min = max(611.657, max(611.657, 611.657)) max = min(100000000.0, min(100000000.0, 100000000.0)) start = pump.p_a_start unit = "Pa" nominal = 1000000.0 )  "Thermodynamic pressure in the connection point" type: Real  [2]
15: tank.ports[2].p:STATE(1)(flow=false min = max(611.657, max(611.657, 611.657)) max = min(100000000.0, min(100000000.0, 100000000.0)) start = 110000.0 unit = "Pa" nominal = 1000000.0 )  "Thermodynamic pressure in the connection point" type: Real  [2]
16: tank.heatTransfer.states[1].d:STATE(1)(min = max(0.0, max(0.0, 0.0)) max = min(100000.0, min(100000.0, 100000.0)) start = 150.0 unit = "kg/m3" nominal = 500.0 )  "Density" type: Real  [1]
17: tank.portInDensities[1]:STATE(1)(min = 0.0 max = 100000.0 start = 150.0 unit = "kg/m3" nominal = 500.0 )  "densities of the fluid at the device boundary" type: Real  [2]
18: tank.portInDensities[2]:STATE(1)(min = 0.0 max = 100000.0 start = 150.0 unit = "kg/m3" nominal = 500.0 )  "densities of the fluid at the device boundary" type: Real  [2]
19: tank.vessel_ps_static[1]:STATE(1)(min = 611.657 max = 100000000.0 start = 5000000.0 unit = "Pa" nominal = 1000000.0 )  "static pressures inside the vessel at the height of the corresponding ports, zero flow velocity" type: Real  [2]
20: tank.vessel_ps_static[2]:STATE(1)(min = 611.657 max = 100000000.0 start = 5000000.0 unit = "Pa" nominal = 1000000.0 )  "static pressures inside the vessel at the height of the corresponding ports, zero flow velocity" type: Real  [2]
21: pump.rho:STATE(1)(min = max(0.0, max(0.0, max(0.0, max(0.0, 0.0)))) max = min(100000.0, min(100000.0, min(100000.0, min(100000.0, 100000.0)))) start = 150.0 unit = "kg/m3" nominal = 500.0 )  type: Real 
22: pump.m_flow:STATE(1)(min = max(max(-100000.0, max(-(if false then 9.999999999999999e+59 else 0.0), max(-(if false and not false then 9.999999999999999e+59 else 0.0), max(if false then -9.999999999999999e+59 else 0.0, if false then -9.999999999999999e+59 else 0.0)))), max(-100000.0, if false and not false then -9.999999999999999e+59 else 0.0)) max = min(min(100000.0, min(100000.0, min(100000.0, min(100000.0, 100000.0)))), min(100000.0, 100000.0)) start = pump.m_flow_start unit = "kg/s" )  "Mass flow rate (total)" type: Real 
23: pump.V_flow_single:STATE(1)(start = pump.m_flow_start / (/*Real*/(pump.nParallel) * pump.rho_nominal) unit = "m3/s" )  "Volume flow rate (single pump)" type: Real 
24: valve.dp:STATE(1)(start = valve.dp_start unit = "Pa" )  "Pressure difference between port_a and port_b (= port_a.p - port_b.p)" type: Real 
25: valve.state_a.d:STATE(1)(min = 0.0 max = 100000.0 start = 150.0 unit = "kg/m3" nominal = 500.0 protected = true )  "Density" type: Real 
26: pump.medium.h:STATE(1)(min = max(-10000000000.0, max(-10000000000.0, max(-10000000000.0, max(-10000000000.0, max(-10000000000.0, max(-10000000000.0, -10000000000.0)))))) max = min(10000000000.0, min(10000000000.0, min(10000000000.0, min(10000000000.0, min(10000000000.0, min(10000000000.0, 10000000000.0)))))) start = pump.h_start unit = "J/kg" nominal = 500000.0 stateSelect=StateSelect.prefer )  "Specific enthalpy of medium" type: Real 
27: tank.medium.h:STATE(1)(min = max(-10000000000.0, max(-10000000000.0, max(-10000000000.0, max(-10000000000.0, max(-10000000000.0, max(-10000000000.0, -10000000000.0)))))) max = min(10000000000.0, min(10000000000.0, min(10000000000.0, min(10000000000.0, min(10000000000.0, min(10000000000.0, 10000000000.0)))))) start = tank.h_start unit = "J/kg" nominal = 500000.0 stateSelect=StateSelect.prefer )  "Specific enthalpy of medium" type: Real 
28: tank.level:STATE(1)(min = max(0.0, 0.0) start = tank.level_start_eps unit = "m" stateSelect=StateSelect.prefer )  "Level height of tank" type: Real 
29: pump.medium.p:STATE(1)(min = max(611.657, max(611.657, max(611.657, max(611.657, max(611.657, max(611.657, max(611.657, 0.0))))))) max = min(100000000.0, min(100000000.0, min(100000000.0, min(100000000.0, min(100000000.0, min(100000000.0, 100000000.0)))))) start = pump.p_start unit = "Pa" nominal = 100000.0 stateSelect=StateSelect.prefer )  "Absolute pressure of medium" type: Real 


Constraint equations: (27)
========================================
1/1 (1): handle.y = handle.offset + (if time < handle.startTime then 0.0 else handle.height)   [dynamic |0|0|0|0|]
2/2 (1): valve.dp = pump.medium.p - tank.ports[2].p   [dynamic |0|0|0|0|]
3/3 (1): valve.state_a.d = Modelica.Media.Water.IF97_Utilities.waterBaseProp_ph(pump.medium.p, pump.medium.h, 0, 0).rho   [dynamic |0|0|0|0|]
4/4 (1): pump.m_flow = homotopy(valve.relativeFlowCoefficient * valve.Av * sqrt(valve.state_a.d) * valve.dp / (valve.dp ^ 2.0 + valve.dp_small ^ 2.0) ^ 0.25, valve.relativeFlowCoefficient * valve.m_flow_nominal * valve.dp / valve.dp_nominal)   [dynamic |0|0|0|0|]
5/5 (1): valve.relativeFlowCoefficient = handle.y   [dynamic |0|0|0|0|]
6/6 (1): pump.Hb_flow = pump.m_flow * (smooth(0, tank.medium.h) - smooth(0, pump.medium.h))   [dynamic |0|0|0|0|]
7/7 (1): pump.W_single = homotopy(pump.dp_pump * pump.V_flow_single / pump.eta, pump.dp_pump * pump.m_flow_start / (/*Real*/(pump.nParallel) * pump.rho_nominal * pump.eta))   [dynamic |0|0|0|0|]
8/8 (1): pump.eta = 0.8   [dynamic |0|0|0|0|]
9/9 (1): pump.V_flow_single = pump.V_flow / /*Real*/(pump.nParallel)   [dynamic |0|0|0|0|]
10/10 (1): pump.V_flow = homotopy(pump.m_flow / pump.rho, pump.m_flow / pump.rho_nominal)   [dynamic |0|0|0|0|]
11/11 (1): 0.0 = pump.p_b_nominal - pump.medium.p   [unknown |0|0|0|0|]
12/12 (1): -pump.Hb_flow = pump.W_single * /*Real*/(pump.nParallel)   [binding |0|0|0|0|]
13/13 (1): pump.dp_pump = pump.medium.p - tank.ports[1].p   [binding |0|0|0|0|]
14/14 (1): pump.rho = Modelica.Media.Water.IF97_Utilities.waterBaseProp_ph(pump.medium.p, pump.medium.h, pump.heatTransfer.states[1].phase, 0).rho   [dynamic |0|0|0|0|]
15/15 (1): tank.U = tank.m * tank.medium.u   [dynamic |0|0|0|0|]
16/16 (1): tank.m = tank.V * tank.heatTransfer.states[1].d   [dynamic |0|0|0|0|]
17/17 (1): 0.0 = if tank.regularFlow[2] then tank.ports[2].p - homotopy(tank.vessel_ps_static[2] + 0.5 * tank.portAreas[2] ^ (-2.0) * smooth(2, if noEvent(pump.m_flow >= tank.m_flow_small) then (-1.0 + tank.portsData[2].zeta_in + (tank.portAreas[2] / tank.vesselArea) ^ 2.0) * tank.ports_penetration[2] / tank.portInDensities[2] * pump.m_flow ^ 2.0 else if noEvent(pump.m_flow <= (-tank.m_flow_small)) then pump.m_flow ^ 2.0 * (-1.0 + (tank.portAreas[2] / tank.vesselArea) ^ 2.0 - tank.portsData[2].zeta_out) / (tank.heatTransfer.states[1].d * tank.ports_penetration[2]) else if noEvent((-1.0 + tank.portsData[2].zeta_in + (tank.portAreas[2] / tank.vesselArea) ^ 2.0) * tank.ports_penetration[2] / tank.portInDensities[2] >= (1.0 + tank.portsData[2].zeta_out - (tank.portAreas[2] / tank.vesselArea) ^ 2.0) / (tank.heatTransfer.states[1].d * tank.ports_penetration[2])) then Modelica.Fluid.Utilities.regSquare2.regSquare2_utility(pump.m_flow, tank.m_flow_small, (-1.0 + tank.portsData[2].zeta_in + (tank.portAreas[2] / tank.vesselArea) ^ 2.0) * tank.ports_penetration[2] / tank.portInDensities[2], (1.0 + tank.portsData[2].zeta_out - (tank.portAreas[2] / tank.vesselArea) ^ 2.0) / (tank.heatTransfer.states[1].d * tank.ports_penetration[2]), false, 1.0) else -Modelica.Fluid.Utilities.regSquare2.regSquare2_utility(-pump.m_flow, tank.m_flow_small, (1.0 + tank.portsData[2].zeta_out - (tank.portAreas[2] / tank.vesselArea) ^ 2.0) / (tank.heatTransfer.states[1].d * tank.ports_penetration[2]), (-1.0 + tank.portsData[2].zeta_in + (tank.portAreas[2] / tank.vesselArea) ^ 2.0) * tank.ports_penetration[2] / tank.portInDensities[2], false, 1.0)), tank.vessel_ps_static[2]) else if tank.inFlow[2] then tank.ports[2].p - tank.vessel_ps_static[2] else pump.m_flow   [unknown |0|0|0|0|]
18/18 (1): tank.ports_penetration[2] = smooth(1, if noEvent(tank.level + (-0.1) * tank.portsData[2].diameter - tank.portsData[2].height > 0.1 * tank.portsData[2].diameter) then 1.0 else if noEvent(tank.level + (-0.1) * tank.portsData[2].diameter - tank.portsData[2].height < (-0.1) * tank.portsData[2].diameter) then 0.001 else if noEvent(0.1 * tank.portsData[2].diameter > 0.0) then 0.25 * (tank.level + (-0.1) * tank.portsData[2].diameter - tank.portsData[2].height) * (-3.0 + 100.0 * ((tank.level + (-0.1) * tank.portsData[2].diameter - tank.portsData[2].height) / tank.portsData[2].diameter) ^ 2.0) * (-9.99) / tank.portsData[2].diameter + 0.5004999999999999 else 0.5004999999999999)   [dynamic |0|0|0|0|]
19/19 (1): tank.portInDensities[2] = Modelica.Media.Water.IF97_Utilities.waterBaseProp_ph(tank.vessel_ps_static[2], pump.medium.h, 0, 0).rho   [dynamic |0|0|0|0|]
20/20 (1): 0.0 = if tank.regularFlow[1] then tank.ports[1].p - homotopy(tank.vessel_ps_static[1] + 0.5 * tank.portAreas[1] ^ (-2.0) * smooth(2, if noEvent((-pump.m_flow) >= tank.m_flow_small) then (-1.0 + tank.portsData[1].zeta_in + (tank.portAreas[1] / tank.vesselArea) ^ 2.0) * tank.ports_penetration[1] / tank.portInDensities[1] * pump.m_flow ^ 2.0 else if noEvent((-pump.m_flow) <= (-tank.m_flow_small)) then pump.m_flow ^ 2.0 * (-1.0 + (tank.portAreas[1] / tank.vesselArea) ^ 2.0 - tank.portsData[1].zeta_out) / (tank.heatTransfer.states[1].d * tank.ports_penetration[1]) else if noEvent((-1.0 + tank.portsData[1].zeta_in + (tank.portAreas[1] / tank.vesselArea) ^ 2.0) * tank.ports_penetration[1] / tank.portInDensities[1] >= (1.0 + tank.portsData[1].zeta_out - (tank.portAreas[1] / tank.vesselArea) ^ 2.0) / (tank.heatTransfer.states[1].d * tank.ports_penetration[1])) then Modelica.Fluid.Utilities.regSquare2.regSquare2_utility(-pump.m_flow, tank.m_flow_small, (-1.0 + tank.portsData[1].zeta_in + (tank.portAreas[1] / tank.vesselArea) ^ 2.0) * tank.ports_penetration[1] / tank.portInDensities[1], (1.0 + tank.portsData[1].zeta_out - (tank.portAreas[1] / tank.vesselArea) ^ 2.0) / (tank.heatTransfer.states[1].d * tank.ports_penetration[1]), false, 1.0) else -Modelica.Fluid.Utilities.regSquare2.regSquare2_utility(pump.m_flow, tank.m_flow_small, (1.0 + tank.portsData[1].zeta_out - (tank.portAreas[1] / tank.vesselArea) ^ 2.0) / (tank.heatTransfer.states[1].d * tank.ports_penetration[1]), (-1.0 + tank.portsData[1].zeta_in + (tank.portAreas[1] / tank.vesselArea) ^ 2.0) * tank.ports_penetration[1] / tank.portInDensities[1], false, 1.0)), tank.vessel_ps_static[1]) else if tank.inFlow[1] then tank.ports[1].p - tank.vessel_ps_static[1] else -pump.m_flow   [unknown |0|0|0|0|]
21/21 (1): tank.ports_penetration[1] = smooth(1, if noEvent(tank.level + (-0.1) * tank.portsData[1].diameter - tank.portsData[1].height > 0.1 * tank.portsData[1].diameter) then 1.0 else if noEvent(tank.level + (-0.1) * tank.portsData[1].diameter - tank.portsData[1].height < (-0.1) * tank.portsData[1].diameter) then 0.001 else if noEvent(0.1 * tank.portsData[1].diameter > 0.0) then 0.25 * (tank.level + (-0.1) * tank.portsData[1].diameter - tank.portsData[1].height) * (-3.0 + 100.0 * ((tank.level + (-0.1) * tank.portsData[1].diameter - tank.portsData[1].height) / tank.portsData[1].diameter) ^ 2.0) * (-9.99) / tank.portsData[1].diameter + 0.5004999999999999 else 0.5004999999999999)   [dynamic |0|0|0|0|]
22/22 (1): tank.portInDensities[1] = Modelica.Media.Water.IF97_Utilities.waterBaseProp_ph(tank.vessel_ps_static[1], tank.medium.h, 0, 0).rho   [dynamic |0|0|0|0|]
23/23 (1): tank.vessel_ps_static[2] = max(0.0, tank.level - tank.portsData[2].height) * system.g * tank.heatTransfer.states[1].d + tank.p_ambient   [dynamic |0|0|0|0|]
24/24 (1): tank.vessel_ps_static[1] = max(0.0, tank.level - tank.portsData[1].height) * system.g * tank.heatTransfer.states[1].d + tank.p_ambient   [dynamic |0|0|0|0|]
25/25 (1): tank.V = tank.crossArea * tank.level   [dynamic |0|0|0|0|]
26/26 (1): tank.medium.u = tank.medium.h - tank.p_ambient / tank.heatTransfer.states[1].d   [dynamic |0|0|0|0|]
27/27 (1): tank.heatTransfer.states[1].d = Modelica.Media.Water.IF97_Utilities.waterBaseProp_ph(tank.p_ambient, tank.medium.h, tank.heatTransfer.states[1].phase, 0).rho   [dynamic |0|0|0|0|]

Adjacency Matrix Enhanced (row == equation)
====================================
number of rows: 27
1:(-13,solved) 
2:(-24,solved) (-29,constone) (-15,constone) 
3:(-25,solved) (-29,unsolvable) (-26,unsolvable) 
4:(-22,solved) (-9,variable(true)) (-25,nonlinear) (-24,nonlinear) 
5:(-9,solved) (-13,solved) 
6:(-10,solved) (-22,variable(true)) (-27,variable(true)) (-26,variable(true)) 
7:(-12,solved) (-7,variable(true)) (-23,variable(true)) (-8,nonlinear) 
8:(-8,solved) 
9:(-23,solved) (-11,param(true)) 
10:(-11,solved) (-22,variable(true)) (-21,nonlinear) 
11:(-29,constone) 
12:(-10,solved) (-12,param(true)) 
13:(-7,solved) (-29,constone) (-14,constone) 
14:(-21,solved) (-29,unsolvable) (-26,unsolvable) 
15:(-3,solved) (-4,variable(true)) (-2,variable(true)) 
16:(-4,solved) (-1,variable(true)) (-16,variable(true)) 
17:(-15,unsolvable) (-20,unsolvable) (-6,unsolvable) (-18,unsolvable) (-22,unsolvable) (-16,unsolvable) 
18:(-6,solved) (-28,unsolvable) 
19:(-18,solved) (-20,unsolvable) (-26,unsolvable) 
20:(-14,unsolvable) (-19,unsolvable) (-5,unsolvable) (-17,unsolvable) (-22,unsolvable) (-16,unsolvable) 
21:(-5,solved) (-28,unsolvable) 
22:(-17,solved) (-19,unsolvable) (-27,unsolvable) 
23:(-20,solved) (-28,nonlinear) (-16,variable(true)) 
24:(-19,solved) (-28,nonlinear) (-16,variable(true)) 
25:(-1,solved) (-28,param(true)) 
26:(-2,solved) (-27,constone) (-16,nonlinear) 
27:(-16,solved) (-27,unsolvable) 

Transpose Adjacency Matrix Enhanced (row == var)
=====================================
number of rows: 29
1:(-25,solved) (-16,variable(true)) 
2:(-26,solved) (-15,variable(true)) 
3:(-15,solved) 
4:(-16,solved) (-15,variable(true)) 
5:(-21,solved) (-20,unsolvable) 
6:(-18,solved) (-17,unsolvable) 
7:(-13,solved) (-7,variable(true)) 
8:(-8,solved) (-7,nonlinear) 
9:(-5,solved) (-4,variable(true)) 
10:(-12,solved) (-6,solved) 
11:(-10,solved) (-9,param(true)) 
12:(-12,param(true)) (-7,solved) 
13:(-5,solved) (-1,solved) 
14:(-20,unsolvable) (-13,constone) 
15:(-17,unsolvable) (-2,constone) 
16:(-27,solved) (-26,nonlinear) (-24,variable(true)) (-23,variable(true)) (-20,unsolvable) (-17,unsolvable) (-16,variable(true)) 
17:(-22,solved) (-20,unsolvable) 
18:(-19,solved) (-17,unsolvable) 
19:(-24,solved) (-22,unsolvable) (-20,unsolvable) 
20:(-23,solved) (-19,unsolvable) (-17,unsolvable) 
21:(-14,solved) (-10,nonlinear) 
22:(-20,unsolvable) (-17,unsolvable) (-10,variable(true)) (-6,variable(true)) (-4,solved) 
23:(-9,solved) (-7,variable(true)) 
24:(-4,nonlinear) (-2,solved) 
25:(-4,nonlinear) (-3,solved) 
26:(-19,unsolvable) (-14,unsolvable) (-6,variable(true)) (-3,unsolvable) 
27:(-27,unsolvable) (-26,constone) (-22,unsolvable) (-6,variable(true)) 
28:(-25,param(true)) (-24,nonlinear) (-23,nonlinear) (-21,unsolvable) (-18,unsolvable) 
29:(-14,unsolvable) (-13,constone) (-11,constone) (-3,unsolvable) (-2,constone) 

Matching
========================================
29 variables and equations
var 1 is solved in eqn 25
var 2 is solved in eqn 26
var 3 is solved in eqn 15
var 4 is solved in eqn 16
var 5 is solved in eqn 21
var 6 is solved in eqn 18
var 7 is solved in eqn 13
var 8 is solved in eqn 8
var 9 is solved in eqn 5
var 10 is solved in eqn 12
var 11 is solved in eqn 10
var 12 is solved in eqn 7
var 13 is solved in eqn 1
var 14 is solved in eqn -1
var 15 is solved in eqn 2
var 16 is solved in eqn 27
var 17 is solved in eqn 22
var 18 is solved in eqn 19
var 19 is solved in eqn 24
var 20 is solved in eqn 23
var 21 is solved in eqn 14
var 22 is solved in eqn 4
var 23 is solved in eqn 9
var 24 is solved in eqn -1
var 25 is solved in eqn 3
var 26 is solved in eqn -1
var 27 is solved in eqn -1
var 28 is solved in eqn -1
var 29 is solved in eqn 11

Matching
========================================
27 variables and equations
var 1 is solved in eqn 13
var 2 is solved in eqn 15
var 3 is solved in eqn 25
var 4 is solved in eqn 22
var 5 is solved in eqn 9
var 6 is solved in eqn -1
var 7 is solved in eqn 12
var 8 is solved in eqn 8
var 9 is solved in eqn 23
var 10 is solved in eqn 11
var 11 is solved in eqn 29
var 12 is solved in eqn 10
var 13 is solved in eqn 7
var 14 is solved in eqn 21
var 15 is solved in eqn 3
var 16 is solved in eqn 4
var 17 is solved in eqn -1
var 18 is solved in eqn 6
var 19 is solved in eqn 18
var 20 is solved in eqn -1
var 21 is solved in eqn 5
var 22 is solved in eqn 17
var 23 is solved in eqn 20
var 24 is solved in eqn 19
var 25 is solved in eqn 1
var 26 is solved in eqn 2
var 27 is solved in eqn 16

Selected dummy states: (24)
========================================
1: pump.medium.p:STATE(1)(min = max(611.657, max(611.657, max(611.657, max(611.657, max(611.657, max(611.657, max(611.657, 0.0))))))) max = min(100000000.0, min(100000000.0, min(100000000.0, min(100000000.0, min(100000000.0, min(100000000.0, 100000000.0)))))) start = pump.p_start unit = "Pa" nominal = 100000.0 stateSelect=StateSelect.prefer )  "Absolute pressure of medium" type: Real 
2: valve.state_a.d:STATE(1)(min = 0.0 max = 100000.0 start = 150.0 unit = "kg/m3" nominal = 500.0 protected = true )  "Density" type: Real 
3: pump.V_flow_single:STATE(1)(start = pump.m_flow_start / (/*Real*/(pump.nParallel) * pump.rho_nominal) unit = "m3/s" )  "Volume flow rate (single pump)" type: Real 
4: pump.m_flow:STATE(1)(min = max(max(-100000.0, max(-(if false then 9.999999999999999e+59 else 0.0), max(-(if false and not false then 9.999999999999999e+59 else 0.0), max(if false then -9.999999999999999e+59 else 0.0, if false then -9.999999999999999e+59 else 0.0)))), max(-100000.0, if false and not false then -9.999999999999999e+59 else 0.0)) max = min(min(100000.0, min(100000.0, min(100000.0, min(100000.0, 100000.0)))), min(100000.0, 100000.0)) start = pump.m_flow_start unit = "kg/s" )  "Mass flow rate (total)" type: Real 
5: pump.rho:STATE(1)(min = max(0.0, max(0.0, max(0.0, max(0.0, 0.0)))) max = min(100000.0, min(100000.0, min(100000.0, min(100000.0, 100000.0)))) start = 150.0 unit = "kg/m3" nominal = 500.0 )  type: Real 
6: tank.vessel_ps_static[2]:STATE(1)(min = 611.657 max = 100000000.0 start = 5000000.0 unit = "Pa" nominal = 1000000.0 )  "static pressures inside the vessel at the height of the corresponding ports, zero flow velocity" type: Real  [2]
7: tank.vessel_ps_static[1]:STATE(1)(min = 611.657 max = 100000000.0 start = 5000000.0 unit = "Pa" nominal = 1000000.0 )  "static pressures inside the vessel at the height of the corresponding ports, zero flow velocity" type: Real  [2]
8: tank.portInDensities[2]:STATE(1)(min = 0.0 max = 100000.0 start = 150.0 unit = "kg/m3" nominal = 500.0 )  "densities of the fluid at the device boundary" type: Real  [2]
9: tank.portInDensities[1]:STATE(1)(min = 0.0 max = 100000.0 start = 150.0 unit = "kg/m3" nominal = 500.0 )  "densities of the fluid at the device boundary" type: Real  [2]
10: tank.heatTransfer.states[1].d:STATE(1)(min = max(0.0, max(0.0, 0.0)) max = min(100000.0, min(100000.0, 100000.0)) start = 150.0 unit = "kg/m3" nominal = 500.0 )  "Density" type: Real  [1]
11: tank.ports[2].p:STATE(1)(flow=false min = max(611.657, max(611.657, 611.657)) max = min(100000000.0, min(100000000.0, 100000000.0)) start = 110000.0 unit = "Pa" nominal = 1000000.0 )  "Thermodynamic pressure in the connection point" type: Real  [2]
12: handle.y:STATE(1)(min = 0.0 max = 1.0 )  "Connector of Real output signal" type: Real 
13: pump.W_single:STATE(1)(unit = "W" )  "Power Consumption (single pump)" type: Real 
14: pump.V_flow:STATE(1)(unit = "m3/s" )  "Volume flow rate (total)" type: Real 
15: pump.Hb_flow:STATE(1)(unit = "W" )  "Enthalpy flow across boundaries or energy source/sink" type: Real 
16: valve.relativeFlowCoefficient:STATE(1)(protected = true )  type: Real 
17: pump.eta:STATE(1)()  "Global Efficiency" type: Real 
18: pump.dp_pump:STATE(1)(unit = "Pa" )  "Pressure change" type: Real 
19: tank.ports_penetration[2]:STATE(1)()  "penetration of port with fluid, depending on fluid level and port diameter" type: Real  [2]
20: tank.ports_penetration[1]:STATE(1)()  "penetration of port with fluid, depending on fluid level and port diameter" type: Real  [2]
21: tank.m:STATE(1)(min = 0.0 unit = "kg" )  "Mass of fluid" type: Real 
22: tank.U:STATE(1)(unit = "J" )  "Internal energy of fluid" type: Real 
23: tank.medium.u:STATE(1)(min = -100000000.0 max = 100000000.0 unit = "J/kg" nominal = 1000000.0 )  "Specific internal energy of medium" type: Real 
24: tank.V:STATE(1)(unit = "m3" stateSelect=StateSelect.never )  "Actual tank volume" type: Real 

No perfect matching possible, dynamic index reduction needed.

Unassigned equations: (3)
========================================
1/1 (1): 0.0 = if tank.regularFlow[1] then tank.ports[1].p - homotopy(tank.vessel_ps_static[1] + 0.5 * tank.portAreas[1] ^ (-2.0) * smooth(2, if noEvent((-pump.m_flow) >= tank.m_flow_small) then (-1.0 + tank.portsData[1].zeta_in + (tank.portAreas[1] / tank.vesselArea) ^ 2.0) * tank.ports_penetration[1] / tank.portInDensities[1] * pump.m_flow ^ 2.0 else if noEvent((-pump.m_flow) <= (-tank.m_flow_small)) then pump.m_flow ^ 2.0 * (-1.0 + (tank.portAreas[1] / tank.vesselArea) ^ 2.0 - tank.portsData[1].zeta_out) / (tank.heatTransfer.states[1].d * tank.ports_penetration[1]) else if noEvent((-1.0 + tank.portsData[1].zeta_in + (tank.portAreas[1] / tank.vesselArea) ^ 2.0) * tank.ports_penetration[1] / tank.portInDensities[1] >= (1.0 + tank.portsData[1].zeta_out - (tank.portAreas[1] / tank.vesselArea) ^ 2.0) / (tank.heatTransfer.states[1].d * tank.ports_penetration[1])) then Modelica.Fluid.Utilities.regSquare2.regSquare2_utility(-pump.m_flow, tank.m_flow_small, (-1.0 + tank.portsData[1].zeta_in + (tank.portAreas[1] / tank.vesselArea) ^ 2.0) * tank.ports_penetration[1] / tank.portInDensities[1], (1.0 + tank.portsData[1].zeta_out - (tank.portAreas[1] / tank.vesselArea) ^ 2.0) / (tank.heatTransfer.states[1].d * tank.ports_penetration[1]), false, 1.0) else -Modelica.Fluid.Utilities.regSquare2.regSquare2_utility(pump.m_flow, tank.m_flow_small, (1.0 + tank.portsData[1].zeta_out - (tank.portAreas[1] / tank.vesselArea) ^ 2.0) / (tank.heatTransfer.states[1].d * tank.ports_penetration[1]), (-1.0 + tank.portsData[1].zeta_in + (tank.portAreas[1] / tank.vesselArea) ^ 2.0) * tank.ports_penetration[1] / tank.portInDensities[1], false, 1.0)), tank.vessel_ps_static[1]) else if tank.inFlow[1] then tank.ports[1].p - tank.vessel_ps_static[1] else -pump.m_flow   [unknown |0|0|0|0|]
2/2 (1): 0.0 = if tank.regularFlow[2] then tank.ports[2].p - homotopy(tank.vessel_ps_static[2] + 0.5 * tank.portAreas[2] ^ (-2.0) * smooth(2, if noEvent(pump.m_flow >= tank.m_flow_small) then (-1.0 + tank.portsData[2].zeta_in + (tank.portAreas[2] / tank.vesselArea) ^ 2.0) * tank.ports_penetration[2] / tank.portInDensities[2] * pump.m_flow ^ 2.0 else if noEvent(pump.m_flow <= (-tank.m_flow_small)) then pump.m_flow ^ 2.0 * (-1.0 + (tank.portAreas[2] / tank.vesselArea) ^ 2.0 - tank.portsData[2].zeta_out) / (tank.heatTransfer.states[1].d * tank.ports_penetration[2]) else if noEvent((-1.0 + tank.portsData[2].zeta_in + (tank.portAreas[2] / tank.vesselArea) ^ 2.0) * tank.ports_penetration[2] / tank.portInDensities[2] >= (1.0 + tank.portsData[2].zeta_out - (tank.portAreas[2] / tank.vesselArea) ^ 2.0) / (tank.heatTransfer.states[1].d * tank.ports_penetration[2])) then Modelica.Fluid.Utilities.regSquare2.regSquare2_utility(pump.m_flow, tank.m_flow_small, (-1.0 + tank.portsData[2].zeta_in + (tank.portAreas[2] / tank.vesselArea) ^ 2.0) * tank.ports_penetration[2] / tank.portInDensities[2], (1.0 + tank.portsData[2].zeta_out - (tank.portAreas[2] / tank.vesselArea) ^ 2.0) / (tank.heatTransfer.states[1].d * tank.ports_penetration[2]), false, 1.0) else -Modelica.Fluid.Utilities.regSquare2.regSquare2_utility(-pump.m_flow, tank.m_flow_small, (1.0 + tank.portsData[2].zeta_out - (tank.portAreas[2] / tank.vesselArea) ^ 2.0) / (tank.heatTransfer.states[1].d * tank.ports_penetration[2]), (-1.0 + tank.portsData[2].zeta_in + (tank.portAreas[2] / tank.vesselArea) ^ 2.0) * tank.ports_penetration[2] / tank.portInDensities[2], false, 1.0)), tank.vessel_ps_static[2]) else if tank.inFlow[2] then tank.ports[2].p - tank.vessel_ps_static[2] else pump.m_flow   [unknown |0|0|0|0|]
3/3 (1): pump.Hb_flow = pump.m_flow * (smooth(0, tank.medium.h) - smooth(0, pump.medium.h))   [dynamic |0|0|0|0|]


Select 2 from 5 States
21 tank.ports[1].p
20 tank.level
19 tank.medium.h
18 valve.dp
17 pump.medium.h
Select as dummyStates(2):
16 tank.ports_penetration[1]
15 tank.portInDensities[1]
14 tank.vessel_ps_static[1]
13 tank.ports_penetration[2]
12 tank.ports[2].p
11 tank.portInDensities[2]
10 tank.vessel_ps_static[2]
9 tank.heatTransfer.states[1].d
8 pump.Hb_flow
7 pump.W_single
6 pump.dp_pump
5 pump.V_flow_single
4 pump.V_flow
3 pump.rho
2 pump.m_flow
1 valve.state_a.d

Generated StateSets:
========================================
StateSet "$STATESET1" (rang 2)

state candidates (5)
========================================
1: tank.ports[1].p:DUMMY_STATE(flow=false min = max(611.657, max(611.657, 611.657)) max = min(100000000.0, min(100000000.0, 100000000.0)) start = pump.p_a_start unit = "Pa" nominal = 1000000.0 )  "Thermodynamic pressure in the connection point" type: Real  [2]
2: tank.level:DUMMY_STATE(min = max(0.0, 0.0) start = tank.level_start_eps unit = "m" stateSelect=StateSelect.prefer )  "Level height of tank" type: Real 
3: tank.medium.h:DUMMY_STATE(min = max(-10000000000.0, max(-10000000000.0, max(-10000000000.0, max(-10000000000.0, max(-10000000000.0, max(-10000000000.0, -10000000000.0)))))) max = min(10000000000.0, min(10000000000.0, min(10000000000.0, min(10000000000.0, min(10000000000.0, min(10000000000.0, 10000000000.0)))))) start = tank.h_start unit = "J/kg" nominal = 500000.0 stateSelect=StateSelect.prefer )  "Specific enthalpy of medium" type: Real 
4: valve.dp:DUMMY_STATE(start = valve.dp_start unit = "Pa" )  "Pressure difference between port_a and port_b (= port_a.p - port_b.p)" type: Real 
5: pump.medium.h:DUMMY_STATE(min = max(-10000000000.0, max(-10000000000.0, max(-10000000000.0, max(-10000000000.0, max(-10000000000.0, max(-10000000000.0, -10000000000.0)))))) max = min(10000000000.0, min(10000000000.0, min(10000000000.0, min(10000000000.0, min(10000000000.0, min(10000000000.0, 10000000000.0)))))) start = pump.h_start unit = "J/kg" nominal = 500000.0 stateSelect=StateSelect.prefer )  "Specific enthalpy of medium" type: Real 


eqns (3)
========================================
1/1 (1): pump.Hb_flow = pump.m_flow * (smooth(0, tank.medium.h) - smooth(0, pump.medium.h))   [dynamic |0|0|0|0|]
2/2 (1): 0.0 = if tank.regularFlow[2] then tank.ports[2].p - homotopy(tank.vessel_ps_static[2] + 0.5 * tank.portAreas[2] ^ (-2.0) * smooth(2, if noEvent(pump.m_flow >= tank.m_flow_small) then (-1.0 + tank.portsData[2].zeta_in + (tank.portAreas[2] / tank.vesselArea) ^ 2.0) * tank.ports_penetration[2] / tank.portInDensities[2] * pump.m_flow ^ 2.0 else if noEvent(pump.m_flow <= (-tank.m_flow_small)) then pump.m_flow ^ 2.0 * (-1.0 + (tank.portAreas[2] / tank.vesselArea) ^ 2.0 - tank.portsData[2].zeta_out) / (tank.heatTransfer.states[1].d * tank.ports_penetration[2]) else if noEvent((-1.0 + tank.portsData[2].zeta_in + (tank.portAreas[2] / tank.vesselArea) ^ 2.0) * tank.ports_penetration[2] / tank.portInDensities[2] >= (1.0 + tank.portsData[2].zeta_out - (tank.portAreas[2] / tank.vesselArea) ^ 2.0) / (tank.heatTransfer.states[1].d * tank.ports_penetration[2])) then Modelica.Fluid.Utilities.regSquare2.regSquare2_utility(pump.m_flow, tank.m_flow_small, (-1.0 + tank.portsData[2].zeta_in + (tank.portAreas[2] / tank.vesselArea) ^ 2.0) * tank.ports_penetration[2] / tank.portInDensities[2], (1.0 + tank.portsData[2].zeta_out - (tank.portAreas[2] / tank.vesselArea) ^ 2.0) / (tank.heatTransfer.states[1].d * tank.ports_penetration[2]), false, 1.0) else -Modelica.Fluid.Utilities.regSquare2.regSquare2_utility(-pump.m_flow, tank.m_flow_small, (1.0 + tank.portsData[2].zeta_out - (tank.portAreas[2] / tank.vesselArea) ^ 2.0) / (tank.heatTransfer.states[1].d * tank.ports_penetration[2]), (-1.0 + tank.portsData[2].zeta_in + (tank.portAreas[2] / tank.vesselArea) ^ 2.0) * tank.ports_penetration[2] / tank.portInDensities[2], false, 1.0)), tank.vessel_ps_static[2]) else if tank.inFlow[2] then tank.ports[2].p - tank.vessel_ps_static[2] else pump.m_flow   [unknown |0|0|0|0|]
3/3 (1): 0.0 = if tank.regularFlow[1] then tank.ports[1].p - homotopy(tank.vessel_ps_static[1] + 0.5 * tank.portAreas[1] ^ (-2.0) * smooth(2, if noEvent((-pump.m_flow) >= tank.m_flow_small) then (-1.0 + tank.portsData[1].zeta_in + (tank.portAreas[1] / tank.vesselArea) ^ 2.0) * tank.ports_penetration[1] / tank.portInDensities[1] * pump.m_flow ^ 2.0 else if noEvent((-pump.m_flow) <= (-tank.m_flow_small)) then pump.m_flow ^ 2.0 * (-1.0 + (tank.portAreas[1] / tank.vesselArea) ^ 2.0 - tank.portsData[1].zeta_out) / (tank.heatTransfer.states[1].d * tank.ports_penetration[1]) else if noEvent((-1.0 + tank.portsData[1].zeta_in + (tank.portAreas[1] / tank.vesselArea) ^ 2.0) * tank.ports_penetration[1] / tank.portInDensities[1] >= (1.0 + tank.portsData[1].zeta_out - (tank.portAreas[1] / tank.vesselArea) ^ 2.0) / (tank.heatTransfer.states[1].d * tank.ports_penetration[1])) then Modelica.Fluid.Utilities.regSquare2.regSquare2_utility(-pump.m_flow, tank.m_flow_small, (-1.0 + tank.portsData[1].zeta_in + (tank.portAreas[1] / tank.vesselArea) ^ 2.0) * tank.ports_penetration[1] / tank.portInDensities[1], (1.0 + tank.portsData[1].zeta_out - (tank.portAreas[1] / tank.vesselArea) ^ 2.0) / (tank.heatTransfer.states[1].d * tank.ports_penetration[1]), false, 1.0) else -Modelica.Fluid.Utilities.regSquare2.regSquare2_utility(pump.m_flow, tank.m_flow_small, (1.0 + tank.portsData[1].zeta_out - (tank.portAreas[1] / tank.vesselArea) ^ 2.0) / (tank.heatTransfer.states[1].d * tank.ports_penetration[1]), (-1.0 + tank.portsData[1].zeta_in + (tank.portAreas[1] / tank.vesselArea) ^ 2.0) * tank.ports_penetration[1] / tank.portInDensities[1], false, 1.0)), tank.vessel_ps_static[1]) else if tank.inFlow[1] then tank.ports[1].p - tank.vessel_ps_static[1] else -pump.m_flow   [unknown |0|0|0|0|]


ovars (16)
========================================
1: tank.ports_penetration[1]:DUMMY_STATE()  "penetration of port with fluid, depending on fluid level and port diameter" type: Real  [2]
2: tank.portInDensities[1]:DUMMY_STATE(min = 0.0 max = 100000.0 start = 150.0 unit = "kg/m3" nominal = 500.0 )  "densities of the fluid at the device boundary" type: Real  [2]
3: tank.vessel_ps_static[1]:DUMMY_STATE(min = 611.657 max = 100000000.0 start = 5000000.0 unit = "Pa" nominal = 1000000.0 )  "static pressures inside the vessel at the height of the corresponding ports, zero flow velocity" type: Real  [2]
4: tank.ports_penetration[2]:DUMMY_STATE()  "penetration of port with fluid, depending on fluid level and port diameter" type: Real  [2]
5: tank.ports[2].p:DUMMY_STATE(flow=false min = max(611.657, max(611.657, 611.657)) max = min(100000000.0, min(100000000.0, 100000000.0)) start = 110000.0 unit = "Pa" nominal = 1000000.0 )  "Thermodynamic pressure in the connection point" type: Real  [2]
6: tank.portInDensities[2]:DUMMY_STATE(min = 0.0 max = 100000.0 start = 150.0 unit = "kg/m3" nominal = 500.0 )  "densities of the fluid at the device boundary" type: Real  [2]
7: tank.vessel_ps_static[2]:DUMMY_STATE(min = 611.657 max = 100000000.0 start = 5000000.0 unit = "Pa" nominal = 1000000.0 )  "static pressures inside the vessel at the height of the corresponding ports, zero flow velocity" type: Real  [2]
8: tank.heatTransfer.states[1].d:DUMMY_STATE(min = max(0.0, max(0.0, 0.0)) max = min(100000.0, min(100000.0, 100000.0)) start = 150.0 unit = "kg/m3" nominal = 500.0 )  "Density" type: Real  [1]
9: pump.Hb_flow:DUMMY_STATE(unit = "W" )  "Enthalpy flow across boundaries or energy source/sink" type: Real 
10: pump.W_single:DUMMY_STATE(unit = "W" )  "Power Consumption (single pump)" type: Real 
11: pump.dp_pump:DUMMY_STATE(unit = "Pa" )  "Pressure change" type: Real 
12: pump.V_flow_single:DUMMY_STATE(start = pump.m_flow_start / (/*Real*/(pump.nParallel) * pump.rho_nominal) unit = "m3/s" )  "Volume flow rate (single pump)" type: Real 
13: pump.V_flow:DUMMY_STATE(unit = "m3/s" )  "Volume flow rate (total)" type: Real 
14: pump.rho:DUMMY_STATE(min = max(0.0, max(0.0, max(0.0, max(0.0, 0.0)))) max = min(100000.0, min(100000.0, min(100000.0, min(100000.0, 100000.0)))) start = 150.0 unit = "kg/m3" nominal = 500.0 )  type: Real 
15: pump.m_flow:DUMMY_STATE(min = max(max(-100000.0, max(-(if false then 9.999999999999999e+59 else 0.0), max(-(if false and not false then 9.999999999999999e+59 else 0.0), max(if false then -9.999999999999999e+59 else 0.0, if false then -9.999999999999999e+59 else 0.0)))), max(-100000.0, if false and not false then -9.999999999999999e+59 else 0.0)) max = min(min(100000.0, min(100000.0, min(100000.0, min(100000.0, 100000.0)))), min(100000.0, 100000.0)) start = pump.m_flow_start unit = "kg/s" )  "Mass flow rate (total)" type: Real 
16: valve.state_a.d:DUMMY_STATE(min = 0.0 max = 100000.0 start = 150.0 unit = "kg/m3" nominal = 500.0 protected = true )  "Density" type: Real 


oeqns (16)
========================================
1/1 (1): tank.ports_penetration[1] = smooth(1, if noEvent(tank.level + (-0.1) * tank.portsData[1].diameter - tank.portsData[1].height > 0.1 * tank.portsData[1].diameter) then 1.0 else if noEvent(tank.level + (-0.1) * tank.portsData[1].diameter - tank.portsData[1].height < (-0.1) * tank.portsData[1].diameter) then 0.001 else if noEvent(0.1 * tank.portsData[1].diameter > 0.0) then 0.25 * (tank.level + (-0.1) * tank.portsData[1].diameter - tank.portsData[1].height) * (-3.0 + 100.0 * ((tank.level + (-0.1) * tank.portsData[1].diameter - tank.portsData[1].height) / tank.portsData[1].diameter) ^ 2.0) * (-9.99) / tank.portsData[1].diameter + 0.5004999999999999 else 0.5004999999999999)   [dynamic |0|0|0|0|]
2/2 (1): tank.portInDensities[1] = Modelica.Media.Water.IF97_Utilities.waterBaseProp_ph(tank.vessel_ps_static[1], tank.medium.h, 0, 0).rho   [dynamic |0|0|0|0|]
3/3 (1): tank.vessel_ps_static[1] = max(0.0, tank.level - tank.portsData[1].height) * system.g * tank.heatTransfer.states[1].d + tank.p_ambient   [dynamic |0|0|0|0|]
4/4 (1): tank.ports_penetration[2] = smooth(1, if noEvent(tank.level + (-0.1) * tank.portsData[2].diameter - tank.portsData[2].height > 0.1 * tank.portsData[2].diameter) then 1.0 else if noEvent(tank.level + (-0.1) * tank.portsData[2].diameter - tank.portsData[2].height < (-0.1) * tank.portsData[2].diameter) then 0.001 else if noEvent(0.1 * tank.portsData[2].diameter > 0.0) then 0.25 * (tank.level + (-0.1) * tank.portsData[2].diameter - tank.portsData[2].height) * (-3.0 + 100.0 * ((tank.level + (-0.1) * tank.portsData[2].diameter - tank.portsData[2].height) / tank.portsData[2].diameter) ^ 2.0) * (-9.99) / tank.portsData[2].diameter + 0.5004999999999999 else 0.5004999999999999)   [dynamic |0|0|0|0|]
5/5 (1): valve.dp = pump.medium.p - tank.ports[2].p   [dynamic |0|0|0|0|]
6/6 (1): tank.portInDensities[2] = Modelica.Media.Water.IF97_Utilities.waterBaseProp_ph(tank.vessel_ps_static[2], pump.medium.h, 0, 0).rho   [dynamic |0|0|0|0|]
7/7 (1): tank.vessel_ps_static[2] = max(0.0, tank.level - tank.portsData[2].height) * system.g * tank.heatTransfer.states[1].d + tank.p_ambient   [dynamic |0|0|0|0|]
8/8 (1): tank.heatTransfer.states[1].d = Modelica.Media.Water.IF97_Utilities.waterBaseProp_ph(tank.p_ambient, tank.medium.h, tank.heatTransfer.states[1].phase, 0).rho   [dynamic |0|0|0|0|]
9/9 (1): -pump.Hb_flow = pump.W_single * /*Real*/(pump.nParallel)   [binding |0|0|0|0|]
10/10 (1): pump.W_single = homotopy(pump.dp_pump * pump.V_flow_single / pump.eta, pump.dp_pump * pump.m_flow_start / (/*Real*/(pump.nParallel) * pump.rho_nominal * pump.eta))   [dynamic |0|0|0|0|]
11/11 (1): pump.dp_pump = pump.medium.p - tank.ports[1].p   [binding |0|0|0|0|]
12/12 (1): pump.V_flow_single = pump.V_flow / /*Real*/(pump.nParallel)   [dynamic |0|0|0|0|]
13/13 (1): pump.V_flow = homotopy(pump.m_flow / pump.rho, pump.m_flow / pump.rho_nominal)   [dynamic |0|0|0|0|]
14/14 (1): pump.rho = Modelica.Media.Water.IF97_Utilities.waterBaseProp_ph(pump.medium.p, pump.medium.h, pump.heatTransfer.states[1].phase, 0).rho   [dynamic |0|0|0|0|]
15/15 (1): pump.m_flow = homotopy(valve.relativeFlowCoefficient * valve.Av * sqrt(valve.state_a.d) * valve.dp / (valve.dp ^ 2.0 + valve.dp_small ^ 2.0) ^ 0.25, valve.relativeFlowCoefficient * valve.m_flow_nominal * valve.dp / valve.dp_nominal)   [dynamic |0|0|0|0|]
16/16 (1): valve.state_a.d = Modelica.Media.Water.IF97_Utilities.waterBaseProp_ph(pump.medium.p, pump.medium.h, 0, 0).rho   [dynamic |0|0|0|0|]


varA (10)
========================================
1: $STATESET1.A[1,1]:VARIABLE(start = 1 fixed = true )  type: Integer  [2,5]
2: $STATESET1.A[1,2]:VARIABLE(start = 0 fixed = true )  type: Integer  [2,5]
3: $STATESET1.A[1,3]:VARIABLE(start = 0 fixed = true )  type: Integer  [2,5]
4: $STATESET1.A[1,4]:VARIABLE(start = 0 fixed = true )  type: Integer  [2,5]
5: $STATESET1.A[1,5]:VARIABLE(start = 0 fixed = true )  type: Integer  [2,5]
6: $STATESET1.A[2,1]:VARIABLE(start = 0 fixed = true )  type: Integer  [2,5]
7: $STATESET1.A[2,2]:VARIABLE(start = 1 fixed = true )  type: Integer  [2,5]
8: $STATESET1.A[2,3]:VARIABLE(start = 0 fixed = true )  type: Integer  [2,5]
9: $STATESET1.A[2,4]:VARIABLE(start = 0 fixed = true )  type: Integer  [2,5]
10: $STATESET1.A[2,5]:VARIABLE(start = 0 fixed = true )  type: Integer  [2,5]


varJ (3)
========================================
1: $STATESET1.J[1]:VARIABLE(fixed = false )  type: Real  [3]
2: $STATESET1.J[2]:VARIABLE(fixed = false )  type: Real  [3]
3: $STATESET1.J[3]:VARIABLE(fixed = false )  type: Real  [3]


unmatched equations: 4

Index Reduction neccessary!
MSS subsets:
 4, 30, 24, 23, 25, 12, 26, 13

unmatched equations: 57

Index Reduction neccessary!
MSS subsets:
 57, 114, 58, 59, 60, 61, 62, 63, 64, 65, 66, 67, 68, 69, 70, 71, 72, 73, 3, 16, 33, 55, 7, 94, 95, 96, 97, 98, 99, 100, 101, 102, 103, 104, 105, 106, 107, 108, 109, 110, 17, 18, 19, 20, 21, 22, 23, 24, 25, 26, 27, 28, 29, 30, 31, 32, 52, 74
