This file contains any messages produced by compilers while
running configure, to aid debugging if configure makes a mistake.

It was created by OpenModelica configure dev, which was
generated by GNU Autoconf 2.69.  Invocation command line was

  $ ./configure --prefix=/opt/local --disable-python-interface --disable-modelica3d --with-lapack=-llapack -lblas --without-omc --without-omlibrary OMPCC=/opt/local/bin/gcc-mp-5 -fopenmp -mno-avx GNUCXX=/opt/local/bin/g++-mp-5 --with-omniORB=/opt/local

## --------- ##
## Platform. ##
## --------- ##

hostname = MacBook-Pro-Artem.local
uname -m = x86_64
uname -r = 15.6.0
uname -s = Darwin
uname -v = Darwin Kernel Version 15.6.0: Thu Jun 23 18:25:34 PDT 2016; root:xnu-3248.60.10~1/RELEASE_X86_64

/usr/bin/uname -p = i386
/bin/uname -X     = unknown

/bin/arch              = unknown
/usr/bin/arch -k       = unknown
/usr/convex/getsysinfo = unknown
/usr/bin/hostinfo      = Mach kernel version:
	 Darwin Kernel Version 15.6.0: Thu Jun 23 18:25:34 PDT 2016; root:xnu-3248.60.10~1/RELEASE_X86_64
Kernel configured for up to 4 processors.
2 processors are physically available.
4 processors are logically available.
Processor type: x86_64h (Intel x86-64h Haswell)
Processors active: 0 1 2 3
Primary memory available: 8.00 gigabytes
Default processor set: 242 tasks, 973 threads, 4 processors
Load average: 2.37, Mach factor: 1.61
/bin/machine           = unknown
/usr/bin/oslevel       = unknown
/bin/universe          = unknown

PATH: /opt/local/libexec/qt4/bin
PATH: /opt/local/bin
PATH: /opt/local/sbin
PATH: /bin
PATH: /sbin
PATH: /usr/bin
PATH: /usr/sbin


## ----------- ##
## Core tests. ##
## ----------- ##

configure:1847: checking for gcc
configure:1874: result: /usr/bin/clang
configure:2103: checking for C compiler version
configure:2112: /usr/bin/clang --version >&5
Apple LLVM version 8.0.0 (clang-800.0.38)
Target: x86_64-apple-darwin15.6.0
Thread model: posix
InstalledDir: /Applications/Xcode.app/Contents/Developer/Toolchains/XcodeDefault.xctoolchain/usr/bin
configure:2123: $? = 0
configure:2112: /usr/bin/clang -v >&5
Apple LLVM version 8.0.0 (clang-800.0.38)
Target: x86_64-apple-darwin15.6.0
Thread model: posix
InstalledDir: /Applications/Xcode.app/Contents/Developer/Toolchains/XcodeDefault.xctoolchain/usr/bin
configure:2123: $? = 0
configure:2112: /usr/bin/clang -V >&5
clang: error: argument to '-V' is missing (expected 1 value)
clang: error: no input files
configure:2123: $? = 1
configure:2112: /usr/bin/clang -qversion >&5
clang: error: unknown argument: '-qversion'
clang: error: no input files
configure:2123: $? = 1
configure:2143: checking whether the C compiler works
configure:2165: /usr/bin/clang -pipe -Os -arch x86_64 -I/opt/local/include -L/opt/local/lib -Wl,-headerpad_max_install_names -arch x86_64 conftest.c  >&5
configure:2169: $? = 0
configure:2217: result: yes
configure:2220: checking for C compiler default output file name
configure:2222: result: a.out
configure:2228: checking for suffix of executables
configure:2235: /usr/bin/clang -o conftest -pipe -Os -arch x86_64 -I/opt/local/include -L/opt/local/lib -Wl,-headerpad_max_install_names -arch x86_64 conftest.c  >&5
configure:2239: $? = 0
configure:2261: result: 
configure:2283: checking whether we are cross compiling
configure:2291: /usr/bin/clang -o conftest -pipe -Os -arch x86_64 -I/opt/local/include -L/opt/local/lib -Wl,-headerpad_max_install_names -arch x86_64 conftest.c  >&5
configure:2295: $? = 0
configure:2302: ./conftest
configure:2306: $? = 0
configure:2321: result: no
configure:2326: checking for suffix of object files
configure:2348: /usr/bin/clang -c -pipe -Os -arch x86_64 -I/opt/local/include conftest.c >&5
configure:2352: $? = 0
configure:2373: result: o
configure:2377: checking whether we are using the GNU C compiler
configure:2396: /usr/bin/clang -c -pipe -Os -arch x86_64 -I/opt/local/include conftest.c >&5
configure:2396: $? = 0
configure:2405: result: yes
configure:2414: checking whether /usr/bin/clang accepts -g
configure:2434: /usr/bin/clang -c -g -I/opt/local/include conftest.c >&5
configure:2434: $? = 0
configure:2475: result: yes
configure:2492: checking for /usr/bin/clang option to accept ISO C89
configure:2555: /usr/bin/clang  -c -pipe -Os -arch x86_64 -I/opt/local/include conftest.c >&5
configure:2555: $? = 0
configure:2568: result: none needed
configure:2659: checking build system type
configure:2673: result: x86_64-apple-darwin15.6.0
configure:2693: checking host system type
configure:2706: result: x86_64-apple-darwin15.6.0
configure:2726: checking target system type
configure:2739: result: x86_64-apple-darwin15.6.0
configure:2822: checking if cppruntime is requested
configure:2830: result: no
configure:2844: checking for omlibrary target
configure:2854: result: none
configure:2879: checking if the user wants Modelica3D
configure:2888: result: no
configure:3024: checking for /opt/local/bin/omniidl
configure:3055: result: /opt/local/bin/omniidl
configure:3082: checking for CORBA
configure:3084: result: omniorb
configure:3095: "Subproject OMOptim does not exist"
configure:3272: creating ./config.status

## ---------------------- ##
## Running config.status. ##
## ---------------------- ##

This file was extended by OpenModelica config.status dev, which was
generated by GNU Autoconf 2.69.  Invocation command line was

  CONFIG_FILES    = 
  CONFIG_HEADERS  = 
  CONFIG_LINKS    = 
  CONFIG_COMMANDS = 
  $ ./config.status 

on MacBook-Pro-Artem.local

config.status:753: creating Makefile
configure:4344: === configuring in OMCompiler (/opt/local/var/macports/build/_opt_local_var_macports_sources_build.openmodelica.org_macports_lang_openmodelica-devel/openmodelica-devel/work/openmodelica_1.11.0~dev-192-g1d441b1/OMCompiler)
configure:4407: running /bin/sh ./configure --disable-option-checking '--prefix=/opt/local'  '--disable-python-interface' '--disable-modelica3d' '--with-lapack=-llapack -lblas' '--without-omc' '--without-omlibrary' 'OMPCC=/opt/local/bin/gcc-mp-5 -fopenmp -mno-avx' 'GNUCXX=/opt/local/bin/g++-mp-5' '--with-omniORB=/opt/local' 'CC=/usr/bin/clang' 'CFLAGS=-pipe -Os -arch x86_64' 'LDFLAGS=-L/opt/local/lib -Wl,-headerpad_max_install_names -arch x86_64' 'CPPFLAGS=-I/opt/local/include' '--with-ombuilddir=/opt/local/var/macports/build/_opt_local_var_macports_sources_build.openmodelica.org_macports_lang_openmodelica-devel/openmodelica-devel/work/openmodelica_1.11.0~dev-192-g1d441b1/build' --cache-file=/dev/null --srcdir=.
configure:4412: error: ./configure failed for OMCompiler

## ---------------- ##
## Cache variables. ##
## ---------------- ##

ac_cv_build=x86_64-apple-darwin15.6.0
ac_cv_c_compiler_gnu=yes
ac_cv_env_CC_set=set
ac_cv_env_CC_value=/usr/bin/clang
ac_cv_env_CFLAGS_set=set
ac_cv_env_CFLAGS_value='-pipe -Os -arch x86_64'
ac_cv_env_CPPFLAGS_set=set
ac_cv_env_CPPFLAGS_value=-I/opt/local/include
ac_cv_env_LDFLAGS_set=set
ac_cv_env_LDFLAGS_value='-L/opt/local/lib -Wl,-headerpad_max_install_names -arch x86_64'
ac_cv_env_LIBS_set=
ac_cv_env_LIBS_value=
ac_cv_env_build_alias_set=
ac_cv_env_build_alias_value=
ac_cv_env_host_alias_set=
ac_cv_env_host_alias_value=
ac_cv_env_target_alias_set=
ac_cv_env_target_alias_value=
ac_cv_host=x86_64-apple-darwin15.6.0
ac_cv_objext=o
ac_cv_path_IDLPATH=/opt/local/bin/omniidl
ac_cv_prog_ac_ct_CC=/usr/bin/clang
ac_cv_prog_cc_c89=
ac_cv_prog_cc_g=yes
ac_cv_target=x86_64-apple-darwin15.6.0

## ----------------- ##
## Output variables. ##
## ----------------- ##

ALL_TARGETS=' omc omplot omedit omnotebook omshell'
APP='.app'
CC='/usr/bin/clang'
CFLAGS='-pipe -Os -arch x86_64'
CMAKE_LDFLAGS='-Wl,-undefined -Wl,dynamic_lookup'
CORBACFLAGS='-I/opt/local/include'
CORBALIBS=' -lomniORB4 -lomnithread -lpthread'
CORBA_QMAKE_INCLUDES='/opt/local/include'
CPPFLAGS='-I/opt/local/include'
DEFS='-DPACKAGE_NAME=\"OpenModelica\" -DPACKAGE_TARNAME=\"openmodelica\" -DPACKAGE_VERSION=\"dev\" -DPACKAGE_STRING=\"OpenModelica\ dev\" -DPACKAGE_BUGREPORT=\"https://trac.openmodelica.org/OpenModelica\" -DPACKAGE_URL=\"https://openmodelica.org\"'
ECHO_C='\c'
ECHO_N=''
ECHO_T=''
EXEEXT=''
IDLCMD='/opt/local/bin/omniidl -bcxx -Wbh=.h -Wbs=.cc'
IDLPATH='/opt/local/bin/omniidl'
LDFLAGS='-L/opt/local/lib -Wl,-headerpad_max_install_names -arch x86_64'
LIBOBJS=''
LIBS=''
LTLIBOBJS=''
MODELICA3D_TARGET=''
OBJEXT='o'
OMBUILDDIR='/opt/local/var/macports/build/_opt_local_var_macports_sources_build.openmodelica.org_macports_lang_openmodelica-devel/openmodelica-devel/work/openmodelica_1.11.0~dev-192-g1d441b1/build'
OMC_TARGET=''
OMLIBRARY_TARGET=''
OPENMODELICAHOME=''
PACKAGE_BUGREPORT='https://trac.openmodelica.org/OpenModelica'
PACKAGE_NAME='OpenModelica'
PACKAGE_STRING='OpenModelica dev'
PACKAGE_TARNAME='openmodelica'
PACKAGE_URL='https://openmodelica.org'
PACKAGE_VERSION='dev'
PATH_SEPARATOR=':'
QT_USE_CORBA='USE_OMNIORB'
RPATH_QMAKE='-Wl,-rpath,'\''@loader_path/../../../../lib/x86_64-darwin15.6.0/omc'\'',-rpath,'\''@loader_path/../../../../lib/'\'',-rpath,'\''/opt/local/lib/x86_64-darwin15.6.0/omc'\'',-rpath,'\''/opt/local/lib/'\'''
SHELL='/bin/sh'
SHREXT='.dylib'
USE_CORBA='-DUSE_CORBA -DUSE_OMNIORB'
ac_ct_CC='/usr/bin/clang'
bindir='${exec_prefix}/bin'
build='x86_64-apple-darwin15.6.0'
build_alias=''
build_cpu='x86_64'
build_os='darwin15.6.0'
build_vendor='apple'
datadir='${datarootdir}'
datarootdir='${prefix}/share'
docdir='${datarootdir}/doc/${PACKAGE_TARNAME}'
dvidir='${docdir}'
exec_prefix='${prefix}'
host='x86_64-apple-darwin15.6.0'
host_alias=''
host_cpu='x86_64'
host_os='darwin15.6.0'
host_short='x86_64-darwin15.6.0'
host_vendor='apple'
htmldir='${docdir}'
includedir='${prefix}/include'
infodir='${datarootdir}/info'
libdir='${exec_prefix}/lib'
libexecdir='${exec_prefix}/libexec'
localedir='${datarootdir}/locale'
localstatedir='${prefix}/var'
mandir='${datarootdir}/man'
oldincludedir='/usr/include'
pdfdir='${docdir}'
prefix='/opt/local'
program_transform_name='s,x,x,'
psdir='${docdir}'
sbindir='${exec_prefix}/sbin'
sharedstatedir='${prefix}/com'
subdirs=' OMCompiler OMPlot OMEdit OMShell OMNotebook OMOptim'
sysconfdir='${prefix}/etc'
target='x86_64-apple-darwin15.6.0'
target_alias=''
target_cpu='x86_64'
target_os='darwin15.6.0'
target_vendor='apple'

configure: exit 1
